Archive member included to satisfy reference by file (symbol)

/opt/st/stm32cubeide_1.9.0/plugins/com.st.stm32cube.ide.mcu.externaltools.gnu-tools-for-stm32.10.3-2021.10.linux64_1.0.0.202111181127/tools/bin/../lib/gcc/arm-none-eabi/10.3.1/../../../../arm-none-eabi/lib/thumb/v7e-m+dp/hard/libc_nano.a(lib_a-errno.o)
                              ./Core/Src/syscalls.o (__errno)
/opt/st/stm32cubeide_1.9.0/plugins/com.st.stm32cube.ide.mcu.externaltools.gnu-tools-for-stm32.10.3-2021.10.linux64_1.0.0.202111181127/tools/bin/../lib/gcc/arm-none-eabi/10.3.1/../../../../arm-none-eabi/lib/thumb/v7e-m+dp/hard/libc_nano.a(lib_a-exit.o)
                              /opt/st/stm32cubeide_1.9.0/plugins/com.st.stm32cube.ide.mcu.externaltools.gnu-tools-for-stm32.10.3-2021.10.linux64_1.0.0.202111181127/tools/bin/../lib/gcc/arm-none-eabi/10.3.1/../../../../arm-none-eabi/lib/thumb/v7e-m+dp/hard/crt0.o (exit)
/opt/st/stm32cubeide_1.9.0/plugins/com.st.stm32cube.ide.mcu.externaltools.gnu-tools-for-stm32.10.3-2021.10.linux64_1.0.0.202111181127/tools/bin/../lib/gcc/arm-none-eabi/10.3.1/../../../../arm-none-eabi/lib/thumb/v7e-m+dp/hard/libc_nano.a(lib_a-findfp.o)
                              ./FreeRTOS/tasks.o (__sf_fake_stderr)
/opt/st/stm32cubeide_1.9.0/plugins/com.st.stm32cube.ide.mcu.externaltools.gnu-tools-for-stm32.10.3-2021.10.linux64_1.0.0.202111181127/tools/bin/../lib/gcc/arm-none-eabi/10.3.1/../../../../arm-none-eabi/lib/thumb/v7e-m+dp/hard/libc_nano.a(lib_a-fwalk.o)
                              /opt/st/stm32cubeide_1.9.0/plugins/com.st.stm32cube.ide.mcu.externaltools.gnu-tools-for-stm32.10.3-2021.10.linux64_1.0.0.202111181127/tools/bin/../lib/gcc/arm-none-eabi/10.3.1/../../../../arm-none-eabi/lib/thumb/v7e-m+dp/hard/libc_nano.a(lib_a-findfp.o) (_fwalk)
/opt/st/stm32cubeide_1.9.0/plugins/com.st.stm32cube.ide.mcu.externaltools.gnu-tools-for-stm32.10.3-2021.10.linux64_1.0.0.202111181127/tools/bin/../lib/gcc/arm-none-eabi/10.3.1/../../../../arm-none-eabi/lib/thumb/v7e-m+dp/hard/libc_nano.a(lib_a-impure.o)
                              /opt/st/stm32cubeide_1.9.0/plugins/com.st.stm32cube.ide.mcu.externaltools.gnu-tools-for-stm32.10.3-2021.10.linux64_1.0.0.202111181127/tools/bin/../lib/gcc/arm-none-eabi/10.3.1/../../../../arm-none-eabi/lib/thumb/v7e-m+dp/hard/libc_nano.a(lib_a-exit.o) (_global_impure_ptr)
/opt/st/stm32cubeide_1.9.0/plugins/com.st.stm32cube.ide.mcu.externaltools.gnu-tools-for-stm32.10.3-2021.10.linux64_1.0.0.202111181127/tools/bin/../lib/gcc/arm-none-eabi/10.3.1/../../../../arm-none-eabi/lib/thumb/v7e-m+dp/hard/libc_nano.a(lib_a-init.o)
                              /opt/st/stm32cubeide_1.9.0/plugins/com.st.stm32cube.ide.mcu.externaltools.gnu-tools-for-stm32.10.3-2021.10.linux64_1.0.0.202111181127/tools/bin/../lib/gcc/arm-none-eabi/10.3.1/../../../../arm-none-eabi/lib/thumb/v7e-m+dp/hard/crt0.o (__libc_init_array)
/opt/st/stm32cubeide_1.9.0/plugins/com.st.stm32cube.ide.mcu.externaltools.gnu-tools-for-stm32.10.3-2021.10.linux64_1.0.0.202111181127/tools/bin/../lib/gcc/arm-none-eabi/10.3.1/../../../../arm-none-eabi/lib/thumb/v7e-m+dp/hard/libc_nano.a(lib_a-lock.o)
                              /opt/st/stm32cubeide_1.9.0/plugins/com.st.stm32cube.ide.mcu.externaltools.gnu-tools-for-stm32.10.3-2021.10.linux64_1.0.0.202111181127/tools/bin/../lib/gcc/arm-none-eabi/10.3.1/../../../../arm-none-eabi/lib/thumb/v7e-m+dp/hard/libc_nano.a(lib_a-findfp.o) (__retarget_lock_init_recursive)
/opt/st/stm32cubeide_1.9.0/plugins/com.st.stm32cube.ide.mcu.externaltools.gnu-tools-for-stm32.10.3-2021.10.linux64_1.0.0.202111181127/tools/bin/../lib/gcc/arm-none-eabi/10.3.1/../../../../arm-none-eabi/lib/thumb/v7e-m+dp/hard/libc_nano.a(lib_a-memcpy-stub.o)
                              ./Drivers/STM32H7xx_HAL_Driver/Src/stm32h7xx_hal_fdcan.o (memcpy)
/opt/st/stm32cubeide_1.9.0/plugins/com.st.stm32cube.ide.mcu.externaltools.gnu-tools-for-stm32.10.3-2021.10.linux64_1.0.0.202111181127/tools/bin/../lib/gcc/arm-none-eabi/10.3.1/../../../../arm-none-eabi/lib/thumb/v7e-m+dp/hard/libc_nano.a(lib_a-memset.o)
                              /opt/st/stm32cubeide_1.9.0/plugins/com.st.stm32cube.ide.mcu.externaltools.gnu-tools-for-stm32.10.3-2021.10.linux64_1.0.0.202111181127/tools/bin/../lib/gcc/arm-none-eabi/10.3.1/../../../../arm-none-eabi/lib/thumb/v7e-m+dp/hard/crt0.o (memset)
/opt/st/stm32cubeide_1.9.0/plugins/com.st.stm32cube.ide.mcu.externaltools.gnu-tools-for-stm32.10.3-2021.10.linux64_1.0.0.202111181127/tools/bin/../lib/gcc/arm-none-eabi/10.3.1/../../../../arm-none-eabi/lib/thumb/v7e-m+dp/hard/libc_nano.a(lib_a-nano-mallocr.o)
                              /opt/st/stm32cubeide_1.9.0/plugins/com.st.stm32cube.ide.mcu.externaltools.gnu-tools-for-stm32.10.3-2021.10.linux64_1.0.0.202111181127/tools/bin/../lib/gcc/arm-none-eabi/10.3.1/../../../../arm-none-eabi/lib/thumb/v7e-m+dp/hard/libc_nano.a(lib_a-findfp.o) (_malloc_r)
[...]
Memory Configuration

Name             Origin             Length             Attributes
FLASH            0x0000000008000000 0x0000000000200000 xr
DTCMRAM          0x0000000020000000 0x0000000000020000 xrw
RAM_D1           0x0000000024000000 0x0000000000080000 xrw
RAM_D2           0x0000000030000000 0x0000000000048000 xrw
RAM_D3           0x0000000038000000 0x0000000000010000 xrw
ITCMRAM          0x0000000000000000 0x0000000000010000 xrw
*default*        0x0000000000000000 0xffffffffffffffff

Linker script and memory map

LOAD /opt/st/stm32cubeide_1.9.0/plugins/com.st.stm32cube.ide.mcu.externaltools.gnu-tools-for-stm32.10.3-2021.10.linux64_1.0.0.202111181127/tools/bin/../lib/gcc/arm-none-eabi/10.3.1/thumb/v7e-m+dp/hard/crti.o
LOAD /opt/st/stm32cubeide_1.9.0/plugins/com.st.stm32cube.ide.mcu.externaltools.gnu-tools-for-stm32.10.3-2021.10.linux64_1.0.0.202111181127/tools/bin/../lib/gcc/arm-none-eabi/10.3.1/thumb/v7e-m+dp/hard/crtbegin.o
LOAD /opt/st/stm32cubeide_1.9.0/plugins/com.st.stm32cube.ide.mcu.externaltools.gnu-tools-for-stm32.10.3-2021.10.linux64_1.0.0.202111181127/tools/bin/../lib/gcc/arm-none-eabi/10.3.1/../../../../arm-none-eabi/lib/thumb/v7e-m+dp/hard/crt0.o
LOAD ./Core/Src/adc.o
LOAD ./Core/Src/buffer.o
LOAD ./Core/Src/bus.o
LOAD ./Core/Src/dac.o
LOAD ./Core/Src/decoder.o
LOAD ./Core/Src/error.o
LOAD ./Core/Src/filter.o
LOAD ./Core/Src/main.o
LOAD ./Core/Src/sdr.o
LOAD ./Core/Src/stm32h7xx_hal_msp.o
LOAD ./Core/Src/stm32h7xx_hal_timebase_tim.o
LOAD ./Core/Src/stm32h7xx_it.o
LOAD ./Core/Src/syscalls.o
LOAD ./Core/Src/sysmem.o
LOAD ./Core/Src/system_stm32h7xx.o
LOAD ./Core/Src/telecommands.o
LOAD ./Core/Startup/startup_stm32h743zitx.o
LOAD ./Drivers/STM32H7xx_HAL_Driver/Src/stm32h7xx_hal.o
LOAD ./Drivers/STM32H7xx_HAL_Driver/Src/stm32h7xx_hal_adc.o
LOAD ./Drivers/STM32H7xx_HAL_Driver/Src/stm32h7xx_hal_adc_ex.o
LOAD ./Drivers/STM32H7xx_HAL_Driver/Src/stm32h7xx_hal_cortex.o
LOAD ./Drivers/STM32H7xx_HAL_Driver/Src/stm32h7xx_hal_dma.o
LOAD ./Drivers/STM32H7xx_HAL_Driver/Src/stm32h7xx_hal_dma_ex.o
LOAD ./Drivers/STM32H7xx_HAL_Driver/Src/stm32h7xx_hal_exti.o
LOAD ./Drivers/STM32H7xx_HAL_Driver/Src/stm32h7xx_hal_fdcan.o
LOAD ./Drivers/STM32H7xx_HAL_Driver/Src/stm32h7xx_hal_flash.o
LOAD ./Drivers/STM32H7xx_HAL_Driver/Src/stm32h7xx_hal_flash_ex.o
LOAD ./Drivers/STM32H7xx_HAL_Driver/Src/stm32h7xx_hal_gpio.o
LOAD ./Drivers/STM32H7xx_HAL_Driver/Src/stm32h7xx_hal_hsem.o
LOAD ./Drivers/STM32H7xx_HAL_Driver/Src/stm32h7xx_hal_i2c.o
LOAD ./Drivers/STM32H7xx_HAL_Driver/Src/stm32h7xx_hal_i2c_ex.o
LOAD ./Drivers/STM32H7xx_HAL_Driver/Src/stm32h7xx_hal_mdma.o
LOAD ./Drivers/STM32H7xx_HAL_Driver/Src/stm32h7xx_hal_pcd.o
LOAD ./Drivers/STM32H7xx_HAL_Driver/Src/stm32h7xx_hal_pcd_ex.o
LOAD ./Drivers/STM32H7xx_HAL_Driver/Src/stm32h7xx_hal_pwr.o
LOAD ./Drivers/STM32H7xx_HAL_Driver/Src/stm32h7xx_hal_pwr_ex.o
LOAD ./Drivers/STM32H7xx_HAL_Driver/Src/stm32h7xx_hal_rcc.o
LOAD ./Drivers/STM32H7xx_HAL_Driver/Src/stm32h7xx_hal_rcc_ex.o
LOAD ./Drivers/STM32H7xx_HAL_Driver/Src/stm32h7xx_hal_spi.o
LOAD ./Drivers/STM32H7xx_HAL_Driver/Src/stm32h7xx_hal_spi_ex.o
LOAD ./Drivers/STM32H7xx_HAL_Driver/Src/stm32h7xx_hal_tim.o
LOAD ./Drivers/STM32H7xx_HAL_Driver/Src/stm32h7xx_hal_tim_ex.o
LOAD ./Drivers/STM32H7xx_HAL_Driver/Src/stm32h7xx_ll_usb.o
LOAD ./FreeRTOS/croutine.o
LOAD ./FreeRTOS/event_groups.o
LOAD ./FreeRTOS/list.o
LOAD ./FreeRTOS/queue.o
LOAD ./FreeRTOS/stream_buffer.o
LOAD ./FreeRTOS/tasks.o
LOAD ./FreeRTOS/timers.o
LOAD ./FreeRTOS/portable/GCC/ARM_CM4F/port.o
LOAD ./FreeRTOS/portable/MemMang/heap_4.o
LOAD ./Middlewares/ST/STM32_USB_Device_Library/Class/CDC/Src/usbd_cdc.o
LOAD ./Middlewares/ST/STM32_USB_Device_Library/Core/Src/usbd_core.o
LOAD ./Middlewares/ST/STM32_USB_Device_Library/Core/Src/usbd_ctlreq.o
LOAD ./Middlewares/ST/STM32_USB_Device_Library/Core/Src/usbd_ioreq.o
LOAD ./USB_DEVICE/App/usb_device.o
LOAD ./USB_DEVICE/App/usbd_cdc_if.o
LOAD ./USB_DEVICE/App/usbd_desc.o
LOAD ./USB_DEVICE/Target/usbd_conf.o
START GROUP
LOAD /opt/st/stm32cubeide_1.9.0/plugins/com.st.stm32cube.ide.mcu.externaltools.gnu-tools-for-stm32.10.3-2021.10.linux64_1.0.0.202111181127/tools/bin/../lib/gcc/arm-none-eabi/10.3.1/../../../../arm-none-eabi/lib/thumb/v7e-m+dp/hard/libc_nano.a
LOAD /opt/st/stm32cubeide_1.9.0/plugins/com.st.stm32cube.ide.mcu.externaltools.gnu-tools-for-stm32.10.3-2021.10.linux64_1.0.0.202111181127/tools/bin/../lib/gcc/arm-none-eabi/10.3.1/../../../../arm-none-eabi/lib/thumb/v7e-m+dp/hard/libm.a
END GROUP
START GROUP
LOAD /opt/st/stm32cubeide_1.9.0/plugins/com.st.stm32cube.ide.mcu.externaltools.gnu-tools-for-stm32.10.3-2021.10.linux64_1.0.0.202111181127/tools/bin/../lib/gcc/arm-none-eabi/10.3.1/thumb/v7e-m+dp/hard/libgcc.a
LOAD /opt/st/stm32cubeide_1.9.0/plugins/com.st.stm32cube.ide.mcu.externaltools.gnu-tools-for-stm32.10.3-2021.10.linux64_1.0.0.202111181127/tools/bin/../lib/gcc/arm-none-eabi/10.3.1/../../../../arm-none-eabi/lib/thumb/v7e-m+dp/hard/libc_nano.a
END GROUP
START GROUP
LOAD /opt/st/stm32cubeide_1.9.0/plugins/com.st.stm32cube.ide.mcu.externaltools.gnu-tools-for-stm32.10.3-2021.10.linux64_1.0.0.202111181127/tools/bin/../lib/gcc/arm-none-eabi/10.3.1/thumb/v7e-m+dp/hard/libgcc.a
LOAD /opt/st/stm32cubeide_1.9.0/plugins/com.st.stm32cube.ide.mcu.externaltools.gnu-tools-for-stm32.10.3-2021.10.linux64_1.0.0.202111181127/tools/bin/../lib/gcc/arm-none-eabi/10.3.1/../../../../arm-none-eabi/lib/thumb/v7e-m+dp/hard/libc_nano.a
LOAD /opt/st/stm32cubeide_1.9.0/plugins/com.st.stm32cube.ide.mcu.externaltools.gnu-tools-for-stm32.10.3-2021.10.linux64_1.0.0.202111181127/tools/bin/../lib/gcc/arm-none-eabi/10.3.1/../../../../arm-none-eabi/lib/thumb/v7e-m+dp/hard/libnosys.a
END GROUP
START GROUP
LOAD /opt/st/stm32cubeide_1.9.0/plugins/com.st.stm32cube.ide.mcu.externaltools.gnu-tools-for-stm32.10.3-2021.10.linux64_1.0.0.202111181127/tools/bin/../lib/gcc/arm-none-eabi/10.3.1/thumb/v7e-m+dp/hard/libgcc.a
LOAD /opt/st/stm32cubeide_1.9.0/plugins/com.st.stm32cube.ide.mcu.externaltools.gnu-tools-for-stm32.10.3-2021.10.linux64_1.0.0.202111181127/tools/bin/../lib/gcc/arm-none-eabi/10.3.1/../../../../arm-none-eabi/lib/thumb/v7e-m+dp/hard/libc_nano.a
LOAD /opt/st/stm32cubeide_1.9.0/plugins/com.st.stm32cube.ide.mcu.externaltools.gnu-tools-for-stm32.10.3-2021.10.linux64_1.0.0.202111181127/tools/bin/../lib/gcc/arm-none-eabi/10.3.1/../../../../arm-none-eabi/lib/thumb/v7e-m+dp/hard/libnosys.a
END GROUP
LOAD /opt/st/stm32cubeide_1.9.0/plugins/com.st.stm32cube.ide.mcu.externaltools.gnu-tools-for-stm32.10.3-2021.10.linux64_1.0.0.202111181127/tools/bin/../lib/gcc/arm-none-eabi/10.3.1/thumb/v7e-m+dp/hard/crtend.o
LOAD /opt/st/stm32cubeide_1.9.0/plugins/com.st.stm32cube.ide.mcu.externaltools.gnu-tools-for-stm32.10.3-2021.10.linux64_1.0.0.202111181127/tools/bin/../lib/gcc/arm-none-eabi/10.3.1/thumb/v7e-m+dp/hard/crtn.o
                0x0000000024080000                _estack = (ORIGIN (RAM_D1) + LENGTH (RAM_D1))
                0x0000000000000200                _Min_Heap_Size = 0x200
                0x0000000000000400                _Min_Stack_Size = 0x400

.isr_vector     0x0000000008000000      0x298
                0x0000000008000000                . = ALIGN (0x4)
 *(.isr_vector)
 .isr_vector    0x0000000008000000      0x298 ./Core/Startup/startup_stm32h743zitx.o
                0x0000000008000000                g_pfnVectors
                0x0000000008000298                . = ALIGN (0x4)

.text           0x00000000080002a0     0xf764
                0x00000000080002a0                . = ALIGN (0x4)
 *(.text)
 .text          0x00000000080002a0       0x40 /opt/st/stm32cubeide_1.9.0/plugins/com.st.stm32cube.ide.mcu.externaltools.gnu-tools-for-stm32.10.3-2021.10.linux64_1.0.0.202111181127/tools/bin/../lib/gcc/arm-none-eabi/10.3.1/thumb/v7e-m+dp/hard/crtbegin.o
 *(.text*)
 .text.main     0x00000000080002e0       0x8c ./Core/Src/main.o
                0x00000000080002e0                main
 .text.SystemClock_Config
                0x000000000800036c      0x108 ./Core/Src/main.o
                0x000000000800036c                SystemClock_Config
 .text.MX_ADC1_Init
                0x0000000008000474       0xfc ./Core/Src/main.o
 .text.MX_ADC2_Init
                0x0000000008000570       0xbc ./Core/Src/main.o
 .text.MX_ADC3_Init
                0x000000000800062c       0xcc ./Core/Src/main.o
 .text.MX_FDCAN1_Init
                0x00000000080006f8       0xc8 ./Core/Src/main.o
 .text.MX_FDCAN2_Init
                0x00000000080007c0       0xc8 ./Core/Src/main.o
 .text.MX_I2C1_Init
                0x0000000008000888       0x80 ./Core/Src/main.o
 .text.MX_I2C4_Init
                0x0000000008000908       0x80 ./Core/Src/main.o
 .text.MX_SPI2_Init
                0x0000000008000988       0xac ./Core/Src/main.o
 .text.MX_TIM1_Init
                0x0000000008000a34      0x158 ./Core/Src/main.o
 .text.MX_DMA_Init
                0x0000000008000b8c       0x40 ./Core/Src/main.o
 .text.MX_GPIO_Init
                0x0000000008000bcc      0x354 ./Core/Src/main.o
 .text.HAL_TIM_PeriodElapsedCallback
                0x0000000008000f20       0x24 ./Core/Src/main.o
                0x0000000008000f20                HAL_TIM_PeriodElapsedCallback
 .text.Error_Handler
                0x0000000008000f44        0xa ./Core/Src/main.o
                0x0000000008000f44                Error_Handler
 *fill*         0x0000000008000f4e        0x2 
 .text.HAL_MspInit
                0x0000000008000f50       0x34 ./Core/Src/stm32h7xx_hal_msp.o
                0x0000000008000f50                HAL_MspInit
 .text.HAL_ADC_MspInit
                0x0000000008000f84      0x1e4 ./Core/Src/stm32h7xx_hal_msp.o
                0x0000000008000f84                HAL_ADC_MspInit
 .text.HAL_FDCAN_MspInit
                0x0000000008001168      0x190 ./Core/Src/stm32h7xx_hal_msp.o
                0x0000000008001168                HAL_FDCAN_MspInit
 .text.HAL_I2C_MspInit
                0x00000000080012f8      0x164 ./Core/Src/stm32h7xx_hal_msp.o
                0x00000000080012f8                HAL_I2C_MspInit
 .text.HAL_SPI_MspInit
                0x000000000800145c       0xcc ./Core/Src/stm32h7xx_hal_msp.o
                0x000000000800145c                HAL_SPI_MspInit
 .text.HAL_TIM_Base_MspInit
                0x0000000008001528       0x44 ./Core/Src/stm32h7xx_hal_msp.o
                0x0000000008001528                HAL_TIM_Base_MspInit
 .text.HAL_TIM_MspPostInit
                0x000000000800156c       0x78 ./Core/Src/stm32h7xx_hal_msp.o
                0x000000000800156c                HAL_TIM_MspPostInit
 .text.HAL_InitTick
                0x00000000080015e4       0xd8 ./Core/Src/stm32h7xx_hal_timebase_tim.o
                0x00000000080015e4                HAL_InitTick
 .text.NMI_Handler
                0x00000000080016bc        0x6 ./Core/Src/stm32h7xx_it.o
                0x00000000080016bc                NMI_Handler
 .text.HardFault_Handler
                0x00000000080016c2        0x6 ./Core/Src/stm32h7xx_it.o
                0x00000000080016c2                HardFault_Handler
 .text.MemManage_Handler
                0x00000000080016c8        0x6 ./Core/Src/stm32h7xx_it.o
                0x00000000080016c8                MemManage_Handler
 .text.BusFault_Handler
                0x00000000080016ce        0x6 ./Core/Src/stm32h7xx_it.o
                0x00000000080016ce                BusFault_Handler
 .text.UsageFault_Handler
                0x00000000080016d4        0x6 ./Core/Src/stm32h7xx_it.o
                0x00000000080016d4                UsageFault_Handler
 .text.DebugMon_Handler
                0x00000000080016da        0xe ./Core/Src/stm32h7xx_it.o
                0x00000000080016da                DebugMon_Handler
 .text.ADC_IRQHandler
                0x00000000080016e8       0x1c ./Core/Src/stm32h7xx_it.o
                0x00000000080016e8                ADC_IRQHandler
 .text.TIM7_IRQHandler
                0x0000000008001704       0x14 ./Core/Src/stm32h7xx_it.o
                0x0000000008001704                TIM7_IRQHandler
 .text.DMA2_Stream0_IRQHandler
                0x0000000008001718       0x14 ./Core/Src/stm32h7xx_it.o
                0x0000000008001718                DMA2_Stream0_IRQHandler
 .text.OTG_FS_IRQHandler
                0x000000000800172c       0x14 ./Core/Src/stm32h7xx_it.o
                0x000000000800172c                OTG_FS_IRQHandler
 .text.SystemInit
                0x0000000008001740      0x110 ./Core/Src/system_stm32h7xx.o
                0x0000000008001740                SystemInit
 .text.Reset_Handler
                0x0000000008001850       0x50 ./Core/Startup/startup_stm32h743zitx.o
                0x0000000008001850                Reset_Handler
 .text.Default_Handler
                0x00000000080018a0        0x2 ./Core/Startup/startup_stm32h743zitx.o
                0x00000000080018a0                RTC_Alarm_IRQHandler
                0x00000000080018a0                EXTI2_IRQHandler
                0x00000000080018a0                TIM8_CC_IRQHandler
                0x00000000080018a0                HRTIM1_Master_IRQHandler
                0x00000000080018a0                UART8_IRQHandler
                0x00000000080018a0                SPI4_IRQHandler
                0x00000000080018a0                TIM1_CC_IRQHandler
                0x00000000080018a0                BDMA_Channel6_IRQHandler
                0x00000000080018a0                DMA2_Stream5_IRQHandler
                0x00000000080018a0                HRTIM1_FLT_IRQHandler
                0x00000000080018a0                JPEG_IRQHandler
                0x00000000080018a0                DMA1_Stream5_IRQHandler
                0x00000000080018a0                SysTick_Handler
                0x00000000080018a0                BDMA_Channel1_IRQHandler
                0x00000000080018a0                HRTIM1_TIMD_IRQHandler
                0x00000000080018a0                TAMP_STAMP_IRQHandler
                0x00000000080018a0                EXTI3_IRQHandler
                0x00000000080018a0                LPTIM4_IRQHandler
                0x00000000080018a0                TIM8_TRG_COM_TIM14_IRQHandler
                0x00000000080018a0                LPTIM2_IRQHandler
                0x00000000080018a0                DFSDM1_FLT1_IRQHandler
                0x00000000080018a0                DMAMUX2_OVR_IRQHandler
                0x00000000080018a0                TIM8_UP_TIM13_IRQHandler
                0x00000000080018a0                I2C3_ER_IRQHandler
                0x00000000080018a0                DFSDM1_FLT2_IRQHandler
                0x00000000080018a0                MDMA_IRQHandler
                0x00000000080018a0                LPTIM3_IRQHandler
                0x00000000080018a0                HSEM1_IRQHandler
                0x00000000080018a0                EXTI0_IRQHandler
                0x00000000080018a0                I2C2_EV_IRQHandler
                0x00000000080018a0                DMA1_Stream2_IRQHandler
                0x00000000080018a0                FPU_IRQHandler
                0x00000000080018a0                OTG_HS_WKUP_IRQHandler
                0x00000000080018a0                FDCAN1_IT1_IRQHandler
                0x00000000080018a0                LTDC_ER_IRQHandler
                0x00000000080018a0                DMA2_Stream2_IRQHandler
                0x00000000080018a0                HRTIM1_TIME_IRQHandler
                0x00000000080018a0                SPI1_IRQHandler
                0x00000000080018a0                TIM6_DAC_IRQHandler
                0x00000000080018a0                DCMI_IRQHandler
                0x00000000080018a0                HRTIM1_TIMC_IRQHandler
                0x00000000080018a0                DMA2_Stream3_IRQHandler
                0x00000000080018a0                SAI2_IRQHandler
                0x00000000080018a0                DFSDM1_FLT3_IRQHandler
                0x00000000080018a0                USART6_IRQHandler
                0x00000000080018a0                TIM17_IRQHandler
                0x00000000080018a0                USART3_IRQHandler
                0x00000000080018a0                BDMA_Channel7_IRQHandler
                0x00000000080018a0                LPTIM5_IRQHandler
                0x00000000080018a0                UART5_IRQHandler
                0x00000000080018a0                ADC3_IRQHandler
                0x00000000080018a0                TIM4_IRQHandler
                0x00000000080018a0                BDMA_Channel2_IRQHandler
                0x00000000080018a0                QUADSPI_IRQHandler
                0x00000000080018a0                I2C1_EV_IRQHandler
                0x00000000080018a0                DMA1_Stream6_IRQHandler
                0x00000000080018a0                DMAMUX1_OVR_IRQHandler
                0x00000000080018a0                DMA1_Stream1_IRQHandler
                0x00000000080018a0                TIM16_IRQHandler
                0x00000000080018a0                UART4_IRQHandler
                0x00000000080018a0                BDMA_Channel5_IRQHandler
                0x00000000080018a0                TIM3_IRQHandler
                0x00000000080018a0                RCC_IRQHandler
                0x00000000080018a0                TIM8_BRK_TIM12_IRQHandler
                0x00000000080018a0                TIM1_TRG_COM_IRQHandler
                0x00000000080018a0                Default_Handler
                0x00000000080018a0                ECC_IRQHandler
                0x00000000080018a0                CEC_IRQHandler
                0x00000000080018a0                EXTI15_10_IRQHandler
                0x00000000080018a0                BDMA_Channel0_IRQHandler
                0x00000000080018a0                DMA1_Stream7_IRQHandler
                0x00000000080018a0                HRTIM1_TIMA_IRQHandler
                0x00000000080018a0                SPI5_IRQHandler
                0x00000000080018a0                SDMMC1_IRQHandler
                0x00000000080018a0                TIM5_IRQHandler
                0x00000000080018a0                DMA2_Stream7_IRQHandler
                0x00000000080018a0                TIM15_IRQHandler
                0x00000000080018a0                PVD_AVD_IRQHandler
                0x00000000080018a0                I2C3_EV_IRQHandler
                0x00000000080018a0                EXTI9_5_IRQHandler
                0x00000000080018a0                RTC_WKUP_IRQHandler
                0x00000000080018a0                LTDC_IRQHandler
                0x00000000080018a0                SAI3_IRQHandler
                0x00000000080018a0                ETH_WKUP_IRQHandler
                0x00000000080018a0                SPDIF_RX_IRQHandler
                0x00000000080018a0                SPI2_IRQHandler
                0x00000000080018a0                OTG_HS_EP1_IN_IRQHandler
                0x00000000080018a0                DMA1_Stream0_IRQHandler
                0x00000000080018a0                CRS_IRQHandler
                0x00000000080018a0                EXTI4_IRQHandler
                0x00000000080018a0                RNG_IRQHandler
                0x00000000080018a0                HRTIM1_TIMB_IRQHandler
                0x00000000080018a0                FDCAN2_IT1_IRQHandler
                0x00000000080018a0                ETH_IRQHandler
                0x00000000080018a0                TIM1_UP_IRQHandler
                0x00000000080018a0                BDMA_Channel4_IRQHandler
                0x00000000080018a0                OTG_HS_EP1_OUT_IRQHandler
                0x00000000080018a0                WWDG_IRQHandler
                0x00000000080018a0                SPI6_IRQHandler
                0x00000000080018a0                MDIOS_IRQHandler
                0x00000000080018a0                I2C4_EV_IRQHandler
                0x00000000080018a0                FDCAN2_IT0_IRQHandler
                0x00000000080018a0                LPUART1_IRQHandler
                0x00000000080018a0                FDCAN1_IT0_IRQHandler
                0x00000000080018a0                TIM2_IRQHandler
                0x00000000080018a0                OTG_FS_WKUP_IRQHandler
                0x00000000080018a0                OTG_HS_IRQHandler
                0x00000000080018a0                DMA2D_IRQHandler
                0x00000000080018a0                TIM1_BRK_IRQHandler
                0x00000000080018a0                EXTI1_IRQHandler
                0x00000000080018a0                SDMMC2_IRQHandler
                0x00000000080018a0                OTG_FS_EP1_OUT_IRQHandler
                0x00000000080018a0                BDMA_Channel3_IRQHandler
                0x00000000080018a0                UART7_IRQHandler
                0x00000000080018a0                MDIOS_WKUP_IRQHandler
                0x00000000080018a0                USART2_IRQHandler
                0x00000000080018a0                DFSDM1_FLT0_IRQHandler
                0x00000000080018a0                SAI4_IRQHandler
                0x00000000080018a0                I2C2_ER_IRQHandler
                0x00000000080018a0                DMA2_Stream1_IRQHandler
                0x00000000080018a0                FLASH_IRQHandler
                0x00000000080018a0                DMA2_Stream4_IRQHandler
                0x00000000080018a0                USART1_IRQHandler
                0x00000000080018a0                SPI3_IRQHandler
                0x00000000080018a0                WAKEUP_PIN_IRQHandler
                0x00000000080018a0                DMA1_Stream4_IRQHandler
                0x00000000080018a0                OTG_FS_EP1_IN_IRQHandler
                0x00000000080018a0                I2C1_ER_IRQHandler
                0x00000000080018a0                FMC_IRQHandler
                0x00000000080018a0                FDCAN_CAL_IRQHandler
                0x00000000080018a0                SWPMI1_IRQHandler
                0x00000000080018a0                COMP1_IRQHandler
                0x00000000080018a0                LPTIM1_IRQHandler
                0x00000000080018a0                I2C4_ER_IRQHandler
                0x00000000080018a0                DMA2_Stream6_IRQHandler
                0x00000000080018a0                SAI1_IRQHandler
                0x00000000080018a0                DMA1_Stream3_IRQHandler
 *fill*         0x00000000080018a2        0x2 
 .text.HAL_Init
                0x00000000080018a4       0x78 ./Drivers/STM32H7xx_HAL_Driver/Src/stm32h7xx_hal.o
                0x00000000080018a4                HAL_Init
 .text.HAL_IncTick
                0x000000000800191c       0x28 ./Drivers/STM32H7xx_HAL_Driver/Src/stm32h7xx_hal.o
                0x000000000800191c                HAL_IncTick
 .text.HAL_GetTick
                0x0000000008001944       0x18 ./Drivers/STM32H7xx_HAL_Driver/Src/stm32h7xx_hal.o
                0x0000000008001944                HAL_GetTick
 .text.HAL_Delay
                0x000000000800195c       0x48 ./Drivers/STM32H7xx_HAL_Driver/Src/stm32h7xx_hal.o
                0x000000000800195c                HAL_Delay
 .text.HAL_GetREVID
                0x00000000080019a4       0x18 ./Drivers/STM32H7xx_HAL_Driver/Src/stm32h7xx_hal.o
                0x00000000080019a4                HAL_GetREVID
 .text.LL_ADC_SetCommonClock
                0x00000000080019bc       0x26 ./Drivers/STM32H7xx_HAL_Driver/Src/stm32h7xx_hal_adc.o
 .text.LL_ADC_SetCommonPathInternalCh
                0x00000000080019e2       0x26 ./Drivers/STM32H7xx_HAL_Driver/Src/stm32h7xx_hal_adc.o
 .text.LL_ADC_GetCommonPathInternalCh
                0x0000000008001a08       0x1c ./Drivers/STM32H7xx_HAL_Driver/Src/stm32h7xx_hal_adc.o
 .text.LL_ADC_SetOffset
                0x0000000008001a24       0x40 ./Drivers/STM32H7xx_HAL_Driver/Src/stm32h7xx_hal_adc.o
 .text.LL_ADC_SetDataRightShift
                0x0000000008001a64       0x32 ./Drivers/STM32H7xx_HAL_Driver/Src/stm32h7xx_hal_adc.o
 .text.LL_ADC_SetOffsetSignedSaturation
                0x0000000008001a96       0x36 ./Drivers/STM32H7xx_HAL_Driver/Src/stm32h7xx_hal_adc.o
 .text.LL_ADC_REG_IsTriggerSourceSWStart
                0x0000000008001acc       0x26 ./Drivers/STM32H7xx_HAL_Driver/Src/stm32h7xx_hal_adc.o
 .text.LL_ADC_REG_SetSequencerRanks
                0x0000000008001af2       0x58 ./Drivers/STM32H7xx_HAL_Driver/Src/stm32h7xx_hal_adc.o
 .text.LL_ADC_INJ_IsTriggerSourceSWStart
                0x0000000008001b4a       0x26 ./Drivers/STM32H7xx_HAL_Driver/Src/stm32h7xx_hal_adc.o
 .text.LL_ADC_SetChannelSamplingTime
                0x0000000008001b70       0x56 ./Drivers/STM32H7xx_HAL_Driver/Src/stm32h7xx_hal_adc.o
 *fill*         0x0000000008001bc6        0x2 
 .text.LL_ADC_SetChannelSingleDiff
                0x0000000008001bc8       0x48 ./Drivers/STM32H7xx_HAL_Driver/Src/stm32h7xx_hal_adc.o
 .text.LL_ADC_GetMultimode
                0x0000000008001c10       0x1c ./Drivers/STM32H7xx_HAL_Driver/Src/stm32h7xx_hal_adc.o
 .text.LL_ADC_GetMultiDMATransfer
                0x0000000008001c2c       0x1c ./Drivers/STM32H7xx_HAL_Driver/Src/stm32h7xx_hal_adc.o
 .text.LL_ADC_DisableDeepPowerDown
                0x0000000008001c48       0x24 ./Drivers/STM32H7xx_HAL_Driver/Src/stm32h7xx_hal_adc.o
 .text.LL_ADC_IsDeepPowerDownEnabled
                0x0000000008001c6c       0x28 ./Drivers/STM32H7xx_HAL_Driver/Src/stm32h7xx_hal_adc.o
 .text.LL_ADC_EnableInternalRegulator
                0x0000000008001c94       0x28 ./Drivers/STM32H7xx_HAL_Driver/Src/stm32h7xx_hal_adc.o
 .text.LL_ADC_IsInternalRegulatorEnabled
                0x0000000008001cbc       0x28 ./Drivers/STM32H7xx_HAL_Driver/Src/stm32h7xx_hal_adc.o
 .text.LL_ADC_IsEnabled
                0x0000000008001ce4       0x26 ./Drivers/STM32H7xx_HAL_Driver/Src/stm32h7xx_hal_adc.o
 .text.LL_ADC_REG_IsConversionOngoing
                0x0000000008001d0a       0x26 ./Drivers/STM32H7xx_HAL_Driver/Src/stm32h7xx_hal_adc.o
 .text.LL_ADC_INJ_IsConversionOngoing
                0x0000000008001d30       0x26 ./Drivers/STM32H7xx_HAL_Driver/Src/stm32h7xx_hal_adc.o
 *fill*         0x0000000008001d56        0x2 
 .text.HAL_ADC_Init
                0x0000000008001d58      0x344 ./Drivers/STM32H7xx_HAL_Driver/Src/stm32h7xx_hal_adc.o
                0x0000000008001d58                HAL_ADC_Init
 .text.HAL_ADC_IRQHandler
                0x000000000800209c      0x474 ./Drivers/STM32H7xx_HAL_Driver/Src/stm32h7xx_hal_adc.o
                0x000000000800209c                HAL_ADC_IRQHandler
 .text.HAL_ADC_ConvCpltCallback
                0x0000000008002510       0x14 ./Drivers/STM32H7xx_HAL_Driver/Src/stm32h7xx_hal_adc.o
                0x0000000008002510                HAL_ADC_ConvCpltCallback
 .text.HAL_ADC_LevelOutOfWindowCallback
                0x0000000008002524       0x14 ./Drivers/STM32H7xx_HAL_Driver/Src/stm32h7xx_hal_adc.o
                0x0000000008002524                HAL_ADC_LevelOutOfWindowCallback
 .text.HAL_ADC_ErrorCallback
                0x0000000008002538       0x14 ./Drivers/STM32H7xx_HAL_Driver/Src/stm32h7xx_hal_adc.o
                0x0000000008002538                HAL_ADC_ErrorCallback
 .text.HAL_ADC_ConfigChannel
                0x000000000800254c      0x6a0 ./Drivers/STM32H7xx_HAL_Driver/Src/stm32h7xx_hal_adc.o
                0x000000000800254c                HAL_ADC_ConfigChannel
 .text.ADC_ConfigureBoostMode
                0x0000000008002bec      0x214 ./Drivers/STM32H7xx_HAL_Driver/Src/stm32h7xx_hal_adc.o
                0x0000000008002bec                ADC_ConfigureBoostMode
 .text.LL_ADC_IsEnabled
                0x0000000008002e00       0x26 ./Drivers/STM32H7xx_HAL_Driver/Src/stm32h7xx_hal_adc_ex.o
 .text.LL_ADC_REG_IsConversionOngoing
                0x0000000008002e26       0x26 ./Drivers/STM32H7xx_HAL_Driver/Src/stm32h7xx_hal_adc_ex.o
 .text.HAL_ADCEx_InjectedConvCpltCallback
                0x0000000008002e4c       0x14 ./Drivers/STM32H7xx_HAL_Driver/Src/stm32h7xx_hal_adc_ex.o
                0x0000000008002e4c                HAL_ADCEx_InjectedConvCpltCallback
 .text.HAL_ADCEx_InjectedQueueOverflowCallback
                0x0000000008002e60       0x14 ./Drivers/STM32H7xx_HAL_Driver/Src/stm32h7xx_hal_adc_ex.o
                0x0000000008002e60                HAL_ADCEx_InjectedQueueOverflowCallback
 .text.HAL_ADCEx_LevelOutOfWindow2Callback
                0x0000000008002e74       0x14 ./Drivers/STM32H7xx_HAL_Driver/Src/stm32h7xx_hal_adc_ex.o
                0x0000000008002e74                HAL_ADCEx_LevelOutOfWindow2Callback
 .text.HAL_ADCEx_LevelOutOfWindow3Callback
                0x0000000008002e88       0x14 ./Drivers/STM32H7xx_HAL_Driver/Src/stm32h7xx_hal_adc_ex.o
                0x0000000008002e88                HAL_ADCEx_LevelOutOfWindow3Callback
 .text.HAL_ADCEx_EndOfSamplingCallback
                0x0000000008002e9c       0x14 ./Drivers/STM32H7xx_HAL_Driver/Src/stm32h7xx_hal_adc_ex.o
                0x0000000008002e9c                HAL_ADCEx_EndOfSamplingCallback
 .text.HAL_ADCEx_MultiModeConfigChannel
                0x0000000008002eb0      0x1bc ./Drivers/STM32H7xx_HAL_Driver/Src/stm32h7xx_hal_adc_ex.o
                0x0000000008002eb0                HAL_ADCEx_MultiModeConfigChannel
 .text.__NVIC_SetPriorityGrouping
                0x000000000800306c       0x48 ./Drivers/STM32H7xx_HAL_Driver/Src/stm32h7xx_hal_cortex.o
 .text.__NVIC_GetPriorityGrouping
                0x00000000080030b4       0x1c ./Drivers/STM32H7xx_HAL_Driver/Src/stm32h7xx_hal_cortex.o
 .text.__NVIC_EnableIRQ
                0x00000000080030d0       0x3c ./Drivers/STM32H7xx_HAL_Driver/Src/stm32h7xx_hal_cortex.o
 .text.__NVIC_SetPriority
                0x000000000800310c       0x54 ./Drivers/STM32H7xx_HAL_Driver/Src/stm32h7xx_hal_cortex.o
 .text.NVIC_EncodePriority
                0x0000000008003160       0x66 ./Drivers/STM32H7xx_HAL_Driver/Src/stm32h7xx_hal_cortex.o
 .text.HAL_NVIC_SetPriorityGrouping
                0x00000000080031c6       0x16 ./Drivers/STM32H7xx_HAL_Driver/Src/stm32h7xx_hal_cortex.o
                0x00000000080031c6                HAL_NVIC_SetPriorityGrouping
 .text.HAL_NVIC_SetPriority
                0x00000000080031dc       0x34 ./Drivers/STM32H7xx_HAL_Driver/Src/stm32h7xx_hal_cortex.o
                0x00000000080031dc                HAL_NVIC_SetPriority
 .text.HAL_NVIC_EnableIRQ
                0x0000000008003210       0x1c ./Drivers/STM32H7xx_HAL_Driver/Src/stm32h7xx_hal_cortex.o
                0x0000000008003210                HAL_NVIC_EnableIRQ
 .text.HAL_DMA_Init
                0x000000000800322c      0x6b8 ./Drivers/STM32H7xx_HAL_Driver/Src/stm32h7xx_hal_dma.o
                0x000000000800322c                HAL_DMA_Init
 .text.HAL_DMA_IRQHandler
                0x00000000080038e4      0xe54 ./Drivers/STM32H7xx_HAL_Driver/Src/stm32h7xx_hal_dma.o
                0x00000000080038e4                HAL_DMA_IRQHandler
 .text.DMA_CalcBaseAndBitshift
                0x0000000008004738      0x164 ./Drivers/STM32H7xx_HAL_Driver/Src/stm32h7xx_hal_dma.o
 .text.DMA_CheckFifoParam
                0x000000000800489c       0xf8 ./Drivers/STM32H7xx_HAL_Driver/Src/stm32h7xx_hal_dma.o
 .text.DMA_CalcDMAMUXChannelBaseAndMask
                0x0000000008004994      0x134 ./Drivers/STM32H7xx_HAL_Driver/Src/stm32h7xx_hal_dma.o
 .text.DMA_CalcDMAMUXRequestGenBaseAndMask
                0x0000000008004ac8       0xe8 ./Drivers/STM32H7xx_HAL_Driver/Src/stm32h7xx_hal_dma.o
 .text.HAL_FDCAN_Init
                0x0000000008004bb0      0x3bc ./Drivers/STM32H7xx_HAL_Driver/Src/stm32h7xx_hal_fdcan.o
                0x0000000008004bb0                HAL_FDCAN_Init
 .text.FDCAN_CalcultateRamBlockAddresses
                0x0000000008004f6c      0x30c ./Drivers/STM32H7xx_HAL_Driver/Src/stm32h7xx_hal_fdcan.o
 .text.HAL_GPIO_Init
                0x0000000008005278      0x360 ./Drivers/STM32H7xx_HAL_Driver/Src/stm32h7xx_hal_gpio.o
                0x0000000008005278                HAL_GPIO_Init
 .text.HAL_GPIO_WritePin
                0x00000000080055d8       0x32 ./Drivers/STM32H7xx_HAL_Driver/Src/stm32h7xx_hal_gpio.o
                0x00000000080055d8                HAL_GPIO_WritePin
 *fill*         0x000000000800560a        0x2 
 .text.HAL_I2C_Init
                0x000000000800560c      0x120 ./Drivers/STM32H7xx_HAL_Driver/Src/stm32h7xx_hal_i2c.o
                0x000000000800560c                HAL_I2C_Init
 .text.HAL_I2CEx_ConfigAnalogFilter
                0x000000000800572c       0x96 ./Drivers/STM32H7xx_HAL_Driver/Src/stm32h7xx_hal_i2c_ex.o
                0x000000000800572c                HAL_I2CEx_ConfigAnalogFilter
 .text.HAL_I2CEx_ConfigDigitalFilter
                0x00000000080057c2       0x98 ./Drivers/STM32H7xx_HAL_Driver/Src/stm32h7xx_hal_i2c_ex.o
                0x00000000080057c2                HAL_I2CEx_ConfigDigitalFilter
 .text.HAL_PCD_Init
                0x000000000800585a      0x248 ./Drivers/STM32H7xx_HAL_Driver/Src/stm32h7xx_hal_pcd.o
                0x000000000800585a                HAL_PCD_Init
 .text.HAL_PCD_Start
                0x0000000008005aa2       0x66 ./Drivers/STM32H7xx_HAL_Driver/Src/stm32h7xx_hal_pcd.o
                0x0000000008005aa2                HAL_PCD_Start
 .text.HAL_PCD_IRQHandler
                0x0000000008005b08      0x998 ./Drivers/STM32H7xx_HAL_Driver/Src/stm32h7xx_hal_pcd.o
                0x0000000008005b08                HAL_PCD_IRQHandler
 .text.HAL_PCD_SetAddress
                0x00000000080064a0       0x4a ./Drivers/STM32H7xx_HAL_Driver/Src/stm32h7xx_hal_pcd.o
                0x00000000080064a0                HAL_PCD_SetAddress
 .text.HAL_PCD_EP_Open
                0x00000000080064ea       0xd0 ./Drivers/STM32H7xx_HAL_Driver/Src/stm32h7xx_hal_pcd.o
                0x00000000080064ea                HAL_PCD_EP_Open
 .text.HAL_PCD_EP_Close
                0x00000000080065ba       0x94 ./Drivers/STM32H7xx_HAL_Driver/Src/stm32h7xx_hal_pcd.o
                0x00000000080065ba                HAL_PCD_EP_Close
 .text.HAL_PCD_EP_Receive
                0x000000000800664e       0x96 ./Drivers/STM32H7xx_HAL_Driver/Src/stm32h7xx_hal_pcd.o
                0x000000000800664e                HAL_PCD_EP_Receive
 .text.HAL_PCD_EP_GetRxCount
                0x00000000080066e4       0x30 ./Drivers/STM32H7xx_HAL_Driver/Src/stm32h7xx_hal_pcd.o
                0x00000000080066e4                HAL_PCD_EP_GetRxCount
 .text.HAL_PCD_EP_Transmit
                0x0000000008006714       0x94 ./Drivers/STM32H7xx_HAL_Driver/Src/stm32h7xx_hal_pcd.o
                0x0000000008006714                HAL_PCD_EP_Transmit
 .text.HAL_PCD_EP_SetStall
                0x00000000080067a8       0xc8 ./Drivers/STM32H7xx_HAL_Driver/Src/stm32h7xx_hal_pcd.o
                0x00000000080067a8                HAL_PCD_EP_SetStall
 .text.HAL_PCD_EP_ClrStall
                0x0000000008006870       0xac ./Drivers/STM32H7xx_HAL_Driver/Src/stm32h7xx_hal_pcd.o
                0x0000000008006870                HAL_PCD_EP_ClrStall
 .text.HAL_PCD_EP_Abort
                0x000000000800691c       0x62 ./Drivers/STM32H7xx_HAL_Driver/Src/stm32h7xx_hal_pcd.o
                0x000000000800691c                HAL_PCD_EP_Abort
 .text.PCD_WriteEmptyTxFifo
                0x000000000800697e      0x11a ./Drivers/STM32H7xx_HAL_Driver/Src/stm32h7xx_hal_pcd.o
 .text.PCD_EP_OutXfrComplete_int
                0x0000000008006a98      0x1d0 ./Drivers/STM32H7xx_HAL_Driver/Src/stm32h7xx_hal_pcd.o
 .text.PCD_EP_OutSetupPacket_int
                0x0000000008006c68       0x8c ./Drivers/STM32H7xx_HAL_Driver/Src/stm32h7xx_hal_pcd.o
 .text.HAL_PCDEx_SetTxFiFo
                0x0000000008006cf4       0x8e ./Drivers/STM32H7xx_HAL_Driver/Src/stm32h7xx_hal_pcd_ex.o
                0x0000000008006cf4                HAL_PCDEx_SetTxFiFo
 .text.HAL_PCDEx_SetRxFiFo
                0x0000000008006d82       0x22 ./Drivers/STM32H7xx_HAL_Driver/Src/stm32h7xx_hal_pcd_ex.o
                0x0000000008006d82                HAL_PCDEx_SetRxFiFo
 .text.HAL_PCDEx_ActivateLPM
                0x0000000008006da4       0x48 ./Drivers/STM32H7xx_HAL_Driver/Src/stm32h7xx_hal_pcd_ex.o
                0x0000000008006da4                HAL_PCDEx_ActivateLPM
 .text.HAL_PCDEx_LPM_Callback
                0x0000000008006dec       0x18 ./Drivers/STM32H7xx_HAL_Driver/Src/stm32h7xx_hal_pcd_ex.o
                0x0000000008006dec                HAL_PCDEx_LPM_Callback
 .text.HAL_PWREx_ConfigSupply
                0x0000000008006e04       0x74 ./Drivers/STM32H7xx_HAL_Driver/Src/stm32h7xx_hal_pwr_ex.o
                0x0000000008006e04                HAL_PWREx_ConfigSupply
 .text.HAL_PWREx_EnableUSBVoltageDetector
                0x0000000008006e78       0x20 ./Drivers/STM32H7xx_HAL_Driver/Src/stm32h7xx_hal_pwr_ex.o
                0x0000000008006e78                HAL_PWREx_EnableUSBVoltageDetector
 .text.HAL_RCC_OscConfig
                0x0000000008006e98      0x85c ./Drivers/STM32H7xx_HAL_Driver/Src/stm32h7xx_hal_rcc.o
                0x0000000008006e98                HAL_RCC_OscConfig
 .text.HAL_RCC_ClockConfig
                0x00000000080076f4      0x36c ./Drivers/STM32H7xx_HAL_Driver/Src/stm32h7xx_hal_rcc.o
                0x00000000080076f4                HAL_RCC_ClockConfig
 .text.HAL_RCC_GetSysClockFreq
                0x0000000008007a60      0x2f4 ./Drivers/STM32H7xx_HAL_Driver/Src/stm32h7xx_hal_rcc.o
                0x0000000008007a60                HAL_RCC_GetSysClockFreq
 .text.HAL_RCC_GetHCLKFreq
                0x0000000008007d54       0x60 ./Drivers/STM32H7xx_HAL_Driver/Src/stm32h7xx_hal_rcc.o
                0x0000000008007d54                HAL_RCC_GetHCLKFreq
 .text.HAL_RCC_GetPCLK1Freq
                0x0000000008007db4       0x2c ./Drivers/STM32H7xx_HAL_Driver/Src/stm32h7xx_hal_rcc.o
                0x0000000008007db4                HAL_RCC_GetPCLK1Freq
 .text.HAL_RCC_GetClockConfig
                0x0000000008007de0       0x84 ./Drivers/STM32H7xx_HAL_Driver/Src/stm32h7xx_hal_rcc.o
                0x0000000008007de0                HAL_RCC_GetClockConfig
 .text.HAL_RCCEx_PeriphCLKConfig
                0x0000000008007e64      0xe8c ./Drivers/STM32H7xx_HAL_Driver/Src/stm32h7xx_hal_rcc_ex.o
                0x0000000008007e64                HAL_RCCEx_PeriphCLKConfig
 .text.HAL_RCCEx_GetPeriphCLKFreq
                0x0000000008008cf0      0x9a4 ./Drivers/STM32H7xx_HAL_Driver/Src/stm32h7xx_hal_rcc_ex.o
                0x0000000008008cf0                HAL_RCCEx_GetPeriphCLKFreq
 .text.HAL_RCCEx_GetD3PCLK1Freq
                0x0000000008009694       0x2c ./Drivers/STM32H7xx_HAL_Driver/Src/stm32h7xx_hal_rcc_ex.o
                0x0000000008009694                HAL_RCCEx_GetD3PCLK1Freq
 .text.HAL_RCCEx_GetPLL2ClockFreq
                0x00000000080096c0      0x2a8 ./Drivers/STM32H7xx_HAL_Driver/Src/stm32h7xx_hal_rcc_ex.o
                0x00000000080096c0                HAL_RCCEx_GetPLL2ClockFreq
 .text.HAL_RCCEx_GetPLL3ClockFreq
                0x0000000008009968      0x2a8 ./Drivers/STM32H7xx_HAL_Driver/Src/stm32h7xx_hal_rcc_ex.o
                0x0000000008009968                HAL_RCCEx_GetPLL3ClockFreq
 .text.HAL_RCCEx_GetPLL1ClockFreq
                0x0000000008009c10      0x2a4 ./Drivers/STM32H7xx_HAL_Driver/Src/stm32h7xx_hal_rcc_ex.o
                0x0000000008009c10                HAL_RCCEx_GetPLL1ClockFreq
 .text.RCCEx_PLL2_Config
                0x0000000008009eb4      0x164 ./Drivers/STM32H7xx_HAL_Driver/Src/stm32h7xx_hal_rcc_ex.o
 .text.RCCEx_PLL3_Config
                0x000000000800a018      0x164 ./Drivers/STM32H7xx_HAL_Driver/Src/stm32h7xx_hal_rcc_ex.o
 .text.HAL_SPI_Init
                0x000000000800a17c      0x20c ./Drivers/STM32H7xx_HAL_Driver/Src/stm32h7xx_hal_spi.o
                0x000000000800a17c                HAL_SPI_Init
 .text.SPI_GetPacketSize
                0x000000000800a388       0x36 ./Drivers/STM32H7xx_HAL_Driver/Src/stm32h7xx_hal_spi.o
 .text.HAL_TIM_Base_Init
                0x000000000800a3be       0xae ./Drivers/STM32H7xx_HAL_Driver/Src/stm32h7xx_hal_tim.o
                0x000000000800a3be                HAL_TIM_Base_Init
 .text.HAL_TIM_Base_Start_IT
                0x000000000800a46c       0xf0 ./Drivers/STM32H7xx_HAL_Driver/Src/stm32h7xx_hal_tim.o
                0x000000000800a46c                HAL_TIM_Base_Start_IT
 .text.HAL_TIM_OC_Init
                0x000000000800a55c       0xae ./Drivers/STM32H7xx_HAL_Driver/Src/stm32h7xx_hal_tim.o
                0x000000000800a55c                HAL_TIM_OC_Init
 .text.HAL_TIM_OC_MspInit
                0x000000000800a60a       0x14 ./Drivers/STM32H7xx_HAL_Driver/Src/stm32h7xx_hal_tim.o
                0x000000000800a60a                HAL_TIM_OC_MspInit
 .text.HAL_TIM_IRQHandler
                0x000000000800a61e      0x23e ./Drivers/STM32H7xx_HAL_Driver/Src/stm32h7xx_hal_tim.o
                0x000000000800a61e                HAL_TIM_IRQHandler
 .text.HAL_TIM_OC_ConfigChannel
                0x000000000800a85c       0xf4 ./Drivers/STM32H7xx_HAL_Driver/Src/stm32h7xx_hal_tim.o
                0x000000000800a85c                HAL_TIM_OC_ConfigChannel
 .text.HAL_TIM_ConfigClockSource
                0x000000000800a950      0x1f0 ./Drivers/STM32H7xx_HAL_Driver/Src/stm32h7xx_hal_tim.o
                0x000000000800a950                HAL_TIM_ConfigClockSource
 .text.HAL_TIM_OC_DelayElapsedCallback
                0x000000000800ab40       0x14 ./Drivers/STM32H7xx_HAL_Driver/Src/stm32h7xx_hal_tim.o
                0x000000000800ab40                HAL_TIM_OC_DelayElapsedCallback
 .text.HAL_TIM_IC_CaptureCallback
                0x000000000800ab54       0x14 ./Drivers/STM32H7xx_HAL_Driver/Src/stm32h7xx_hal_tim.o
                0x000000000800ab54                HAL_TIM_IC_CaptureCallback
 .text.HAL_TIM_PWM_PulseFinishedCallback
                0x000000000800ab68       0x14 ./Drivers/STM32H7xx_HAL_Driver/Src/stm32h7xx_hal_tim.o
                0x000000000800ab68                HAL_TIM_PWM_PulseFinishedCallback
 .text.HAL_TIM_TriggerCallback
                0x000000000800ab7c       0x14 ./Drivers/STM32H7xx_HAL_Driver/Src/stm32h7xx_hal_tim.o
                0x000000000800ab7c                HAL_TIM_TriggerCallback
 .text.TIM_Base_SetConfig
                0x000000000800ab90      0x134 ./Drivers/STM32H7xx_HAL_Driver/Src/stm32h7xx_hal_tim.o
                0x000000000800ab90                TIM_Base_SetConfig
 .text.TIM_OC1_SetConfig
                0x000000000800acc4      0x120 ./Drivers/STM32H7xx_HAL_Driver/Src/stm32h7xx_hal_tim.o
 .text.TIM_OC2_SetConfig
                0x000000000800ade4      0x114 ./Drivers/STM32H7xx_HAL_Driver/Src/stm32h7xx_hal_tim.o
                0x000000000800ade4                TIM_OC2_SetConfig
 .text.TIM_OC3_SetConfig
                0x000000000800aef8      0x110 ./Drivers/STM32H7xx_HAL_Driver/Src/stm32h7xx_hal_tim.o
 .text.TIM_OC4_SetConfig
                0x000000000800b008       0xd4 ./Drivers/STM32H7xx_HAL_Driver/Src/stm32h7xx_hal_tim.o
 .text.TIM_OC5_SetConfig
                0x000000000800b0dc       0xc8 ./Drivers/STM32H7xx_HAL_Driver/Src/stm32h7xx_hal_tim.o
 .text.TIM_OC6_SetConfig
                0x000000000800b1a4       0xcc ./Drivers/STM32H7xx_HAL_Driver/Src/stm32h7xx_hal_tim.o
 .text.TIM_TI1_ConfigInputStage
                0x000000000800b270       0x5e ./Drivers/STM32H7xx_HAL_Driver/Src/stm32h7xx_hal_tim.o
 .text.TIM_TI2_ConfigInputStage
                0x000000000800b2ce       0x60 ./Drivers/STM32H7xx_HAL_Driver/Src/stm32h7xx_hal_tim.o
 *fill*         0x000000000800b32e        0x2 
 .text.TIM_ITRx_SetConfig
                0x000000000800b330       0x3c ./Drivers/STM32H7xx_HAL_Driver/Src/stm32h7xx_hal_tim.o
 .text.TIM_ETR_SetConfig
                0x000000000800b36c       0x40 ./Drivers/STM32H7xx_HAL_Driver/Src/stm32h7xx_hal_tim.o
                0x000000000800b36c                TIM_ETR_SetConfig
 .text.HAL_TIMEx_MasterConfigSynchronization
                0x000000000800b3ac      0x11c ./Drivers/STM32H7xx_HAL_Driver/Src/stm32h7xx_hal_tim_ex.o
                0x000000000800b3ac                HAL_TIMEx_MasterConfigSynchronization
 .text.HAL_TIMEx_ConfigBreakDeadTime
                0x000000000800b4c8       0xfc ./Drivers/STM32H7xx_HAL_Driver/Src/stm32h7xx_hal_tim_ex.o
                0x000000000800b4c8                HAL_TIMEx_ConfigBreakDeadTime
 .text.HAL_TIMEx_CommutCallback
                0x000000000800b5c4       0x14 ./Drivers/STM32H7xx_HAL_Driver/Src/stm32h7xx_hal_tim_ex.o
                0x000000000800b5c4                HAL_TIMEx_CommutCallback
 .text.HAL_TIMEx_BreakCallback
                0x000000000800b5d8       0x14 ./Drivers/STM32H7xx_HAL_Driver/Src/stm32h7xx_hal_tim_ex.o
                0x000000000800b5d8                HAL_TIMEx_BreakCallback
 .text.HAL_TIMEx_Break2Callback
                0x000000000800b5ec       0x14 ./Drivers/STM32H7xx_HAL_Driver/Src/stm32h7xx_hal_tim_ex.o
                0x000000000800b5ec                HAL_TIMEx_Break2Callback
 .text.USB_CoreInit
                0x000000000800b600       0xdc ./Drivers/STM32H7xx_HAL_Driver/Src/stm32h7xx_ll_usb.o
                0x000000000800b600                USB_CoreInit
 .text.USB_SetTurnaroundTime
                0x000000000800b6dc      0x144 ./Drivers/STM32H7xx_HAL_Driver/Src/stm32h7xx_ll_usb.o
                0x000000000800b6dc                USB_SetTurnaroundTime
 .text.USB_EnableGlobalInt
                0x000000000800b820       0x22 ./Drivers/STM32H7xx_HAL_Driver/Src/stm32h7xx_ll_usb.o
                0x000000000800b820                USB_EnableGlobalInt
 .text.USB_DisableGlobalInt
                0x000000000800b842       0x22 ./Drivers/STM32H7xx_HAL_Driver/Src/stm32h7xx_ll_usb.o
                0x000000000800b842                USB_DisableGlobalInt
 .text.USB_SetCurrentMode
                0x000000000800b864       0x98 ./Drivers/STM32H7xx_HAL_Driver/Src/stm32h7xx_ll_usb.o
                0x000000000800b864                USB_SetCurrentMode
 .text.USB_DevInit
                0x000000000800b8fc      0x2bc ./Drivers/STM32H7xx_HAL_Driver/Src/stm32h7xx_ll_usb.o
                0x000000000800b8fc                USB_DevInit
 .text.USB_FlushTxFifo
                0x000000000800bbb8       0x68 ./Drivers/STM32H7xx_HAL_Driver/Src/stm32h7xx_ll_usb.o
                0x000000000800bbb8                USB_FlushTxFifo
 .text.USB_FlushRxFifo
                0x000000000800bc20       0x60 ./Drivers/STM32H7xx_HAL_Driver/Src/stm32h7xx_ll_usb.o
                0x000000000800bc20                USB_FlushRxFifo
 .text.USB_SetDevSpeed
                0x000000000800bc80       0x32 ./Drivers/STM32H7xx_HAL_Driver/Src/stm32h7xx_ll_usb.o
                0x000000000800bc80                USB_SetDevSpeed
 .text.USB_GetDevSpeed
                0x000000000800bcb2       0x4a ./Drivers/STM32H7xx_HAL_Driver/Src/stm32h7xx_ll_usb.o
                0x000000000800bcb2                USB_GetDevSpeed
 .text.USB_ActivateEndpoint
                0x000000000800bcfc      0x110 ./Drivers/STM32H7xx_HAL_Driver/Src/stm32h7xx_ll_usb.o
                0x000000000800bcfc                USB_ActivateEndpoint
 .text.USB_DeactivateEndpoint
                0x000000000800be0c      0x1b8 ./Drivers/STM32H7xx_HAL_Driver/Src/stm32h7xx_ll_usb.o
                0x000000000800be0c                USB_DeactivateEndpoint
 .text.USB_EPStartXfer
                0x000000000800bfc4      0x4a0 ./Drivers/STM32H7xx_HAL_Driver/Src/stm32h7xx_ll_usb.o
                0x000000000800bfc4                USB_EPStartXfer
 .text.USB_EP0StartXfer
                0x000000000800c464      0x2b8 ./Drivers/STM32H7xx_HAL_Driver/Src/stm32h7xx_ll_usb.o
                0x000000000800c464                USB_EP0StartXfer
 .text.USB_EPStopXfer
                0x000000000800c71c      0x154 ./Drivers/STM32H7xx_HAL_Driver/Src/stm32h7xx_ll_usb.o
                0x000000000800c71c                USB_EPStopXfer
 .text.USB_WritePacket
                0x000000000800c870       0x7c ./Drivers/STM32H7xx_HAL_Driver/Src/stm32h7xx_ll_usb.o
                0x000000000800c870                USB_WritePacket
 .text.USB_ReadPacket
                0x000000000800c8ec       0xb0 ./Drivers/STM32H7xx_HAL_Driver/Src/stm32h7xx_ll_usb.o
                0x000000000800c8ec                USB_ReadPacket
 .text.USB_EPSetStall
                0x000000000800c99c       0xdc ./Drivers/STM32H7xx_HAL_Driver/Src/stm32h7xx_ll_usb.o
                0x000000000800c99c                USB_EPSetStall
 .text.USB_EPClearStall
                0x000000000800ca78       0xcc ./Drivers/STM32H7xx_HAL_Driver/Src/stm32h7xx_ll_usb.o
                0x000000000800ca78                USB_EPClearStall
 .text.USB_SetDevAddress
                0x000000000800cb44       0x4c ./Drivers/STM32H7xx_HAL_Driver/Src/stm32h7xx_ll_usb.o
                0x000000000800cb44                USB_SetDevAddress
 .text.USB_DevConnect
                0x000000000800cb90       0x42 ./Drivers/STM32H7xx_HAL_Driver/Src/stm32h7xx_ll_usb.o
                0x000000000800cb90                USB_DevConnect
 .text.USB_DevDisconnect
                0x000000000800cbd2       0x42 ./Drivers/STM32H7xx_HAL_Driver/Src/stm32h7xx_ll_usb.o
                0x000000000800cbd2                USB_DevDisconnect
 .text.USB_ReadInterrupts
                0x000000000800cc14       0x26 ./Drivers/STM32H7xx_HAL_Driver/Src/stm32h7xx_ll_usb.o
                0x000000000800cc14                USB_ReadInterrupts
 .text.USB_ReadDevAllOutEpInterrupt
                0x000000000800cc3a       0x34 ./Drivers/STM32H7xx_HAL_Driver/Src/stm32h7xx_ll_usb.o
                0x000000000800cc3a                USB_ReadDevAllOutEpInterrupt
 .text.USB_ReadDevAllInEpInterrupt
                0x000000000800cc6e       0x34 ./Drivers/STM32H7xx_HAL_Driver/Src/stm32h7xx_ll_usb.o
                0x000000000800cc6e                USB_ReadDevAllInEpInterrupt
 .text.USB_ReadDevOutEPInterrupt
                0x000000000800cca2       0x3c ./Drivers/STM32H7xx_HAL_Driver/Src/stm32h7xx_ll_usb.o
                0x000000000800cca2                USB_ReadDevOutEPInterrupt
 .text.USB_ReadDevInEPInterrupt
                0x000000000800ccde       0x5c ./Drivers/STM32H7xx_HAL_Driver/Src/stm32h7xx_ll_usb.o
                0x000000000800ccde                USB_ReadDevInEPInterrupt
 .text.USB_GetMode
                0x000000000800cd3a       0x1c ./Drivers/STM32H7xx_HAL_Driver/Src/stm32h7xx_ll_usb.o
                0x000000000800cd3a                USB_GetMode
 *fill*         0x000000000800cd56        0x2 
 .text.USB_ActivateSetup
                0x000000000800cd58       0x48 ./Drivers/STM32H7xx_HAL_Driver/Src/stm32h7xx_ll_usb.o
                0x000000000800cd58                USB_ActivateSetup
 .text.USB_EP0_OutStart
                0x000000000800cda0       0xbc ./Drivers/STM32H7xx_HAL_Driver/Src/stm32h7xx_ll_usb.o
                0x000000000800cda0                USB_EP0_OutStart
 .text.USB_CoreReset
                0x000000000800ce5c       0x68 ./Drivers/STM32H7xx_HAL_Driver/Src/stm32h7xx_ll_usb.o
 .text.vTaskSwitchContext
                0x000000000800cec4       0xc8 ./FreeRTOS/tasks.o
                0x000000000800cec4                vTaskSwitchContext
 *fill*         0x000000000800cf8c        0x4 
 .text.SVC_Handler
                0x000000000800cf90       0x28 ./FreeRTOS/portable/GCC/ARM_CM4F/port.o
                0x000000000800cf90                SVC_Handler
 *fill*         0x000000000800cfb8        0x8 
 .text.PendSV_Handler
                0x000000000800cfc0       0x68 ./FreeRTOS/portable/GCC/ARM_CM4F/port.o
                0x000000000800cfc0                PendSV_Handler
 .text.USBD_CDC_Init
                0x000000000800d028      0x1f0 ./Middlewares/ST/STM32_USB_Device_Library/Class/CDC/Src/usbd_cdc.o
 .text.USBD_CDC_DeInit
                0x000000000800d218      0x104 ./Middlewares/ST/STM32_USB_Device_Library/Class/CDC/Src/usbd_cdc.o
 .text.USBD_CDC_Setup
                0x000000000800d31c      0x1b8 ./Middlewares/ST/STM32_USB_Device_Library/Class/CDC/Src/usbd_cdc.o
 .text.USBD_CDC_DataIn
                0x000000000800d4d4       0xfe ./Middlewares/ST/STM32_USB_Device_Library/Class/CDC/Src/usbd_cdc.o
 .text.USBD_CDC_DataOut
                0x000000000800d5d2       0x70 ./Middlewares/ST/STM32_USB_Device_Library/Class/CDC/Src/usbd_cdc.o
 .text.USBD_CDC_EP0_RxReady
                0x000000000800d642       0x76 ./Middlewares/ST/STM32_USB_Device_Library/Class/CDC/Src/usbd_cdc.o
 .text.USBD_CDC_GetFSCfgDesc
                0x000000000800d6b8       0x70 ./Middlewares/ST/STM32_USB_Device_Library/Class/CDC/Src/usbd_cdc.o
 .text.USBD_CDC_GetHSCfgDesc
                0x000000000800d728       0x70 ./Middlewares/ST/STM32_USB_Device_Library/Class/CDC/Src/usbd_cdc.o
 .text.USBD_CDC_GetOtherSpeedCfgDesc
                0x000000000800d798       0x70 ./Middlewares/ST/STM32_USB_Device_Library/Class/CDC/Src/usbd_cdc.o
 .text.USBD_CDC_GetDeviceQualifierDescriptor
                0x000000000800d808       0x20 ./Middlewares/ST/STM32_USB_Device_Library/Class/CDC/Src/usbd_cdc.o
                0x000000000800d808                USBD_CDC_GetDeviceQualifierDescriptor
 .text.USBD_CDC_RegisterInterface
                0x000000000800d828       0x34 ./Middlewares/ST/STM32_USB_Device_Library/Class/CDC/Src/usbd_cdc.o
                0x000000000800d828                USBD_CDC_RegisterInterface
 .text.USBD_CDC_SetTxBuffer
                0x000000000800d85c       0x44 ./Middlewares/ST/STM32_USB_Device_Library/Class/CDC/Src/usbd_cdc.o
                0x000000000800d85c                USBD_CDC_SetTxBuffer
 .text.USBD_CDC_SetRxBuffer
                0x000000000800d8a0       0x3a ./Middlewares/ST/STM32_USB_Device_Library/Class/CDC/Src/usbd_cdc.o
                0x000000000800d8a0                USBD_CDC_SetRxBuffer
 *fill*         0x000000000800d8da        0x2 
 .text.USBD_CDC_ReceivePacket
                0x000000000800d8dc       0x6c ./Middlewares/ST/STM32_USB_Device_Library/Class/CDC/Src/usbd_cdc.o
                0x000000000800d8dc                USBD_CDC_ReceivePacket
 .text.USBD_Init
                0x000000000800d948       0x60 ./Middlewares/ST/STM32_USB_Device_Library/Core/Src/usbd_core.o
                0x000000000800d948                USBD_Init
 .text.USBD_RegisterClass
                0x000000000800d9a8       0x6c ./Middlewares/ST/STM32_USB_Device_Library/Core/Src/usbd_core.o
                0x000000000800d9a8                USBD_RegisterClass
 .text.USBD_Start
                0x000000000800da14       0x18 ./Middlewares/ST/STM32_USB_Device_Library/Core/Src/usbd_core.o
                0x000000000800da14                USBD_Start
 .text.USBD_RunTestMode
                0x000000000800da2c       0x16 ./Middlewares/ST/STM32_USB_Device_Library/Core/Src/usbd_core.o
                0x000000000800da2c                USBD_RunTestMode
 .text.USBD_SetClassConfig
                0x000000000800da42       0x38 ./Middlewares/ST/STM32_USB_Device_Library/Core/Src/usbd_core.o
                0x000000000800da42                USBD_SetClassConfig
 .text.USBD_ClrClassConfig
                0x000000000800da7a       0x34 ./Middlewares/ST/STM32_USB_Device_Library/Core/Src/usbd_core.o
                0x000000000800da7a                USBD_ClrClassConfig
 .text.USBD_LL_SetupStage
                0x000000000800daae       0xaa ./Middlewares/ST/STM32_USB_Device_Library/Core/Src/usbd_core.o
                0x000000000800daae                USBD_LL_SetupStage
 .text.USBD_LL_DataOutStage
                0x000000000800db58      0x166 ./Middlewares/ST/STM32_USB_Device_Library/Core/Src/usbd_core.o
                0x000000000800db58                USBD_LL_DataOutStage
 .text.USBD_LL_DataInStage
                0x000000000800dcbe      0x164 ./Middlewares/ST/STM32_USB_Device_Library/Core/Src/usbd_core.o
                0x000000000800dcbe                USBD_LL_DataInStage
 .text.USBD_LL_Reset
                0x000000000800de22       0xa4 ./Middlewares/ST/STM32_USB_Device_Library/Core/Src/usbd_core.o
                0x000000000800de22                USBD_LL_Reset
 .text.USBD_LL_SetSpeed
                0x000000000800dec6       0x20 ./Middlewares/ST/STM32_USB_Device_Library/Core/Src/usbd_core.o
                0x000000000800dec6                USBD_LL_SetSpeed
 .text.USBD_LL_Suspend
                0x000000000800dee6       0x2c ./Middlewares/ST/STM32_USB_Device_Library/Core/Src/usbd_core.o
                0x000000000800dee6                USBD_LL_Suspend
 .text.USBD_LL_Resume
                0x000000000800df12       0x30 ./Middlewares/ST/STM32_USB_Device_Library/Core/Src/usbd_core.o
                0x000000000800df12                USBD_LL_Resume
 .text.USBD_LL_SOF
                0x000000000800df42       0x40 ./Middlewares/ST/STM32_USB_Device_Library/Core/Src/usbd_core.o
                0x000000000800df42                USBD_LL_SOF
 .text.USBD_LL_IsoINIncomplete
                0x000000000800df82       0x64 ./Middlewares/ST/STM32_USB_Device_Library/Core/Src/usbd_core.o
                0x000000000800df82                USBD_LL_IsoINIncomplete
 .text.USBD_LL_IsoOUTIncomplete
                0x000000000800dfe6       0x64 ./Middlewares/ST/STM32_USB_Device_Library/Core/Src/usbd_core.o
                0x000000000800dfe6                USBD_LL_IsoOUTIncomplete
 .text.USBD_LL_DevConnected
                0x000000000800e04a       0x16 ./Middlewares/ST/STM32_USB_Device_Library/Core/Src/usbd_core.o
                0x000000000800e04a                USBD_LL_DevConnected
 .text.USBD_LL_DevDisconnected
                0x000000000800e060       0x46 ./Middlewares/ST/STM32_USB_Device_Library/Core/Src/usbd_core.o
                0x000000000800e060                USBD_LL_DevDisconnected
 .text.USBD_CoreFindIF
                0x000000000800e0a6       0x1a ./Middlewares/ST/STM32_USB_Device_Library/Core/Src/usbd_core.o
                0x000000000800e0a6                USBD_CoreFindIF
 .text.USBD_CoreFindEP
                0x000000000800e0c0       0x1a ./Middlewares/ST/STM32_USB_Device_Library/Core/Src/usbd_core.o
                0x000000000800e0c0                USBD_CoreFindEP
 .text.USBD_GetEpDesc
                0x000000000800e0da       0x74 ./Middlewares/ST/STM32_USB_Device_Library/Core/Src/usbd_core.o
                0x000000000800e0da                USBD_GetEpDesc
 .text.USBD_GetNextDesc
                0x000000000800e14e       0x3a ./Middlewares/ST/STM32_USB_Device_Library/Core/Src/usbd_core.o
                0x000000000800e14e                USBD_GetNextDesc
 .text.SWAPBYTE
                0x000000000800e188       0x3c ./Middlewares/ST/STM32_USB_Device_Library/Core/Src/usbd_ctlreq.o
 .text.USBD_StdDevReq
                0x000000000800e1c4       0xe4 ./Middlewares/ST/STM32_USB_Device_Library/Core/Src/usbd_ctlreq.o
                0x000000000800e1c4                USBD_StdDevReq
 .text.USBD_StdItfReq
                0x000000000800e2a8       0xd8 ./Middlewares/ST/STM32_USB_Device_Library/Core/Src/usbd_ctlreq.o
                0x000000000800e2a8                USBD_StdItfReq
 .text.USBD_StdEPReq
                0x000000000800e380      0x33a ./Middlewares/ST/STM32_USB_Device_Library/Core/Src/usbd_ctlreq.o
                0x000000000800e380                USBD_StdEPReq
 *fill*         0x000000000800e6ba        0x2 
 .text.USBD_GetDescriptor
                0x000000000800e6bc      0x2d4 ./Middlewares/ST/STM32_USB_Device_Library/Core/Src/usbd_ctlreq.o
 .text.USBD_SetAddress
                0x000000000800e990       0x88 ./Middlewares/ST/STM32_USB_Device_Library/Core/Src/usbd_ctlreq.o
 .text.USBD_SetConfig
                0x000000000800ea18      0x154 ./Middlewares/ST/STM32_USB_Device_Library/Core/Src/usbd_ctlreq.o
 .text.USBD_GetConfig
                0x000000000800eb6c       0x6c ./Middlewares/ST/STM32_USB_Device_Library/Core/Src/usbd_ctlreq.o
 .text.USBD_GetStatus
                0x000000000800ebd8       0x68 ./Middlewares/ST/STM32_USB_Device_Library/Core/Src/usbd_ctlreq.o
 .text.USBD_SetFeature
                0x000000000800ec40       0x52 ./Middlewares/ST/STM32_USB_Device_Library/Core/Src/usbd_ctlreq.o
 .text.USBD_ClrFeature
                0x000000000800ec92       0x44 ./Middlewares/ST/STM32_USB_Device_Library/Core/Src/usbd_ctlreq.o
 .text.USBD_ParseSetupRequest
                0x000000000800ecd6       0x74 ./Middlewares/ST/STM32_USB_Device_Library/Core/Src/usbd_ctlreq.o
                0x000000000800ecd6                USBD_ParseSetupRequest
 .text.USBD_CtlError
                0x000000000800ed4a       0x22 ./Middlewares/ST/STM32_USB_Device_Library/Core/Src/usbd_ctlreq.o
                0x000000000800ed4a                USBD_CtlError
 .text.USBD_GetString
                0x000000000800ed6c       0x8c ./Middlewares/ST/STM32_USB_Device_Library/Core/Src/usbd_ctlreq.o
                0x000000000800ed6c                USBD_GetString
 .text.USBD_GetLen
                0x000000000800edf8       0x34 ./Middlewares/ST/STM32_USB_Device_Library/Core/Src/usbd_ctlreq.o
 .text.USBD_CtlSendData
                0x000000000800ee2c       0x36 ./Middlewares/ST/STM32_USB_Device_Library/Core/Src/usbd_ioreq.o
                0x000000000800ee2c                USBD_CtlSendData
 .text.USBD_CtlContinueSendData
                0x000000000800ee62       0x22 ./Middlewares/ST/STM32_USB_Device_Library/Core/Src/usbd_ioreq.o
                0x000000000800ee62                USBD_CtlContinueSendData
 .text.USBD_CtlPrepareRx
                0x000000000800ee84       0x3a ./Middlewares/ST/STM32_USB_Device_Library/Core/Src/usbd_ioreq.o
                0x000000000800ee84                USBD_CtlPrepareRx
 .text.USBD_CtlContinueRx
                0x000000000800eebe       0x22 ./Middlewares/ST/STM32_USB_Device_Library/Core/Src/usbd_ioreq.o
                0x000000000800eebe                USBD_CtlContinueRx
 .text.USBD_CtlSendStatus
                0x000000000800eee0       0x26 ./Middlewares/ST/STM32_USB_Device_Library/Core/Src/usbd_ioreq.o
                0x000000000800eee0                USBD_CtlSendStatus
 .text.USBD_CtlReceiveStatus
                0x000000000800ef06       0x26 ./Middlewares/ST/STM32_USB_Device_Library/Core/Src/usbd_ioreq.o
                0x000000000800ef06                USBD_CtlReceiveStatus
 .text.MX_USB_DEVICE_Init
                0x000000000800ef2c       0x64 ./USB_DEVICE/App/usb_device.o
                0x000000000800ef2c                MX_USB_DEVICE_Init
 .text.CDC_Init_FS
                0x000000000800ef90       0x28 ./USB_DEVICE/App/usbd_cdc_if.o
 .text.CDC_DeInit_FS
                0x000000000800efb8       0x10 ./USB_DEVICE/App/usbd_cdc_if.o
 .text.CDC_Control_FS
                0x000000000800efc8       0xbc ./USB_DEVICE/App/usbd_cdc_if.o
 .text.CDC_Receive_FS
                0x000000000800f084       0x28 ./USB_DEVICE/App/usbd_cdc_if.o
 .text.CDC_TransmitCplt_FS
                0x000000000800f0ac       0x22 ./USB_DEVICE/App/usbd_cdc_if.o
 *fill*         0x000000000800f0ce        0x2 
 .text.USBD_FS_DeviceDescriptor
                0x000000000800f0d0       0x24 ./USB_DEVICE/App/usbd_desc.o
                0x000000000800f0d0                USBD_FS_DeviceDescriptor
 .text.USBD_FS_LangIDStrDescriptor
                0x000000000800f0f4       0x24 ./USB_DEVICE/App/usbd_desc.o
                0x000000000800f0f4                USBD_FS_LangIDStrDescriptor
 .text.USBD_FS_ProductStrDescriptor
                0x000000000800f118       0x3c ./USB_DEVICE/App/usbd_desc.o
                0x000000000800f118                USBD_FS_ProductStrDescriptor
 .text.USBD_FS_ManufacturerStrDescriptor
                0x000000000800f154       0x28 ./USB_DEVICE/App/usbd_desc.o
                0x000000000800f154                USBD_FS_ManufacturerStrDescriptor
 .text.USBD_FS_SerialStrDescriptor
                0x000000000800f17c       0x24 ./USB_DEVICE/App/usbd_desc.o
                0x000000000800f17c                USBD_FS_SerialStrDescriptor
 .text.USBD_FS_ConfigStrDescriptor
                0x000000000800f1a0       0x3c ./USB_DEVICE/App/usbd_desc.o
                0x000000000800f1a0                USBD_FS_ConfigStrDescriptor
 .text.USBD_FS_InterfaceStrDescriptor
                0x000000000800f1dc       0x3c ./USB_DEVICE/App/usbd_desc.o
                0x000000000800f1dc                USBD_FS_InterfaceStrDescriptor
 .text.Get_SerialNum
                0x000000000800f218       0x58 ./USB_DEVICE/App/usbd_desc.o
 .text.IntToUnicode
                0x000000000800f270       0x7e ./USB_DEVICE/App/usbd_desc.o
 *fill*         0x000000000800f2ee        0x2 
 .text.HAL_PCD_MspInit
                0x000000000800f2f0      0x100 ./USB_DEVICE/Target/usbd_conf.o
                0x000000000800f2f0                HAL_PCD_MspInit
 .text.HAL_PCD_SetupStageCallback
                0x000000000800f3f0       0x24 ./USB_DEVICE/Target/usbd_conf.o
                0x000000000800f3f0                HAL_PCD_SetupStageCallback
 .text.HAL_PCD_DataOutStageCallback
                0x000000000800f414       0x36 ./USB_DEVICE/Target/usbd_conf.o
                0x000000000800f414                HAL_PCD_DataOutStageCallback
 .text.HAL_PCD_DataInStageCallback
                0x000000000800f44a       0x34 ./USB_DEVICE/Target/usbd_conf.o
                0x000000000800f44a                HAL_PCD_DataInStageCallback
 .text.HAL_PCD_SOFCallback
                0x000000000800f47e       0x1c ./USB_DEVICE/Target/usbd_conf.o
                0x000000000800f47e                HAL_PCD_SOFCallback
 .text.HAL_PCD_ResetCallback
                0x000000000800f49a       0x50 ./USB_DEVICE/Target/usbd_conf.o
                0x000000000800f49a                HAL_PCD_ResetCallback
 *fill*         0x000000000800f4ea        0x2 
 .text.HAL_PCD_SuspendCallback
                0x000000000800f4ec       0x4c ./USB_DEVICE/Target/usbd_conf.o
                0x000000000800f4ec                HAL_PCD_SuspendCallback
 .text.HAL_PCD_ResumeCallback
                0x000000000800f538       0x1c ./USB_DEVICE/Target/usbd_conf.o
                0x000000000800f538                HAL_PCD_ResumeCallback
 .text.HAL_PCD_ISOOUTIncompleteCallback
                0x000000000800f554       0x24 ./USB_DEVICE/Target/usbd_conf.o
                0x000000000800f554                HAL_PCD_ISOOUTIncompleteCallback
 .text.HAL_PCD_ISOINIncompleteCallback
                0x000000000800f578       0x24 ./USB_DEVICE/Target/usbd_conf.o
                0x000000000800f578                HAL_PCD_ISOINIncompleteCallback
 .text.HAL_PCD_ConnectCallback
                0x000000000800f59c       0x1c ./USB_DEVICE/Target/usbd_conf.o
                0x000000000800f59c                HAL_PCD_ConnectCallback
 .text.HAL_PCD_DisconnectCallback
                0x000000000800f5b8       0x1c ./USB_DEVICE/Target/usbd_conf.o
                0x000000000800f5b8                HAL_PCD_DisconnectCallback
 .text.USBD_LL_Init
                0x000000000800f5d4       0xa0 ./USB_DEVICE/Target/usbd_conf.o
                0x000000000800f5d4                USBD_LL_Init
 .text.USBD_LL_Start
                0x000000000800f674       0x36 ./USB_DEVICE/Target/usbd_conf.o
                0x000000000800f674                USBD_LL_Start
 .text.USBD_LL_OpenEP
                0x000000000800f6aa       0x4c ./USB_DEVICE/Target/usbd_conf.o
                0x000000000800f6aa                USBD_LL_OpenEP
 .text.USBD_LL_CloseEP
                0x000000000800f6f6       0x3e ./USB_DEVICE/Target/usbd_conf.o
                0x000000000800f6f6                USBD_LL_CloseEP
 .text.USBD_LL_StallEP
                0x000000000800f734       0x3e ./USB_DEVICE/Target/usbd_conf.o
                0x000000000800f734                USBD_LL_StallEP
 .text.USBD_LL_ClearStallEP
                0x000000000800f772       0x3e ./USB_DEVICE/Target/usbd_conf.o
                0x000000000800f772                USBD_LL_ClearStallEP
 .text.USBD_LL_IsStallEP
                0x000000000800f7b0       0x58 ./USB_DEVICE/Target/usbd_conf.o
                0x000000000800f7b0                USBD_LL_IsStallEP
 .text.USBD_LL_SetUSBAddress
                0x000000000800f808       0x3e ./USB_DEVICE/Target/usbd_conf.o
                0x000000000800f808                USBD_LL_SetUSBAddress
 .text.USBD_LL_Transmit
                0x000000000800f846       0x42 ./USB_DEVICE/Target/usbd_conf.o
                0x000000000800f846                USBD_LL_Transmit
 .text.USBD_LL_PrepareReceive
                0x000000000800f888       0x42 ./USB_DEVICE/Target/usbd_conf.o
                0x000000000800f888                USBD_LL_PrepareReceive
 .text.USBD_LL_GetRxDataSize
                0x000000000800f8ca       0x26 ./USB_DEVICE/Target/usbd_conf.o
                0x000000000800f8ca                USBD_LL_GetRxDataSize
 .text.USBD_static_malloc
                0x000000000800f8f0       0x1c ./USB_DEVICE/Target/usbd_conf.o
                0x000000000800f8f0                USBD_static_malloc
 .text.USBD_static_free
                0x000000000800f90c       0x14 ./USB_DEVICE/Target/usbd_conf.o
                0x000000000800f90c                USBD_static_free
 .text.USBD_Get_USB_Status
                0x000000000800f920       0x58 ./USB_DEVICE/Target/usbd_conf.o
                0x000000000800f920                USBD_Get_USB_Status
 .text.__libc_init_array
                0x000000000800f978       0x48 /opt/st/stm32cubeide_1.9.0/plugins/com.st.stm32cube.ide.mcu.externaltools.gnu-tools-for-stm32.10.3-2021.10.linux64_1.0.0.202111181127/tools/bin/../lib/gcc/arm-none-eabi/10.3.1/../../../../arm-none-eabi/lib/thumb/v7e-m+dp/hard/libc_nano.a(lib_a-init.o)
                0x000000000800f978                __libc_init_array
 .text.memcpy   0x000000000800f9c0       0x1c /opt/st/stm32cubeide_1.9.0/plugins/com.st.stm32cube.ide.mcu.externaltools.gnu-tools-for-stm32.10.3-2021.10.linux64_1.0.0.202111181127/tools/bin/../lib/gcc/arm-none-eabi/10.3.1/../../../../arm-none-eabi/lib/thumb/v7e-m+dp/hard/libc_nano.a(lib_a-memcpy-stub.o)
                0x000000000800f9c0                memcpy
 .text.memset   0x000000000800f9dc       0x10 /opt/st/stm32cubeide_1.9.0/plugins/com.st.stm32cube.ide.mcu.externaltools.gnu-tools-for-stm32.10.3-2021.10.linux64_1.0.0.202111181127/tools/bin/../lib/gcc/arm-none-eabi/10.3.1/../../../../arm-none-eabi/lib/thumb/v7e-m+dp/hard/libc_nano.a(lib_a-memset.o)
                0x000000000800f9dc                memset
 *(.glue_7)
 .glue_7        0x000000000800f9ec        0x0 linker stubs
 *(.glue_7t)
 .glue_7t       0x000000000800f9ec        0x0 linker stubs
 *(.eh_frame)
 .eh_frame      0x000000000800f9ec        0x0 /opt/st/stm32cubeide_1.9.0/plugins/com.st.stm32cube.ide.mcu.externaltools.gnu-tools-for-stm32.10.3-2021.10.linux64_1.0.0.202111181127/tools/bin/../lib/gcc/arm-none-eabi/10.3.1/thumb/v7e-m+dp/hard/crtbegin.o
 *(.init)
 .init          0x000000000800f9ec        0x4 /opt/st/stm32cubeide_1.9.0/plugins/com.st.stm32cube.ide.mcu.externaltools.gnu-tools-for-stm32.10.3-2021.10.linux64_1.0.0.202111181127/tools/bin/../lib/gcc/arm-none-eabi/10.3.1/thumb/v7e-m+dp/hard/crti.o
                0x000000000800f9ec                _init
 .init          0x000000000800f9f0        0x8 /opt/st/stm32cubeide_1.9.0/plugins/com.st.stm32cube.ide.mcu.externaltools.gnu-tools-for-stm32.10.3-2021.10.linux64_1.0.0.202111181127/tools/bin/../lib/gcc/arm-none-eabi/10.3.1/thumb/v7e-m+dp/hard/crtn.o
 *(.fini)
 .fini          0x000000000800f9f8        0x4 /opt/st/stm32cubeide_1.9.0/plugins/com.st.stm32cube.ide.mcu.externaltools.gnu-tools-for-stm32.10.3-2021.10.linux64_1.0.0.202111181127/tools/bin/../lib/gcc/arm-none-eabi/10.3.1/thumb/v7e-m+dp/hard/crti.o
                0x000000000800f9f8                _fini
 .fini          0x000000000800f9fc        0x8 /opt/st/stm32cubeide_1.9.0/plugins/com.st.stm32cube.ide.mcu.externaltools.gnu-tools-for-stm32.10.3-2021.10.linux64_1.0.0.202111181127/tools/bin/../lib/gcc/arm-none-eabi/10.3.1/thumb/v7e-m+dp/hard/crtn.o
                0x000000000800fa04                . = ALIGN (0x4)
                0x000000000800fa04                _etext = .

.vfp11_veneer   0x000000000800fa04        0x0
 .vfp11_veneer  0x000000000800fa04        0x0 linker stubs

.v4_bx          0x000000000800fa04        0x0
 .v4_bx         0x000000000800fa04        0x0 linker stubs

.iplt           0x000000000800fa04        0x0
 .iplt          0x000000000800fa04        0x0 /opt/st/stm32cubeide_1.9.0/plugins/com.st.stm32cube.ide.mcu.externaltools.gnu-tools-for-stm32.10.3-2021.10.linux64_1.0.0.202111181127/tools/bin/../lib/gcc/arm-none-eabi/10.3.1/thumb/v7e-m+dp/hard/crtbegin.o

.rodata         0x000000000800fa04      0x10c
                0x000000000800fa04                . = ALIGN (0x4)
 *(.rodata)
 .rodata        0x000000000800fa04       0x4c ./Drivers/STM32H7xx_HAL_Driver/Src/stm32h7xx_hal_fdcan.o
 .rodata        0x000000000800fa50       0x46 ./USB_DEVICE/App/usbd_desc.o
 *(.rodata*)
 *fill*         0x000000000800fa96        0x2 
 .rodata.D1CorePrescTable
                0x000000000800fa98       0x10 ./Core/Src/system_stm32h7xx.o
                0x000000000800fa98                D1CorePrescTable
 .rodata.flagBitshiftOffset.0
                0x000000000800faa8        0x8 ./Drivers/STM32H7xx_HAL_Driver/Src/stm32h7xx_hal_dma.o
 .rodata.__sf_fake_stderr
                0x000000000800fab0       0x20 /opt/st/stm32cubeide_1.9.0/plugins/com.st.stm32cube.ide.mcu.externaltools.gnu-tools-for-stm32.10.3-2021.10.linux64_1.0.0.202111181127/tools/bin/../lib/gcc/arm-none-eabi/10.3.1/../../../../arm-none-eabi/lib/thumb/v7e-m+dp/hard/libc_nano.a(lib_a-findfp.o)
                0x000000000800fab0                __sf_fake_stderr
 .rodata.__sf_fake_stdin
                0x000000000800fad0       0x20 /opt/st/stm32cubeide_1.9.0/plugins/com.st.stm32cube.ide.mcu.externaltools.gnu-tools-for-stm32.10.3-2021.10.linux64_1.0.0.202111181127/tools/bin/../lib/gcc/arm-none-eabi/10.3.1/../../../../arm-none-eabi/lib/thumb/v7e-m+dp/hard/libc_nano.a(lib_a-findfp.o)
                0x000000000800fad0                __sf_fake_stdin
 .rodata.__sf_fake_stdout
                0x000000000800faf0       0x20 /opt/st/stm32cubeide_1.9.0/plugins/com.st.stm32cube.ide.mcu.externaltools.gnu-tools-for-stm32.10.3-2021.10.linux64_1.0.0.202111181127/tools/bin/../lib/gcc/arm-none-eabi/10.3.1/../../../../arm-none-eabi/lib/thumb/v7e-m+dp/hard/libc_nano.a(lib_a-findfp.o)
                0x000000000800faf0                __sf_fake_stdout
                0x000000000800fb10                . = ALIGN (0x4)

.rel.dyn        0x000000000800fb10        0x0
 .rel.iplt      0x000000000800fb10        0x0 /opt/st/stm32cubeide_1.9.0/plugins/com.st.stm32cube.ide.mcu.externaltools.gnu-tools-for-stm32.10.3-2021.10.linux64_1.0.0.202111181127/tools/bin/../lib/gcc/arm-none-eabi/10.3.1/thumb/v7e-m+dp/hard/crtbegin.o

.ARM.extab
 *(.ARM.extab* .gnu.linkonce.armextab.*)

.ARM            0x000000000800fb10        0x0
                0x000000000800fb10                __exidx_start = .
 *(.ARM.exidx*)
                0x000000000800fb10                __exidx_end = .

.preinit_array  0x000000000800fb10        0x0
                0x000000000800fb10                PROVIDE (__preinit_array_start = .)
 *(.preinit_array*)
                0x000000000800fb10                PROVIDE (__preinit_array_end = .)

.init_array     0x000000000800fb10        0x4
                0x000000000800fb10                PROVIDE (__init_array_start = .)
 *(SORT_BY_NAME(.init_array.*))
 *(.init_array*)
 .init_array    0x000000000800fb10        0x4 /opt/st/stm32cubeide_1.9.0/plugins/com.st.stm32cube.ide.mcu.externaltools.gnu-tools-for-stm32.10.3-2021.10.linux64_1.0.0.202111181127/tools/bin/../lib/gcc/arm-none-eabi/10.3.1/thumb/v7e-m+dp/hard/crtbegin.o
                0x000000000800fb14                PROVIDE (__init_array_end = .)

.fini_array     0x000000000800fb14        0x4
                [!provide]                        PROVIDE (__fini_array_start = .)
 *(SORT_BY_NAME(.fini_array.*))
 *(.fini_array*)
 .fini_array    0x000000000800fb14        0x4 /opt/st/stm32cubeide_1.9.0/plugins/com.st.stm32cube.ide.mcu.externaltools.gnu-tools-for-stm32.10.3-2021.10.linux64_1.0.0.202111181127/tools/bin/../lib/gcc/arm-none-eabi/10.3.1/thumb/v7e-m+dp/hard/crtbegin.o
                [!provide]                        PROVIDE (__fini_array_end = .)
                0x000000000800fb18                _sidata = LOADADDR (.data)

.data           0x0000000024000000      0x164 load address 0x000000000800fb18
                0x0000000024000000                . = ALIGN (0x4)
                0x0000000024000000                _sdata = .
 *(.data)
 *(.data*)
 .data.SystemCoreClock
                0x0000000024000000        0x4 ./Core/Src/system_stm32h7xx.o
                0x0000000024000000                SystemCoreClock
 .data.SystemD2Clock
                0x0000000024000004        0x4 ./Core/Src/system_stm32h7xx.o
                0x0000000024000004                SystemD2Clock
 .data.uwTickPrio
                0x0000000024000008        0x4 ./Drivers/STM32H7xx_HAL_Driver/Src/stm32h7xx_hal.o
                0x0000000024000008                uwTickPrio
 .data.uwTickFreq
                0x000000002400000c        0x1 ./Drivers/STM32H7xx_HAL_Driver/Src/stm32h7xx_hal.o
                0x000000002400000c                uwTickFreq
 *fill*         0x000000002400000d        0x3 
 .data.USBD_CDC_DeviceQualifierDesc
                0x0000000024000010        0xa ./Middlewares/ST/STM32_USB_Device_Library/Class/CDC/Src/usbd_cdc.o
 *fill*         0x000000002400001a        0x2 
 .data.USBD_CDC
                0x000000002400001c       0x38 ./Middlewares/ST/STM32_USB_Device_Library/Class/CDC/Src/usbd_cdc.o
                0x000000002400001c                USBD_CDC
 .data.USBD_CDC_CfgDesc
                0x0000000024000054       0x43 ./Middlewares/ST/STM32_USB_Device_Library/Class/CDC/Src/usbd_cdc.o
 .data.CDCInEpAdd
                0x0000000024000097        0x1 ./Middlewares/ST/STM32_USB_Device_Library/Class/CDC/Src/usbd_cdc.o
 .data.CDCOutEpAdd
                0x0000000024000098        0x1 ./Middlewares/ST/STM32_USB_Device_Library/Class/CDC/Src/usbd_cdc.o
 .data.CDCCmdEpAdd
                0x0000000024000099        0x1 ./Middlewares/ST/STM32_USB_Device_Library/Class/CDC/Src/usbd_cdc.o
 *fill*         0x000000002400009a        0x2 
 .data.USBD_Interface_fops_FS
                0x000000002400009c       0x14 ./USB_DEVICE/App/usbd_cdc_if.o
                0x000000002400009c                USBD_Interface_fops_FS
 .data.FS_Desc  0x00000000240000b0       0x1c ./USB_DEVICE/App/usbd_desc.o
                0x00000000240000b0                FS_Desc
 .data.USBD_FS_DeviceDesc
                0x00000000240000cc       0x12 ./USB_DEVICE/App/usbd_desc.o
                0x00000000240000cc                USBD_FS_DeviceDesc
 *fill*         0x00000000240000de        0x2 
 .data.USBD_LangIDDesc
                0x00000000240000e0        0x4 ./USB_DEVICE/App/usbd_desc.o
                0x00000000240000e0                USBD_LangIDDesc
 .data.USBD_StringSerial
                0x00000000240000e4       0x1a ./USB_DEVICE/App/usbd_desc.o
                0x00000000240000e4                USBD_StringSerial
 *fill*         0x00000000240000fe        0x2 
 .data._impure_ptr
                0x0000000024000100        0x4 /opt/st/stm32cubeide_1.9.0/plugins/com.st.stm32cube.ide.mcu.externaltools.gnu-tools-for-stm32.10.3-2021.10.linux64_1.0.0.202111181127/tools/bin/../lib/gcc/arm-none-eabi/10.3.1/../../../../arm-none-eabi/lib/thumb/v7e-m+dp/hard/libc_nano.a(lib_a-impure.o)
                0x0000000024000100                _impure_ptr
 .data.impure_data
                0x0000000024000104       0x60 /opt/st/stm32cubeide_1.9.0/plugins/com.st.stm32cube.ide.mcu.externaltools.gnu-tools-for-stm32.10.3-2021.10.linux64_1.0.0.202111181127/tools/bin/../lib/gcc/arm-none-eabi/10.3.1/../../../../arm-none-eabi/lib/thumb/v7e-m+dp/hard/libc_nano.a(lib_a-impure.o)
 *(.RamFunc)
 *(.RamFunc*)
                0x0000000024000164                . = ALIGN (0x4)
                0x0000000024000164                _edata = .

.igot.plt       0x0000000024000164        0x0 load address 0x000000000800fc7c
 .igot.plt      0x0000000024000164        0x0 /opt/st/stm32cubeide_1.9.0/plugins/com.st.stm32cube.ide.mcu.externaltools.gnu-tools-for-stm32.10.3-2021.10.linux64_1.0.0.202111181127/tools/bin/../lib/gcc/arm-none-eabi/10.3.1/thumb/v7e-m+dp/hard/crtbegin.o
                0x0000000024000164                . = ALIGN (0x4)

.bss            0x0000000024000164     0x2544 load address 0x000000000800fc7c
                0x0000000024000164                _sbss = .
                0x0000000024000164                __bss_start__ = _sbss
 *(.bss)
 .bss           0x0000000024000164       0x1c /opt/st/stm32cubeide_1.9.0/plugins/com.st.stm32cube.ide.mcu.externaltools.gnu-tools-for-stm32.10.3-2021.10.linux64_1.0.0.202111181127/tools/bin/../lib/gcc/arm-none-eabi/10.3.1/thumb/v7e-m+dp/hard/crtbegin.o
 *(.bss*)
 .bss.hadc1     0x0000000024000180       0x64 ./Core/Src/main.o
                0x0000000024000180                hadc1
 .bss.hadc2     0x00000000240001e4       0x64 ./Core/Src/main.o
                0x00000000240001e4                hadc2
 .bss.hadc3     0x0000000024000248       0x64 ./Core/Src/main.o
                0x0000000024000248                hadc3
 .bss.hdma_adc1
                0x00000000240002ac       0x78 ./Core/Src/main.o
                0x00000000240002ac                hdma_adc1
 .bss.hfdcan1   0x0000000024000324       0xa0 ./Core/Src/main.o
                0x0000000024000324                hfdcan1
 .bss.hfdcan2   0x00000000240003c4       0xa0 ./Core/Src/main.o
                0x00000000240003c4                hfdcan2
 .bss.hi2c1     0x0000000024000464       0x4c ./Core/Src/main.o
                0x0000000024000464                hi2c1
 .bss.hi2c4     0x00000000240004b0       0x4c ./Core/Src/main.o
                0x00000000240004b0                hi2c4
 .bss.hspi2     0x00000000240004fc       0x88 ./Core/Src/main.o
                0x00000000240004fc                hspi2
 .bss.htim1     0x0000000024000584       0x4c ./Core/Src/main.o
                0x0000000024000584                htim1
 .bss.eventflags
                0x00000000240005d0        0x3 ./Core/Src/main.o
                0x00000000240005d0                eventflags
 *fill*         0x00000000240005d3        0x1 
 .bss.HAL_RCC_ADC12_CLK_ENABLED
                0x00000000240005d4        0x4 ./Core/Src/stm32h7xx_hal_msp.o
 .bss.HAL_RCC_FDCAN_CLK_ENABLED
                0x00000000240005d8        0x4 ./Core/Src/stm32h7xx_hal_msp.o
 .bss.htim7     0x00000000240005dc       0x4c ./Core/Src/stm32h7xx_hal_timebase_tim.o
                0x00000000240005dc                htim7
 .bss.uwTick    0x0000000024000628        0x4 ./Drivers/STM32H7xx_HAL_Driver/Src/stm32h7xx_hal.o
                0x0000000024000628                uwTick
 .bss.pxCurrentTCB
                0x000000002400062c        0x4 ./FreeRTOS/tasks.o
                0x000000002400062c                pxCurrentTCB
 .bss.pxReadyTasksLists
                0x0000000024000630      0x460 ./FreeRTOS/tasks.o
 .bss.uxTopReadyPriority
                0x0000000024000a90        0x4 ./FreeRTOS/tasks.o
 .bss.xYieldPending
                0x0000000024000a94        0x4 ./FreeRTOS/tasks.o
 .bss.uxSchedulerSuspended
                0x0000000024000a98        0x4 ./FreeRTOS/tasks.o
 .bss.cfgidx.0  0x0000000024000a9c        0x1 ./Middlewares/ST/STM32_USB_Device_Library/Core/Src/usbd_ctlreq.o
 *fill*         0x0000000024000a9d        0x3 
 .bss.hUsbDeviceFS
                0x0000000024000aa0      0x2dc ./USB_DEVICE/App/usb_device.o
                0x0000000024000aa0                hUsbDeviceFS
 .bss.UserRxBufferFS
                0x0000000024000d7c      0x800 ./USB_DEVICE/App/usbd_cdc_if.o
                0x0000000024000d7c                UserRxBufferFS
 .bss.UserTxBufferFS
                0x000000002400157c      0x800 ./USB_DEVICE/App/usbd_cdc_if.o
                0x000000002400157c                UserTxBufferFS
 .bss.USBD_StrDesc
                0x0000000024001d7c      0x200 ./USB_DEVICE/App/usbd_desc.o
                0x0000000024001d7c                USBD_StrDesc
 .bss.hpcd_USB_OTG_FS
                0x0000000024001f7c      0x50c ./USB_DEVICE/Target/usbd_conf.o
                0x0000000024001f7c                hpcd_USB_OTG_FS
 .bss.mem.0     0x0000000024002488      0x220 ./USB_DEVICE/Target/usbd_conf.o
 *(COMMON)
                0x00000000240026a8                . = ALIGN (0x4)
                0x00000000240026a8                _ebss = .
                0x00000000240026a8                __bss_end__ = _ebss

._user_heap_stack
                0x00000000240026a8      0x600 load address 0x000000000800fc7c
                0x00000000240026a8                . = ALIGN (0x8)
                [!provide]                        PROVIDE (end = .)
                0x00000000240026a8                PROVIDE (_end = .)
                0x00000000240028a8                . = (. + _Min_Heap_Size)
 *fill*         0x00000000240026a8      0x200 
                0x0000000024002ca8                . = (. + _Min_Stack_Size)
 *fill*         0x00000000240028a8      0x400 
                0x0000000024002ca8                . = ALIGN (0x8)

/DISCARD/
 libc.a(*)
 libm.a(*)
 libgcc.a(*)

.ARM.attributes
                0x0000000000000000       0x2e
 *(.ARM.attributes)
 .ARM.attributes
                0x0000000000000000       0x1e /opt/st/stm32cubeide_1.9.0/plugins/com.st.stm32cube.ide.mcu.externaltools.gnu-tools-for-stm32.10.3-2021.10.linux64_1.0.0.202111181127/tools/bin/../lib/gcc/arm-none-eabi/10.3.1/thumb/v7e-m+dp/hard/crti.o
 .ARM.attributes
                0x000000000000001e       0x32 /opt/st/stm32cubeide_1.9.0/plugins/com.st.stm32cube.ide.mcu.externaltools.gnu-tools-for-stm32.10.3-2021.10.linux64_1.0.0.202111181127/tools/bin/../lib/gcc/arm-none-eabi/10.3.1/thumb/v7e-m+dp/hard/crtbegin.o
 .ARM.attributes
                0x0000000000000050       0x32 ./Core/Src/main.o
 .ARM.attributes
                0x0000000000000082       0x32 ./Core/Src/stm32h7xx_hal_msp.o
 .ARM.attributes
                0x00000000000000b4       0x32 ./Core/Src/stm32h7xx_hal_timebase_tim.o
 .ARM.attributes
                0x00000000000000e6       0x32 ./Core/Src/stm32h7xx_it.o
 .ARM.attributes
                0x0000000000000118       0x32 ./Core/Src/system_stm32h7xx.o
 .ARM.attributes
                0x000000000000014a       0x21 ./Core/Startup/startup_stm32h743zitx.o
 .ARM.attributes
                0x000000000000016b       0x32 ./Drivers/STM32H7xx_HAL_Driver/Src/stm32h7xx_hal.o
 .ARM.attributes
                0x000000000000019d       0x32 ./Drivers/STM32H7xx_HAL_Driver/Src/stm32h7xx_hal_adc.o
 .ARM.attributes
                0x00000000000001cf       0x32 ./Drivers/STM32H7xx_HAL_Driver/Src/stm32h7xx_hal_adc_ex.o
 .ARM.attributes
                0x0000000000000201       0x32 ./Drivers/STM32H7xx_HAL_Driver/Src/stm32h7xx_hal_cortex.o
 .ARM.attributes
                0x0000000000000233       0x32 ./Drivers/STM32H7xx_HAL_Driver/Src/stm32h7xx_hal_dma.o
 .ARM.attributes
                0x0000000000000265       0x32 ./Drivers/STM32H7xx_HAL_Driver/Src/stm32h7xx_hal_fdcan.o
 .ARM.attributes
                0x0000000000000297       0x32 ./Drivers/STM32H7xx_HAL_Driver/Src/stm32h7xx_hal_gpio.o
 .ARM.attributes
                0x00000000000002c9       0x32 ./Drivers/STM32H7xx_HAL_Driver/Src/stm32h7xx_hal_i2c.o
 .ARM.attributes
                0x00000000000002fb       0x32 ./Drivers/STM32H7xx_HAL_Driver/Src/stm32h7xx_hal_i2c_ex.o
 .ARM.attributes
                0x000000000000032d       0x32 ./Drivers/STM32H7xx_HAL_Driver/Src/stm32h7xx_hal_pcd.o
 .ARM.attributes
                0x000000000000035f       0x32 ./Drivers/STM32H7xx_HAL_Driver/Src/stm32h7xx_hal_pcd_ex.o
 .ARM.attributes
                0x0000000000000391       0x32 ./Drivers/STM32H7xx_HAL_Driver/Src/stm32h7xx_hal_pwr_ex.o
 .ARM.attributes
                0x00000000000003c3       0x32 ./Drivers/STM32H7xx_HAL_Driver/Src/stm32h7xx_hal_rcc.o
 .ARM.attributes
                0x00000000000003f5       0x32 ./Drivers/STM32H7xx_HAL_Driver/Src/stm32h7xx_hal_rcc_ex.o
 .ARM.attributes
                0x0000000000000427       0x32 ./Drivers/STM32H7xx_HAL_Driver/Src/stm32h7xx_hal_spi.o
 .ARM.attributes
                0x0000000000000459       0x32 ./Drivers/STM32H7xx_HAL_Driver/Src/stm32h7xx_hal_tim.o
 .ARM.attributes
                0x000000000000048b       0x32 ./Drivers/STM32H7xx_HAL_Driver/Src/stm32h7xx_hal_tim_ex.o
 .ARM.attributes
                0x00000000000004bd       0x32 ./Drivers/STM32H7xx_HAL_Driver/Src/stm32h7xx_ll_usb.o
 .ARM.attributes
                0x00000000000004ef       0x32 ./FreeRTOS/tasks.o
 .ARM.attributes
                0x0000000000000521       0x32 ./FreeRTOS/portable/GCC/ARM_CM4F/port.o
 .ARM.attributes
                0x0000000000000553       0x32 ./Middlewares/ST/STM32_USB_Device_Library/Class/CDC/Src/usbd_cdc.o
 .ARM.attributes
                0x0000000000000585       0x32 ./Middlewares/ST/STM32_USB_Device_Library/Core/Src/usbd_core.o
 .ARM.attributes
                0x00000000000005b7       0x32 ./Middlewares/ST/STM32_USB_Device_Library/Core/Src/usbd_ctlreq.o
 .ARM.attributes
                0x00000000000005e9       0x32 ./Middlewares/ST/STM32_USB_Device_Library/Core/Src/usbd_ioreq.o
 .ARM.attributes
                0x000000000000061b       0x32 ./USB_DEVICE/App/usb_device.o
 .ARM.attributes
                0x000000000000064d       0x32 ./USB_DEVICE/App/usbd_cdc_if.o
 .ARM.attributes
                0x000000000000067f       0x32 ./USB_DEVICE/App/usbd_desc.o
 .ARM.attributes
                0x00000000000006b1       0x32 ./USB_DEVICE/Target/usbd_conf.o
 .ARM.attributes
                0x00000000000006e3       0x32 /opt/st/stm32cubeide_1.9.0/plugins/com.st.stm32cube.ide.mcu.externaltools.gnu-tools-for-stm32.10.3-2021.10.linux64_1.0.0.202111181127/tools/bin/../lib/gcc/arm-none-eabi/10.3.1/../../../../arm-none-eabi/lib/thumb/v7e-m+dp/hard/libc_nano.a(lib_a-findfp.o)
 .ARM.attributes
                0x0000000000000715       0x32 /opt/st/stm32cubeide_1.9.0/plugins/com.st.stm32cube.ide.mcu.externaltools.gnu-tools-for-stm32.10.3-2021.10.linux64_1.0.0.202111181127/tools/bin/../lib/gcc/arm-none-eabi/10.3.1/../../../../arm-none-eabi/lib/thumb/v7e-m+dp/hard/libc_nano.a(lib_a-impure.o)
 .ARM.attributes
                0x0000000000000747       0x32 /opt/st/stm32cubeide_1.9.0/plugins/com.st.stm32cube.ide.mcu.externaltools.gnu-tools-for-stm32.10.3-2021.10.linux64_1.0.0.202111181127/tools/bin/../lib/gcc/arm-none-eabi/10.3.1/../../../../arm-none-eabi/lib/thumb/v7e-m+dp/hard/libc_nano.a(lib_a-init.o)
 .ARM.attributes
                0x0000000000000779       0x32 /opt/st/stm32cubeide_1.9.0/plugins/com.st.stm32cube.ide.mcu.externaltools.gnu-tools-for-stm32.10.3-2021.10.linux64_1.0.0.202111181127/tools/bin/../lib/gcc/arm-none-eabi/10.3.1/../../../../arm-none-eabi/lib/thumb/v7e-m+dp/hard/libc_nano.a(lib_a-memcpy-stub.o)
 .ARM.attributes
                0x00000000000007ab       0x32 /opt/st/stm32cubeide_1.9.0/plugins/com.st.stm32cube.ide.mcu.externaltools.gnu-tools-for-stm32.10.3-2021.10.linux64_1.0.0.202111181127/tools/bin/../lib/gcc/arm-none-eabi/10.3.1/../../../../arm-none-eabi/lib/thumb/v7e-m+dp/hard/libc_nano.a(lib_a-memset.o)
 .ARM.attributes
                0x00000000000007dd       0x1e /opt/st/stm32cubeide_1.9.0/plugins/com.st.stm32cube.ide.mcu.externaltools.gnu-tools-for-stm32.10.3-2021.10.linux64_1.0.0.202111181127/tools/bin/../lib/gcc/arm-none-eabi/10.3.1/thumb/v7e-m+dp/hard/crtn.o
OUTPUT(Kvarkensat.elf elf32-littlearm)
LOAD linker stubs
LOAD /opt/st/stm32cubeide_1.9.0/plugins/com.st.stm32cube.ide.mcu.externaltools.gnu-tools-for-stm32.10.3-2021.10.linux64_1.0.0.202111181127/tools/bin/../lib/gcc/arm-none-eabi/10.3.1/../../../../arm-none-eabi/lib/thumb/v7e-m+dp/hard/libc.a
LOAD /opt/st/stm32cubeide_1.9.0/plugins/com.st.stm32cube.ide.mcu.externaltools.gnu-tools-for-stm32.10.3-2021.10.linux64_1.0.0.202111181127/tools/bin/../lib/gcc/arm-none-eabi/10.3.1/../../../../arm-none-eabi/lib/thumb/v7e-m+dp/hard/libm.a
LOAD /opt/st/stm32cubeide_1.9.0/plugins/com.st.stm32cube.ide.mcu.externaltools.gnu-tools-for-stm32.10.3-2021.10.linux64_1.0.0.202111181127/tools/bin/../lib/gcc/arm-none-eabi/10.3.1/thumb/v7e-m+dp/hard/libgcc.a

.debug_info     0x0000000000000000    0x2de59
 .debug_info    0x0000000000000000     0x3051 ./Core/Src/main.o
 .debug_info    0x0000000000003051     0x2afc ./Core/Src/stm32h7xx_hal_msp.o
 .debug_info    0x0000000000005b4d     0x10f9 ./Core/Src/stm32h7xx_hal_timebase_tim.o
 .debug_info    0x0000000000006c46     0x1272 ./Core/Src/stm32h7xx_it.o
 .debug_info    0x0000000000007eb8      0xd07 ./Core/Src/system_stm32h7xx.o
 .debug_info    0x0000000000008bbf       0x22 ./Core/Startup/startup_stm32h743zitx.o
 .debug_info    0x0000000000008be1     0x15d7 ./Drivers/STM32H7xx_HAL_Driver/Src/stm32h7xx_hal.o
 .debug_info    0x000000000000a1b8     0x1f9c ./Drivers/STM32H7xx_HAL_Driver/Src/stm32h7xx_hal_adc.o
 .debug_info    0x000000000000c154     0x20cf ./Drivers/STM32H7xx_HAL_Driver/Src/stm32h7xx_hal_adc_ex.o
 .debug_info    0x000000000000e223     0x116d ./Drivers/STM32H7xx_HAL_Driver/Src/stm32h7xx_hal_cortex.o
 .debug_info    0x000000000000f390      0xcd5 ./Drivers/STM32H7xx_HAL_Driver/Src/stm32h7xx_hal_dma.o
 .debug_info    0x0000000000010065     0x2dae ./Drivers/STM32H7xx_HAL_Driver/Src/stm32h7xx_hal_fdcan.o
 .debug_info    0x0000000000012e13      0xd28 ./Drivers/STM32H7xx_HAL_Driver/Src/stm32h7xx_hal_gpio.o
 .debug_info    0x0000000000013b3b     0x23b3 ./Drivers/STM32H7xx_HAL_Driver/Src/stm32h7xx_hal_i2c.o
 .debug_info    0x0000000000015eee      0xe39 ./Drivers/STM32H7xx_HAL_Driver/Src/stm32h7xx_hal_i2c_ex.o
 .debug_info    0x0000000000016d27     0x169b ./Drivers/STM32H7xx_HAL_Driver/Src/stm32h7xx_hal_pcd.o
 .debug_info    0x00000000000183c2      0x8fb ./Drivers/STM32H7xx_HAL_Driver/Src/stm32h7xx_hal_pcd_ex.o
 .debug_info    0x0000000000018cbd     0x109d ./Drivers/STM32H7xx_HAL_Driver/Src/stm32h7xx_hal_pwr_ex.o
 .debug_info    0x0000000000019d5a      0xf4a ./Drivers/STM32H7xx_HAL_Driver/Src/stm32h7xx_hal_rcc.o
 .debug_info    0x000000000001aca4     0x12b4 ./Drivers/STM32H7xx_HAL_Driver/Src/stm32h7xx_hal_rcc_ex.o
 .debug_info    0x000000000001bf58     0x15ce ./Drivers/STM32H7xx_HAL_Driver/Src/stm32h7xx_hal_spi.o
 .debug_info    0x000000000001d526     0x2dd1 ./Drivers/STM32H7xx_HAL_Driver/Src/stm32h7xx_hal_tim.o
 .debug_info    0x00000000000202f7     0x18f4 ./Drivers/STM32H7xx_HAL_Driver/Src/stm32h7xx_hal_tim_ex.o
 .debug_info    0x0000000000021beb     0x1b2b ./Drivers/STM32H7xx_HAL_Driver/Src/stm32h7xx_ll_usb.o
 .debug_info    0x0000000000023716     0x309b ./FreeRTOS/tasks.o
 .debug_info    0x00000000000267b1      0x507 ./FreeRTOS/portable/GCC/ARM_CM4F/port.o
 .debug_info    0x0000000000026cb8     0x1398 ./Middlewares/ST/STM32_USB_Device_Library/Class/CDC/Src/usbd_cdc.o
 .debug_info    0x0000000000028050      0xef5 ./Middlewares/ST/STM32_USB_Device_Library/Core/Src/usbd_core.o
 .debug_info    0x0000000000028f45      0xb8d ./Middlewares/ST/STM32_USB_Device_Library/Core/Src/usbd_ctlreq.o
 .debug_info    0x0000000000029ad2      0x7e8 ./Middlewares/ST/STM32_USB_Device_Library/Core/Src/usbd_ioreq.o
 .debug_info    0x000000000002a2ba      0x781 ./USB_DEVICE/App/usb_device.o
 .debug_info    0x000000000002aa3b      0x97d ./USB_DEVICE/App/usbd_cdc_if.o
 .debug_info    0x000000000002b3b8      0x49d ./USB_DEVICE/App/usbd_desc.o