Archive member included to satisfy reference by file (symbol)

c:/st/stm32cubeide_1.7.0/stm32cubeide/plugins/com.st.stm32cube.ide.mcu.externaltools.gnu-tools-for-stm32.9-2020-q2-update.win32_2.0.0.202105311346/tools/bin/../lib/gcc/arm-none-eabi/9.3.1/../../../../arm-none-eabi/lib/thumb/v7e-m+dp/hard\libc_nano.a(lib_a-errno.o)
                              ./Core/Src/syscalls.o (__errno)
c:/st/stm32cubeide_1.7.0/stm32cubeide/plugins/com.st.stm32cube.ide.mcu.externaltools.gnu-tools-for-stm32.9-2020-q2-update.win32_2.0.0.202105311346/tools/bin/../lib/gcc/arm-none-eabi/9.3.1/../../../../arm-none-eabi/lib/thumb/v7e-m+dp/hard\libc_nano.a(lib_a-exit.o)
                              c:/st/stm32cubeide_1.7.0/stm32cubeide/plugins/com.st.stm32cube.ide.mcu.externaltools.gnu-tools-for-stm32.9-2020-q2-update.win32_2.0.0.202105311346/tools/bin/../lib/gcc/arm-none-eabi/9.3.1/../../../../arm-none-eabi/lib/thumb/v7e-m+dp/hard/crt0.o (exit)
c:/st/stm32cubeide_1.7.0/stm32cubeide/plugins/com.st.stm32cube.ide.mcu.externaltools.gnu-tools-for-stm32.9-2020-q2-update.win32_2.0.0.202105311346/tools/bin/../lib/gcc/arm-none-eabi/9.3.1/../../../../arm-none-eabi/lib/thumb/v7e-m+dp/hard\libc_nano.a(lib_a-impure.o)
                              c:/st/stm32cubeide_1.7.0/stm32cubeide/plugins/com.st.stm32cube.ide.mcu.externaltools.gnu-tools-for-stm32.9-2020-q2-update.win32_2.0.0.202105311346/tools/bin/../lib/gcc/arm-none-eabi/9.3.1/../../../../arm-none-eabi/lib/thumb/v7e-m+dp/hard\libc_nano.a(lib_a-exit.o) (_global_impure_ptr)
c:/st/stm32cubeide_1.7.0/stm32cubeide/plugins/com.st.stm32cube.ide.mcu.externaltools.gnu-tools-for-stm32.9-2020-q2-update.win32_2.0.0.202105311346/tools/bin/../lib/gcc/arm-none-eabi/9.3.1/../../../../arm-none-eabi/lib/thumb/v7e-m+dp/hard\libc_nano.a(lib_a-init.o)
                              c:/st/stm32cubeide_1.7.0/stm32cubeide/plugins/com.st.stm32cube.ide.mcu.externaltools.gnu-tools-for-stm32.9-2020-q2-update.win32_2.0.0.202105311346/tools/bin/../lib/gcc/arm-none-eabi/9.3.1/../../../../arm-none-eabi/lib/thumb/v7e-m+dp/hard/crt0.o (__libc_init_array)
c:/st/stm32cubeide_1.7.0/stm32cubeide/plugins/com.st.stm32cube.ide.mcu.externaltools.gnu-tools-for-stm32.9-2020-q2-update.win32_2.0.0.202105311346/tools/bin/../lib/gcc/arm-none-eabi/9.3.1/../../../../arm-none-eabi/lib/thumb/v7e-m+dp/hard\libc_nano.a(lib_a-memcpy-stub.o)
                              ./Drivers/STM32H7xx_HAL_Driver/Src/stm32h7xx_hal_fdcan.o (memcpy)
c:/st/stm32cubeide_1.7.0/stm32cubeide/plugins/com.st.stm32cube.ide.mcu.externaltools.gnu-tools-for-stm32.9-2020-q2-update.win32_2.0.0.202105311346/tools/bin/../lib/gcc/arm-none-eabi/9.3.1/../../../../arm-none-eabi/lib/thumb/v7e-m+dp/hard\libc_nano.a(lib_a-memset.o)
                              c:/st/stm32cubeide_1.7.0/stm32cubeide/plugins/com.st.stm32cube.ide.mcu.externaltools.gnu-tools-for-stm32.9-2020-q2-update.win32_2.0.0.202105311346/tools/bin/../lib/gcc/arm-none-eabi/9.3.1/../../../../arm-none-eabi/lib/thumb/v7e-m+dp/hard/crt0.o (memset)
c:/st/stm32cubeide_1.7.0/stm32cubeide/plugins/com.st.stm32cube.ide.mcu.externaltools.gnu-tools-for-stm32.9-2020-q2-update.win32_2.0.0.202105311346/tools/bin/../lib/gcc/arm-none-eabi/9.3.1/../../../../arm-none-eabi/lib/thumb/v7e-m+dp/hard\libc_nano.a(lib_a-printf.o)
                              ./Core/Src/main.o (printf)
c:/st/stm32cubeide_1.7.0/stm32cubeide/plugins/com.st.stm32cube.ide.mcu.externaltools.gnu-tools-for-stm32.9-2020-q2-update.win32_2.0.0.202105311346/tools/bin/../lib/gcc/arm-none-eabi/9.3.1/../../../../arm-none-eabi/lib/thumb/v7e-m+dp/hard\libc_nano.a(lib_a-findfp.o)
                              c:/st/stm32cubeide_1.7.0/stm32cubeide/plugins/com.st.stm32cube.ide.mcu.externaltools.gnu-tools-for-stm32.9-2020-q2-update.win32_2.0.0.202105311346/tools/bin/../lib/gcc/arm-none-eabi/9.3.1/../../../../arm-none-eabi/lib/thumb/v7e-m+dp/hard\libc_nano.a(lib_a-printf.o) (__sinit)
c:/st/stm32cubeide_1.7.0/stm32cubeide/plugins/com.st.stm32cube.ide.mcu.externaltools.gnu-tools-for-stm32.9-2020-q2-update.win32_2.0.0.202105311346/tools/bin/../lib/gcc/arm-none-eabi/9.3.1/../../../../arm-none-eabi/lib/thumb/v7e-m+dp/hard\libc_nano.a(lib_a-fwalk.o)
                              c:/st/stm32cubeide_1.7.0/stm32cubeide/plugins/com.st.stm32cube.ide.mcu.externaltools.gnu-tools-for-stm32.9-2020-q2-update.win32_2.0.0.202105311346/tools/bin/../lib/gcc/arm-none-eabi/9.3.1/../../../../arm-none-eabi/lib/thumb/v7e-m+dp/hard\libc_nano.a(lib_a-findfp.o) (_fwalk)
c:/st/stm32cubeide_1.7.0/stm32cubeide/plugins/com.st.stm32cube.ide.mcu.externaltools.gnu-tools-for-stm32.9-2020-q2-update.win32_2.0.0.202105311346/tools/bin/../lib/gcc/arm-none-eabi/9.3.1/../../../../arm-none-eabi/lib/thumb/v7e-m+dp/hard\libc_nano.a(lib_a-lock.o)
[...]
Memory Configuration

Name             Origin             Length             Attributes
FLASH            0x0000000008000000 0x0000000000200000 xr
DTCMRAM          0x0000000020000000 0x0000000000020000 xrw
RAM_D1           0x0000000024000000 0x0000000000080000 xrw
RAM_D2           0x0000000030000000 0x0000000000048000 xrw
RAM_D3           0x0000000038000000 0x0000000000010000 xrw
ITCMRAM          0x0000000000000000 0x0000000000010000 xrw
*default*        0x0000000000000000 0xffffffffffffffff

Linker script and memory map

LOAD c:/st/stm32cubeide_1.7.0/stm32cubeide/plugins/com.st.stm32cube.ide.mcu.externaltools.gnu-tools-for-stm32.9-2020-q2-update.win32_2.0.0.202105311346/tools/bin/../lib/gcc/arm-none-eabi/9.3.1/thumb/v7e-m+dp/hard/crti.o
LOAD c:/st/stm32cubeide_1.7.0/stm32cubeide/plugins/com.st.stm32cube.ide.mcu.externaltools.gnu-tools-for-stm32.9-2020-q2-update.win32_2.0.0.202105311346/tools/bin/../lib/gcc/arm-none-eabi/9.3.1/thumb/v7e-m+dp/hard/crtbegin.o
LOAD c:/st/stm32cubeide_1.7.0/stm32cubeide/plugins/com.st.stm32cube.ide.mcu.externaltools.gnu-tools-for-stm32.9-2020-q2-update.win32_2.0.0.202105311346/tools/bin/../lib/gcc/arm-none-eabi/9.3.1/../../../../arm-none-eabi/lib/thumb/v7e-m+dp/hard/crt0.o
LOAD ./Core/Src/adc.o
LOAD ./Core/Src/buffer.o
LOAD ./Core/Src/bus.o
LOAD ./Core/Src/dac.o
LOAD ./Core/Src/decoder.o
LOAD ./Core/Src/error.o
LOAD ./Core/Src/filter.o
LOAD ./Core/Src/main.o
LOAD ./Core/Src/sdr.o
LOAD ./Core/Src/stm32h7xx_hal_msp.o
LOAD ./Core/Src/stm32h7xx_it.o
LOAD ./Core/Src/syscalls.o
LOAD ./Core/Src/sysmem.o
LOAD ./Core/Src/system_stm32h7xx.o
LOAD ./Core/Src/telecommands.o
LOAD ./Core/Startup/startup_stm32h743zitx.o
LOAD ./Drivers/STM32H7xx_HAL_Driver/Src/stm32h7xx_hal.o
LOAD ./Drivers/STM32H7xx_HAL_Driver/Src/stm32h7xx_hal_adc.o
LOAD ./Drivers/STM32H7xx_HAL_Driver/Src/stm32h7xx_hal_adc_ex.o
LOAD ./Drivers/STM32H7xx_HAL_Driver/Src/stm32h7xx_hal_cortex.o
LOAD ./Drivers/STM32H7xx_HAL_Driver/Src/stm32h7xx_hal_dma.o
LOAD ./Drivers/STM32H7xx_HAL_Driver/Src/stm32h7xx_hal_dma_ex.o
LOAD ./Drivers/STM32H7xx_HAL_Driver/Src/stm32h7xx_hal_exti.o
LOAD ./Drivers/STM32H7xx_HAL_Driver/Src/stm32h7xx_hal_fdcan.o
LOAD ./Drivers/STM32H7xx_HAL_Driver/Src/stm32h7xx_hal_flash.o
LOAD ./Drivers/STM32H7xx_HAL_Driver/Src/stm32h7xx_hal_flash_ex.o
LOAD ./Drivers/STM32H7xx_HAL_Driver/Src/stm32h7xx_hal_gpio.o
LOAD ./Drivers/STM32H7xx_HAL_Driver/Src/stm32h7xx_hal_hsem.o
LOAD ./Drivers/STM32H7xx_HAL_Driver/Src/stm32h7xx_hal_i2c.o
LOAD ./Drivers/STM32H7xx_HAL_Driver/Src/stm32h7xx_hal_i2c_ex.o
LOAD ./Drivers/STM32H7xx_HAL_Driver/Src/stm32h7xx_hal_mdma.o
LOAD ./Drivers/STM32H7xx_HAL_Driver/Src/stm32h7xx_hal_pcd.o
LOAD ./Drivers/STM32H7xx_HAL_Driver/Src/stm32h7xx_hal_pcd_ex.o
LOAD ./Drivers/STM32H7xx_HAL_Driver/Src/stm32h7xx_hal_pwr.o
LOAD ./Drivers/STM32H7xx_HAL_Driver/Src/stm32h7xx_hal_pwr_ex.o
LOAD ./Drivers/STM32H7xx_HAL_Driver/Src/stm32h7xx_hal_rcc.o
LOAD ./Drivers/STM32H7xx_HAL_Driver/Src/stm32h7xx_hal_rcc_ex.o
LOAD ./Drivers/STM32H7xx_HAL_Driver/Src/stm32h7xx_hal_spi.o
LOAD ./Drivers/STM32H7xx_HAL_Driver/Src/stm32h7xx_hal_spi_ex.o
LOAD ./Drivers/STM32H7xx_HAL_Driver/Src/stm32h7xx_hal_tim.o
LOAD ./Drivers/STM32H7xx_HAL_Driver/Src/stm32h7xx_hal_tim_ex.o
LOAD ./Drivers/STM32H7xx_HAL_Driver/Src/stm32h7xx_ll_usb.o
LOAD ./Middlewares/ST/STM32_USB_Device_Library/Class/CDC/Src/usbd_cdc.o
LOAD ./Middlewares/ST/STM32_USB_Device_Library/Core/Src/usbd_core.o
LOAD ./Middlewares/ST/STM32_USB_Device_Library/Core/Src/usbd_ctlreq.o
LOAD ./Middlewares/ST/STM32_USB_Device_Library/Core/Src/usbd_ioreq.o
LOAD ./USB_DEVICE/App/usb_device.o
LOAD ./USB_DEVICE/App/usbd_cdc_if.o
LOAD ./USB_DEVICE/App/usbd_desc.o
LOAD ./USB_DEVICE/Target/usbd_conf.o
START GROUP
LOAD c:/st/stm32cubeide_1.7.0/stm32cubeide/plugins/com.st.stm32cube.ide.mcu.externaltools.gnu-tools-for-stm32.9-2020-q2-update.win32_2.0.0.202105311346/tools/bin/../lib/gcc/arm-none-eabi/9.3.1/../../../../arm-none-eabi/lib/thumb/v7e-m+dp/hard\libc_nano.a
LOAD c:/st/stm32cubeide_1.7.0/stm32cubeide/plugins/com.st.stm32cube.ide.mcu.externaltools.gnu-tools-for-stm32.9-2020-q2-update.win32_2.0.0.202105311346/tools/bin/../lib/gcc/arm-none-eabi/9.3.1/../../../../arm-none-eabi/lib/thumb/v7e-m+dp/hard\libm.a
END GROUP
START GROUP
LOAD c:/st/stm32cubeide_1.7.0/stm32cubeide/plugins/com.st.stm32cube.ide.mcu.externaltools.gnu-tools-for-stm32.9-2020-q2-update.win32_2.0.0.202105311346/tools/bin/../lib/gcc/arm-none-eabi/9.3.1/thumb/v7e-m+dp/hard\libgcc.a
LOAD c:/st/stm32cubeide_1.7.0/stm32cubeide/plugins/com.st.stm32cube.ide.mcu.externaltools.gnu-tools-for-stm32.9-2020-q2-update.win32_2.0.0.202105311346/tools/bin/../lib/gcc/arm-none-eabi/9.3.1/../../../../arm-none-eabi/lib/thumb/v7e-m+dp/hard\libc_nano.a
END GROUP
START GROUP
LOAD c:/st/stm32cubeide_1.7.0/stm32cubeide/plugins/com.st.stm32cube.ide.mcu.externaltools.gnu-tools-for-stm32.9-2020-q2-update.win32_2.0.0.202105311346/tools/bin/../lib/gcc/arm-none-eabi/9.3.1/thumb/v7e-m+dp/hard\libgcc.a
LOAD c:/st/stm32cubeide_1.7.0/stm32cubeide/plugins/com.st.stm32cube.ide.mcu.externaltools.gnu-tools-for-stm32.9-2020-q2-update.win32_2.0.0.202105311346/tools/bin/../lib/gcc/arm-none-eabi/9.3.1/../../../../arm-none-eabi/lib/thumb/v7e-m+dp/hard\libc_nano.a
LOAD c:/st/stm32cubeide_1.7.0/stm32cubeide/plugins/com.st.stm32cube.ide.mcu.externaltools.gnu-tools-for-stm32.9-2020-q2-update.win32_2.0.0.202105311346/tools/bin/../lib/gcc/arm-none-eabi/9.3.1/../../../../arm-none-eabi/lib/thumb/v7e-m+dp/hard\libnosys.a
END GROUP
START GROUP
LOAD c:/st/stm32cubeide_1.7.0/stm32cubeide/plugins/com.st.stm32cube.ide.mcu.externaltools.gnu-tools-for-stm32.9-2020-q2-update.win32_2.0.0.202105311346/tools/bin/../lib/gcc/arm-none-eabi/9.3.1/thumb/v7e-m+dp/hard\libgcc.a
LOAD c:/st/stm32cubeide_1.7.0/stm32cubeide/plugins/com.st.stm32cube.ide.mcu.externaltools.gnu-tools-for-stm32.9-2020-q2-update.win32_2.0.0.202105311346/tools/bin/../lib/gcc/arm-none-eabi/9.3.1/../../../../arm-none-eabi/lib/thumb/v7e-m+dp/hard\libc_nano.a
LOAD c:/st/stm32cubeide_1.7.0/stm32cubeide/plugins/com.st.stm32cube.ide.mcu.externaltools.gnu-tools-for-stm32.9-2020-q2-update.win32_2.0.0.202105311346/tools/bin/../lib/gcc/arm-none-eabi/9.3.1/../../../../arm-none-eabi/lib/thumb/v7e-m+dp/hard\libnosys.a
END GROUP
LOAD c:/st/stm32cubeide_1.7.0/stm32cubeide/plugins/com.st.stm32cube.ide.mcu.externaltools.gnu-tools-for-stm32.9-2020-q2-update.win32_2.0.0.202105311346/tools/bin/../lib/gcc/arm-none-eabi/9.3.1/thumb/v7e-m+dp/hard/crtend.o
LOAD c:/st/stm32cubeide_1.7.0/stm32cubeide/plugins/com.st.stm32cube.ide.mcu.externaltools.gnu-tools-for-stm32.9-2020-q2-update.win32_2.0.0.202105311346/tools/bin/../lib/gcc/arm-none-eabi/9.3.1/thumb/v7e-m+dp/hard/crtn.o
                0x0000000024080000                _estack = (ORIGIN (RAM_D1) + LENGTH (RAM_D1))
                0x0000000000000200                _Min_Heap_Size = 0x200
                0x0000000000000400                _Min_Stack_Size = 0x400

.isr_vector     0x0000000008000000      0x298
                0x0000000008000000                . = ALIGN (0x4)
 *(.isr_vector)
 .isr_vector    0x0000000008000000      0x298 ./Core/Startup/startup_stm32h743zitx.o
                0x0000000008000000                g_pfnVectors
                0x0000000008000298                . = ALIGN (0x4)

.text           0x00000000080002a0    0x112b8
                0x00000000080002a0                . = ALIGN (0x4)
 *(.text)
 .text          0x00000000080002a0       0x40 c:/st/stm32cubeide_1.7.0/stm32cubeide/plugins/com.st.stm32cube.ide.mcu.externaltools.gnu-tools-for-stm32.9-2020-q2-update.win32_2.0.0.202105311346/tools/bin/../lib/gcc/arm-none-eabi/9.3.1/thumb/v7e-m+dp/hard/crtbegin.o
 .text          0x00000000080002e0       0xa0 c:/st/stm32cubeide_1.7.0/stm32cubeide/plugins/com.st.stm32cube.ide.mcu.externaltools.gnu-tools-for-stm32.9-2020-q2-update.win32_2.0.0.202105311346/tools/bin/../lib/gcc/arm-none-eabi/9.3.1/../../../../arm-none-eabi/lib/thumb/v7e-m+dp/hard\libc_nano.a(lib_a-memchr.o)
                0x00000000080002e0                memchr
 *(.text*)
 .text.write_register
                0x0000000008000380       0x48 ./Core/Src/main.o
                0x0000000008000380                write_register
 .text.write_register_2
                0x00000000080003c8       0x58 ./Core/Src/main.o
                0x00000000080003c8                write_register_2
 .text.read_register
                0x0000000008000420      0x110 ./Core/Src/main.o
                0x0000000008000420                read_register
 .text.demod_set_vco
                0x0000000008000530       0xa0 ./Core/Src/main.o
                0x0000000008000530                demod_set_vco
 .text.demod_is_locked_2
                0x00000000080005d0       0x1e ./Core/Src/main.o
                0x00000000080005d0                demod_is_locked_2
 *fill*         0x00000000080005ee        0x2 
 .text.configureRadio
                0x00000000080005f0       0xfc ./Core/Src/main.o
                0x00000000080005f0                configureRadio
 .text.main     0x00000000080006ec       0xb0 ./Core/Src/main.o
                0x00000000080006ec                main
 .text.SystemClock_Config
                0x000000000800079c      0x108 ./Core/Src/main.o
                0x000000000800079c                SystemClock_Config
 .text.MX_ADC1_Init
                0x00000000080008a4       0xfc ./Core/Src/main.o
 .text.MX_ADC2_Init
                0x00000000080009a0       0xbc ./Core/Src/main.o
 .text.MX_ADC3_Init
                0x0000000008000a5c       0xcc ./Core/Src/main.o
 .text.MX_FDCAN1_Init
                0x0000000008000b28       0xc8 ./Core/Src/main.o
 .text.MX_FDCAN2_Init
                0x0000000008000bf0       0xc8 ./Core/Src/main.o
 .text.MX_I2C1_Init
                0x0000000008000cb8       0x80 ./Core/Src/main.o
 .text.MX_I2C4_Init
                0x0000000008000d38       0x80 ./Core/Src/main.o
 .text.MX_SPI2_Init
                0x0000000008000db8       0xac ./Core/Src/main.o
 .text.MX_TIM1_Init
                0x0000000008000e64      0x158 ./Core/Src/main.o
 .text.MX_DMA_Init
                0x0000000008000fbc       0x40 ./Core/Src/main.o
 .text.MX_GPIO_Init
                0x0000000008000ffc      0x354 ./Core/Src/main.o
 .text.Error_Handler
                0x0000000008001350        0xa ./Core/Src/main.o
                0x0000000008001350                Error_Handler
 *fill*         0x000000000800135a        0x2 
 .text.HAL_MspInit
                0x000000000800135c       0x34 ./Core/Src/stm32h7xx_hal_msp.o
                0x000000000800135c                HAL_MspInit
 .text.HAL_ADC_MspInit
                0x0000000008001390      0x1e4 ./Core/Src/stm32h7xx_hal_msp.o
                0x0000000008001390                HAL_ADC_MspInit
 .text.HAL_FDCAN_MspInit
                0x0000000008001574      0x190 ./Core/Src/stm32h7xx_hal_msp.o
                0x0000000008001574                HAL_FDCAN_MspInit
 .text.HAL_I2C_MspInit
                0x0000000008001704      0x164 ./Core/Src/stm32h7xx_hal_msp.o
                0x0000000008001704                HAL_I2C_MspInit
 .text.HAL_SPI_MspInit
                0x0000000008001868       0xcc ./Core/Src/stm32h7xx_hal_msp.o
                0x0000000008001868                HAL_SPI_MspInit
 .text.HAL_TIM_Base_MspInit
                0x0000000008001934       0x44 ./Core/Src/stm32h7xx_hal_msp.o
                0x0000000008001934                HAL_TIM_Base_MspInit
 .text.HAL_TIM_MspPostInit
                0x0000000008001978       0x78 ./Core/Src/stm32h7xx_hal_msp.o
                0x0000000008001978                HAL_TIM_MspPostInit
 .text.NMI_Handler
                0x00000000080019f0        0x6 ./Core/Src/stm32h7xx_it.o
                0x00000000080019f0                NMI_Handler
 .text.HardFault_Handler
                0x00000000080019f6        0x6 ./Core/Src/stm32h7xx_it.o
                0x00000000080019f6                HardFault_Handler
 .text.MemManage_Handler
                0x00000000080019fc        0x6 ./Core/Src/stm32h7xx_it.o
                0x00000000080019fc                MemManage_Handler
 .text.BusFault_Handler
                0x0000000008001a02        0x6 ./Core/Src/stm32h7xx_it.o
                0x0000000008001a02                BusFault_Handler
 .text.UsageFault_Handler
                0x0000000008001a08        0x6 ./Core/Src/stm32h7xx_it.o
                0x0000000008001a08                UsageFault_Handler
 .text.SVC_Handler
                0x0000000008001a0e        0xe ./Core/Src/stm32h7xx_it.o
                0x0000000008001a0e                SVC_Handler
 .text.DebugMon_Handler
                0x0000000008001a1c        0xe ./Core/Src/stm32h7xx_it.o
                0x0000000008001a1c                DebugMon_Handler
 .text.PendSV_Handler
                0x0000000008001a2a        0xe ./Core/Src/stm32h7xx_it.o
                0x0000000008001a2a                PendSV_Handler
 .text.SysTick_Handler
                0x0000000008001a38       0x1c ./Core/Src/stm32h7xx_it.o
                0x0000000008001a38                SysTick_Handler
 .text.ADC_IRQHandler
                0x0000000008001a54       0x1c ./Core/Src/stm32h7xx_it.o
                0x0000000008001a54                ADC_IRQHandler
 .text.DMA2_Stream0_IRQHandler
                0x0000000008001a70       0x14 ./Core/Src/stm32h7xx_it.o
                0x0000000008001a70                DMA2_Stream0_IRQHandler
 .text.OTG_FS_IRQHandler
                0x0000000008001a84       0x14 ./Core/Src/stm32h7xx_it.o
                0x0000000008001a84                OTG_FS_IRQHandler
 .text._read    0x0000000008001a98       0x3a ./Core/Src/syscalls.o
                0x0000000008001a98                _read
 .text._write   0x0000000008001ad2       0x38 ./Core/Src/syscalls.o
                0x0000000008001ad2                _write
 .text._close   0x0000000008001b0a       0x18 ./Core/Src/syscalls.o
                0x0000000008001b0a                _close
 .text._fstat   0x0000000008001b22       0x20 ./Core/Src/syscalls.o
                0x0000000008001b22                _fstat
 .text._isatty  0x0000000008001b42       0x16 ./Core/Src/syscalls.o
                0x0000000008001b42                _isatty
 .text._lseek   0x0000000008001b58       0x1a ./Core/Src/syscalls.o
                0x0000000008001b58                _lseek
 *fill*         0x0000000008001b72        0x2 
 .text._sbrk    0x0000000008001b74       0x6c ./Core/Src/sysmem.o
                0x0000000008001b74                _sbrk
 .text.SystemInit
                0x0000000008001be0      0x110 ./Core/Src/system_stm32h7xx.o
                0x0000000008001be0                SystemInit
 .text.Reset_Handler
                0x0000000008001cf0       0x50 ./Core/Startup/startup_stm32h743zitx.o
                0x0000000008001cf0                Reset_Handler
 .text.Default_Handler
                0x0000000008001d40        0x2 ./Core/Startup/startup_stm32h743zitx.o
                0x0000000008001d40                RTC_Alarm_IRQHandler
                0x0000000008001d40                EXTI2_IRQHandler
                0x0000000008001d40                TIM8_CC_IRQHandler
                0x0000000008001d40                HRTIM1_Master_IRQHandler
                0x0000000008001d40                UART8_IRQHandler
                0x0000000008001d40                SPI4_IRQHandler
                0x0000000008001d40                TIM1_CC_IRQHandler
                0x0000000008001d40                BDMA_Channel6_IRQHandler
                0x0000000008001d40                DMA2_Stream5_IRQHandler
                0x0000000008001d40                HRTIM1_FLT_IRQHandler
                0x0000000008001d40                JPEG_IRQHandler
                0x0000000008001d40                DMA1_Stream5_IRQHandler
                0x0000000008001d40                BDMA_Channel1_IRQHandler
                0x0000000008001d40                HRTIM1_TIMD_IRQHandler
                0x0000000008001d40                TAMP_STAMP_IRQHandler
                0x0000000008001d40                EXTI3_IRQHandler
                0x0000000008001d40                LPTIM4_IRQHandler
                0x0000000008001d40                TIM8_TRG_COM_TIM14_IRQHandler
                0x0000000008001d40                LPTIM2_IRQHandler
                0x0000000008001d40                DFSDM1_FLT1_IRQHandler
                0x0000000008001d40                DMAMUX2_OVR_IRQHandler
                0x0000000008001d40                TIM8_UP_TIM13_IRQHandler
                0x0000000008001d40                I2C3_ER_IRQHandler
                0x0000000008001d40                DFSDM1_FLT2_IRQHandler
                0x0000000008001d40                MDMA_IRQHandler
                0x0000000008001d40                LPTIM3_IRQHandler
                0x0000000008001d40                HSEM1_IRQHandler
                0x0000000008001d40                EXTI0_IRQHandler
                0x0000000008001d40                I2C2_EV_IRQHandler
                0x0000000008001d40                DMA1_Stream2_IRQHandler
                0x0000000008001d40                FPU_IRQHandler
                0x0000000008001d40                OTG_HS_WKUP_IRQHandler
                0x0000000008001d40                FDCAN1_IT1_IRQHandler
                0x0000000008001d40                LTDC_ER_IRQHandler
                0x0000000008001d40                DMA2_Stream2_IRQHandler
                0x0000000008001d40                HRTIM1_TIME_IRQHandler
                0x0000000008001d40                SPI1_IRQHandler
                0x0000000008001d40                TIM6_DAC_IRQHandler
                0x0000000008001d40                DCMI_IRQHandler
                0x0000000008001d40                HRTIM1_TIMC_IRQHandler
                0x0000000008001d40                DMA2_Stream3_IRQHandler
                0x0000000008001d40                SAI2_IRQHandler
                0x0000000008001d40                DFSDM1_FLT3_IRQHandler
                0x0000000008001d40                USART6_IRQHandler
                0x0000000008001d40                TIM17_IRQHandler
                0x0000000008001d40                USART3_IRQHandler
                0x0000000008001d40                BDMA_Channel7_IRQHandler
                0x0000000008001d40                LPTIM5_IRQHandler
                0x0000000008001d40                UART5_IRQHandler
                0x0000000008001d40                ADC3_IRQHandler
                0x0000000008001d40                TIM4_IRQHandler
                0x0000000008001d40                BDMA_Channel2_IRQHandler
                0x0000000008001d40                QUADSPI_IRQHandler
                0x0000000008001d40                I2C1_EV_IRQHandler
                0x0000000008001d40                DMA1_Stream6_IRQHandler
                0x0000000008001d40                DMAMUX1_OVR_IRQHandler
                0x0000000008001d40                DMA1_Stream1_IRQHandler
                0x0000000008001d40                TIM16_IRQHandler
                0x0000000008001d40                UART4_IRQHandler
                0x0000000008001d40                BDMA_Channel5_IRQHandler
                0x0000000008001d40                TIM3_IRQHandler
                0x0000000008001d40                RCC_IRQHandler
                0x0000000008001d40                TIM8_BRK_TIM12_IRQHandler
                0x0000000008001d40                TIM1_TRG_COM_IRQHandler
                0x0000000008001d40                Default_Handler
                0x0000000008001d40                ECC_IRQHandler
                0x0000000008001d40                CEC_IRQHandler
                0x0000000008001d40                EXTI15_10_IRQHandler
                0x0000000008001d40                BDMA_Channel0_IRQHandler
                0x0000000008001d40                DMA1_Stream7_IRQHandler
                0x0000000008001d40                HRTIM1_TIMA_IRQHandler
                0x0000000008001d40                SPI5_IRQHandler
                0x0000000008001d40                TIM7_IRQHandler
                0x0000000008001d40                SDMMC1_IRQHandler
                0x0000000008001d40                TIM5_IRQHandler
                0x0000000008001d40                DMA2_Stream7_IRQHandler
                0x0000000008001d40                TIM15_IRQHandler
                0x0000000008001d40                PVD_AVD_IRQHandler
                0x0000000008001d40                I2C3_EV_IRQHandler
                0x0000000008001d40                EXTI9_5_IRQHandler
                0x0000000008001d40                RTC_WKUP_IRQHandler
                0x0000000008001d40                LTDC_IRQHandler
                0x0000000008001d40                SAI3_IRQHandler
                0x0000000008001d40                ETH_WKUP_IRQHandler
                0x0000000008001d40                SPDIF_RX_IRQHandler
                0x0000000008001d40                SPI2_IRQHandler
                0x0000000008001d40                OTG_HS_EP1_IN_IRQHandler
                0x0000000008001d40                DMA1_Stream0_IRQHandler
                0x0000000008001d40                CRS_IRQHandler
                0x0000000008001d40                EXTI4_IRQHandler
                0x0000000008001d40                RNG_IRQHandler
                0x0000000008001d40                HRTIM1_TIMB_IRQHandler
                0x0000000008001d40                FDCAN2_IT1_IRQHandler
                0x0000000008001d40                ETH_IRQHandler
                0x0000000008001d40                TIM1_UP_IRQHandler
                0x0000000008001d40                BDMA_Channel4_IRQHandler
                0x0000000008001d40                OTG_HS_EP1_OUT_IRQHandler
                0x0000000008001d40                WWDG_IRQHandler
                0x0000000008001d40                SPI6_IRQHandler
                0x0000000008001d40                MDIOS_IRQHandler
                0x0000000008001d40                I2C4_EV_IRQHandler
                0x0000000008001d40                FDCAN2_IT0_IRQHandler
                0x0000000008001d40                LPUART1_IRQHandler
                0x0000000008001d40                FDCAN1_IT0_IRQHandler
                0x0000000008001d40                TIM2_IRQHandler
                0x0000000008001d40                OTG_FS_WKUP_IRQHandler
                0x0000000008001d40                OTG_HS_IRQHandler
                0x0000000008001d40                DMA2D_IRQHandler
                0x0000000008001d40                TIM1_BRK_IRQHandler
                0x0000000008001d40                EXTI1_IRQHandler
                0x0000000008001d40                SDMMC2_IRQHandler
                0x0000000008001d40                OTG_FS_EP1_OUT_IRQHandler
                0x0000000008001d40                BDMA_Channel3_IRQHandler
                0x0000000008001d40                UART7_IRQHandler
                0x0000000008001d40                MDIOS_WKUP_IRQHandler
                0x0000000008001d40                USART2_IRQHandler
                0x0000000008001d40                DFSDM1_FLT0_IRQHandler
                0x0000000008001d40                SAI4_IRQHandler
                0x0000000008001d40                I2C2_ER_IRQHandler
                0x0000000008001d40                DMA2_Stream1_IRQHandler
                0x0000000008001d40                FLASH_IRQHandler
                0x0000000008001d40                DMA2_Stream4_IRQHandler
                0x0000000008001d40                USART1_IRQHandler
                0x0000000008001d40                SPI3_IRQHandler
                0x0000000008001d40                WAKEUP_PIN_IRQHandler
                0x0000000008001d40                DMA1_Stream4_IRQHandler
                0x0000000008001d40                OTG_FS_EP1_IN_IRQHandler
                0x0000000008001d40                I2C1_ER_IRQHandler
                0x0000000008001d40                FMC_IRQHandler
                0x0000000008001d40                FDCAN_CAL_IRQHandler
                0x0000000008001d40                SWPMI1_IRQHandler
                0x0000000008001d40                COMP1_IRQHandler
                0x0000000008001d40                LPTIM1_IRQHandler
                0x0000000008001d40                I2C4_ER_IRQHandler
                0x0000000008001d40                DMA2_Stream6_IRQHandler
                0x0000000008001d40                SAI1_IRQHandler
                0x0000000008001d40                DMA1_Stream3_IRQHandler
 *fill*         0x0000000008001d42        0x2 
 .text.HAL_Init
                0x0000000008001d44       0x78 ./Drivers/STM32H7xx_HAL_Driver/Src/stm32h7xx_hal.o
                0x0000000008001d44                HAL_Init
 .text.HAL_InitTick
                0x0000000008001dbc       0x6c ./Drivers/STM32H7xx_HAL_Driver/Src/stm32h7xx_hal.o
                0x0000000008001dbc                HAL_InitTick
 .text.HAL_IncTick
                0x0000000008001e28       0x28 ./Drivers/STM32H7xx_HAL_Driver/Src/stm32h7xx_hal.o
                0x0000000008001e28                HAL_IncTick
 .text.HAL_GetTick
                0x0000000008001e50       0x18 ./Drivers/STM32H7xx_HAL_Driver/Src/stm32h7xx_hal.o
                0x0000000008001e50                HAL_GetTick
 .text.HAL_Delay
                0x0000000008001e68       0x48 ./Drivers/STM32H7xx_HAL_Driver/Src/stm32h7xx_hal.o
                0x0000000008001e68                HAL_Delay
 .text.HAL_GetREVID
                0x0000000008001eb0       0x18 ./Drivers/STM32H7xx_HAL_Driver/Src/stm32h7xx_hal.o
                0x0000000008001eb0                HAL_GetREVID
 .text.LL_ADC_SetCommonClock
                0x0000000008001ec8       0x26 ./Drivers/STM32H7xx_HAL_Driver/Src/stm32h7xx_hal_adc.o
 .text.LL_ADC_SetCommonPathInternalCh
                0x0000000008001eee       0x26 ./Drivers/STM32H7xx_HAL_Driver/Src/stm32h7xx_hal_adc.o
 .text.LL_ADC_GetCommonPathInternalCh
                0x0000000008001f14       0x1c ./Drivers/STM32H7xx_HAL_Driver/Src/stm32h7xx_hal_adc.o
 .text.LL_ADC_SetOffset
                0x0000000008001f30       0x40 ./Drivers/STM32H7xx_HAL_Driver/Src/stm32h7xx_hal_adc.o
 .text.LL_ADC_SetDataRightShift
                0x0000000008001f70       0x32 ./Drivers/STM32H7xx_HAL_Driver/Src/stm32h7xx_hal_adc.o
 .text.LL_ADC_SetOffsetSignedSaturation
                0x0000000008001fa2       0x36 ./Drivers/STM32H7xx_HAL_Driver/Src/stm32h7xx_hal_adc.o
 .text.LL_ADC_REG_IsTriggerSourceSWStart
                0x0000000008001fd8       0x26 ./Drivers/STM32H7xx_HAL_Driver/Src/stm32h7xx_hal_adc.o
 .text.LL_ADC_REG_SetSequencerRanks
                0x0000000008001ffe       0x58 ./Drivers/STM32H7xx_HAL_Driver/Src/stm32h7xx_hal_adc.o
 .text.LL_ADC_INJ_IsTriggerSourceSWStart
                0x0000000008002056       0x26 ./Drivers/STM32H7xx_HAL_Driver/Src/stm32h7xx_hal_adc.o
 .text.LL_ADC_SetChannelSamplingTime
                0x000000000800207c       0x56 ./Drivers/STM32H7xx_HAL_Driver/Src/stm32h7xx_hal_adc.o
 *fill*         0x00000000080020d2        0x2 
 .text.LL_ADC_SetChannelSingleDiff
                0x00000000080020d4       0x48 ./Drivers/STM32H7xx_HAL_Driver/Src/stm32h7xx_hal_adc.o
 .text.LL_ADC_GetMultimode
                0x000000000800211c       0x1c ./Drivers/STM32H7xx_HAL_Driver/Src/stm32h7xx_hal_adc.o
 .text.LL_ADC_GetMultiDMATransfer
                0x0000000008002138       0x1c ./Drivers/STM32H7xx_HAL_Driver/Src/stm32h7xx_hal_adc.o
 .text.LL_ADC_DisableDeepPowerDown
                0x0000000008002154       0x24 ./Drivers/STM32H7xx_HAL_Driver/Src/stm32h7xx_hal_adc.o
 .text.LL_ADC_IsDeepPowerDownEnabled
                0x0000000008002178       0x28 ./Drivers/STM32H7xx_HAL_Driver/Src/stm32h7xx_hal_adc.o
 .text.LL_ADC_EnableInternalRegulator
                0x00000000080021a0       0x28 ./Drivers/STM32H7xx_HAL_Driver/Src/stm32h7xx_hal_adc.o
 .text.LL_ADC_IsInternalRegulatorEnabled
                0x00000000080021c8       0x28 ./Drivers/STM32H7xx_HAL_Driver/Src/stm32h7xx_hal_adc.o
 .text.LL_ADC_IsEnabled
                0x00000000080021f0       0x26 ./Drivers/STM32H7xx_HAL_Driver/Src/stm32h7xx_hal_adc.o
 .text.LL_ADC_REG_IsConversionOngoing
                0x0000000008002216       0x26 ./Drivers/STM32H7xx_HAL_Driver/Src/stm32h7xx_hal_adc.o
 .text.LL_ADC_INJ_IsConversionOngoing
                0x000000000800223c       0x26 ./Drivers/STM32H7xx_HAL_Driver/Src/stm32h7xx_hal_adc.o
 *fill*         0x0000000008002262        0x2 
 .text.HAL_ADC_Init
                0x0000000008002264      0x340 ./Drivers/STM32H7xx_HAL_Driver/Src/stm32h7xx_hal_adc.o
                0x0000000008002264                HAL_ADC_Init
 .text.HAL_ADC_IRQHandler
                0x00000000080025a4      0x474 ./Drivers/STM32H7xx_HAL_Driver/Src/stm32h7xx_hal_adc.o
                0x00000000080025a4                HAL_ADC_IRQHandler
 .text.HAL_ADC_ConvCpltCallback
                0x0000000008002a18       0x14 ./Drivers/STM32H7xx_HAL_Driver/Src/stm32h7xx_hal_adc.o
                0x0000000008002a18                HAL_ADC_ConvCpltCallback
 .text.HAL_ADC_LevelOutOfWindowCallback
                0x0000000008002a2c       0x14 ./Drivers/STM32H7xx_HAL_Driver/Src/stm32h7xx_hal_adc.o
                0x0000000008002a2c                HAL_ADC_LevelOutOfWindowCallback
 .text.HAL_ADC_ErrorCallback
                0x0000000008002a40       0x14 ./Drivers/STM32H7xx_HAL_Driver/Src/stm32h7xx_hal_adc.o
                0x0000000008002a40                HAL_ADC_ErrorCallback
 .text.HAL_ADC_ConfigChannel
                0x0000000008002a54      0x6a0 ./Drivers/STM32H7xx_HAL_Driver/Src/stm32h7xx_hal_adc.o
                0x0000000008002a54                HAL_ADC_ConfigChannel
 .text.ADC_ConfigureBoostMode
                0x00000000080030f4      0x214 ./Drivers/STM32H7xx_HAL_Driver/Src/stm32h7xx_hal_adc.o
                0x00000000080030f4                ADC_ConfigureBoostMode
 .text.LL_ADC_IsEnabled
                0x0000000008003308       0x26 ./Drivers/STM32H7xx_HAL_Driver/Src/stm32h7xx_hal_adc_ex.o
 .text.LL_ADC_REG_IsConversionOngoing
                0x000000000800332e       0x26 ./Drivers/STM32H7xx_HAL_Driver/Src/stm32h7xx_hal_adc_ex.o
 .text.HAL_ADCEx_InjectedConvCpltCallback
                0x0000000008003354       0x14 ./Drivers/STM32H7xx_HAL_Driver/Src/stm32h7xx_hal_adc_ex.o
                0x0000000008003354                HAL_ADCEx_InjectedConvCpltCallback
 .text.HAL_ADCEx_InjectedQueueOverflowCallback
                0x0000000008003368       0x14 ./Drivers/STM32H7xx_HAL_Driver/Src/stm32h7xx_hal_adc_ex.o
                0x0000000008003368                HAL_ADCEx_InjectedQueueOverflowCallback
 .text.HAL_ADCEx_LevelOutOfWindow2Callback
                0x000000000800337c       0x14 ./Drivers/STM32H7xx_HAL_Driver/Src/stm32h7xx_hal_adc_ex.o
                0x000000000800337c                HAL_ADCEx_LevelOutOfWindow2Callback
 .text.HAL_ADCEx_LevelOutOfWindow3Callback
                0x0000000008003390       0x14 ./Drivers/STM32H7xx_HAL_Driver/Src/stm32h7xx_hal_adc_ex.o
                0x0000000008003390                HAL_ADCEx_LevelOutOfWindow3Callback
 .text.HAL_ADCEx_EndOfSamplingCallback
                0x00000000080033a4       0x14 ./Drivers/STM32H7xx_HAL_Driver/Src/stm32h7xx_hal_adc_ex.o
                0x00000000080033a4                HAL_ADCEx_EndOfSamplingCallback
 .text.HAL_ADCEx_MultiModeConfigChannel
                0x00000000080033b8      0x1bc ./Drivers/STM32H7xx_HAL_Driver/Src/stm32h7xx_hal_adc_ex.o
                0x00000000080033b8                HAL_ADCEx_MultiModeConfigChannel
 .text.__NVIC_SetPriorityGrouping
                0x0000000008003574       0x48 ./Drivers/STM32H7xx_HAL_Driver/Src/stm32h7xx_hal_cortex.o
 .text.__NVIC_GetPriorityGrouping
                0x00000000080035bc       0x1c ./Drivers/STM32H7xx_HAL_Driver/Src/stm32h7xx_hal_cortex.o
 .text.__NVIC_EnableIRQ
                0x00000000080035d8       0x3c ./Drivers/STM32H7xx_HAL_Driver/Src/stm32h7xx_hal_cortex.o
 .text.__NVIC_SetPriority
                0x0000000008003614       0x54 ./Drivers/STM32H7xx_HAL_Driver/Src/stm32h7xx_hal_cortex.o
 .text.NVIC_EncodePriority
                0x0000000008003668       0x66 ./Drivers/STM32H7xx_HAL_Driver/Src/stm32h7xx_hal_cortex.o
 *fill*         0x00000000080036ce        0x2 
 .text.SysTick_Config
                0x00000000080036d0       0x44 ./Drivers/STM32H7xx_HAL_Driver/Src/stm32h7xx_hal_cortex.o
 .text.HAL_NVIC_SetPriorityGrouping
                0x0000000008003714       0x16 ./Drivers/STM32H7xx_HAL_Driver/Src/stm32h7xx_hal_cortex.o
                0x0000000008003714                HAL_NVIC_SetPriorityGrouping
 .text.HAL_NVIC_SetPriority
                0x000000000800372a       0x34 ./Drivers/STM32H7xx_HAL_Driver/Src/stm32h7xx_hal_cortex.o
                0x000000000800372a                HAL_NVIC_SetPriority
 .text.HAL_NVIC_EnableIRQ
                0x000000000800375e       0x1c ./Drivers/STM32H7xx_HAL_Driver/Src/stm32h7xx_hal_cortex.o
                0x000000000800375e                HAL_NVIC_EnableIRQ
 .text.HAL_SYSTICK_Config
                0x000000000800377a       0x18 ./Drivers/STM32H7xx_HAL_Driver/Src/stm32h7xx_hal_cortex.o
                0x000000000800377a                HAL_SYSTICK_Config
 *fill*         0x0000000008003792        0x2 
 .text.HAL_DMA_Init
                0x0000000008003794      0x6b8 ./Drivers/STM32H7xx_HAL_Driver/Src/stm32h7xx_hal_dma.o
                0x0000000008003794                HAL_DMA_Init
 .text.HAL_DMA_IRQHandler
                0x0000000008003e4c      0xe54 ./Drivers/STM32H7xx_HAL_Driver/Src/stm32h7xx_hal_dma.o
                0x0000000008003e4c                HAL_DMA_IRQHandler
 .text.DMA_CalcBaseAndBitshift
                0x0000000008004ca0      0x164 ./Drivers/STM32H7xx_HAL_Driver/Src/stm32h7xx_hal_dma.o
 .text.DMA_CheckFifoParam
                0x0000000008004e04       0xf8 ./Drivers/STM32H7xx_HAL_Driver/Src/stm32h7xx_hal_dma.o
 .text.DMA_CalcDMAMUXChannelBaseAndMask
                0x0000000008004efc      0x134 ./Drivers/STM32H7xx_HAL_Driver/Src/stm32h7xx_hal_dma.o
 .text.DMA_CalcDMAMUXRequestGenBaseAndMask
                0x0000000008005030       0xe8 ./Drivers/STM32H7xx_HAL_Driver/Src/stm32h7xx_hal_dma.o
 .text.HAL_FDCAN_Init
                0x0000000008005118      0x3c4 ./Drivers/STM32H7xx_HAL_Driver/Src/stm32h7xx_hal_fdcan.o
                0x0000000008005118                HAL_FDCAN_Init
 .text.FDCAN_CalcultateRamBlockAddresses
                0x00000000080054dc      0x30c ./Drivers/STM32H7xx_HAL_Driver/Src/stm32h7xx_hal_fdcan.o
 .text.HAL_GPIO_Init
                0x00000000080057e8      0x360 ./Drivers/STM32H7xx_HAL_Driver/Src/stm32h7xx_hal_gpio.o
                0x00000000080057e8                HAL_GPIO_Init
 .text.HAL_GPIO_WritePin
                0x0000000008005b48       0x32 ./Drivers/STM32H7xx_HAL_Driver/Src/stm32h7xx_hal_gpio.o
                0x0000000008005b48                HAL_GPIO_WritePin
 *fill*         0x0000000008005b7a        0x2 
 .text.HAL_I2C_Init
                0x0000000008005b7c      0x120 ./Drivers/STM32H7xx_HAL_Driver/Src/stm32h7xx_hal_i2c.o
                0x0000000008005b7c                HAL_I2C_Init
 .text.HAL_I2CEx_ConfigAnalogFilter
                0x0000000008005c9c       0x96 ./Drivers/STM32H7xx_HAL_Driver/Src/stm32h7xx_hal_i2c_ex.o
                0x0000000008005c9c                HAL_I2CEx_ConfigAnalogFilter
 .text.HAL_I2CEx_ConfigDigitalFilter
                0x0000000008005d32       0x98 ./Drivers/STM32H7xx_HAL_Driver/Src/stm32h7xx_hal_i2c_ex.o
                0x0000000008005d32                HAL_I2CEx_ConfigDigitalFilter
 .text.HAL_PCD_Init
                0x0000000008005dca      0x248 ./Drivers/STM32H7xx_HAL_Driver/Src/stm32h7xx_hal_pcd.o
                0x0000000008005dca                HAL_PCD_Init
 .text.HAL_PCD_Start
                0x0000000008006012       0x66 ./Drivers/STM32H7xx_HAL_Driver/Src/stm32h7xx_hal_pcd.o
                0x0000000008006012                HAL_PCD_Start
 .text.HAL_PCD_IRQHandler
                0x0000000008006078      0x998 ./Drivers/STM32H7xx_HAL_Driver/Src/stm32h7xx_hal_pcd.o
                0x0000000008006078                HAL_PCD_IRQHandler
 .text.HAL_PCD_SetAddress
                0x0000000008006a10       0x4a ./Drivers/STM32H7xx_HAL_Driver/Src/stm32h7xx_hal_pcd.o
                0x0000000008006a10                HAL_PCD_SetAddress
 .text.HAL_PCD_EP_Open
                0x0000000008006a5a       0xd0 ./Drivers/STM32H7xx_HAL_Driver/Src/stm32h7xx_hal_pcd.o
                0x0000000008006a5a                HAL_PCD_EP_Open
 .text.HAL_PCD_EP_Close
                0x0000000008006b2a       0x94 ./Drivers/STM32H7xx_HAL_Driver/Src/stm32h7xx_hal_pcd.o
                0x0000000008006b2a                HAL_PCD_EP_Close
 .text.HAL_PCD_EP_Receive
                0x0000000008006bbe       0x96 ./Drivers/STM32H7xx_HAL_Driver/Src/stm32h7xx_hal_pcd.o
                0x0000000008006bbe                HAL_PCD_EP_Receive
 .text.HAL_PCD_EP_GetRxCount
                0x0000000008006c54       0x30 ./Drivers/STM32H7xx_HAL_Driver/Src/stm32h7xx_hal_pcd.o
                0x0000000008006c54                HAL_PCD_EP_GetRxCount
 .text.HAL_PCD_EP_Transmit
                0x0000000008006c84       0x94 ./Drivers/STM32H7xx_HAL_Driver/Src/stm32h7xx_hal_pcd.o
                0x0000000008006c84                HAL_PCD_EP_Transmit
 .text.HAL_PCD_EP_SetStall
                0x0000000008006d18       0xc8 ./Drivers/STM32H7xx_HAL_Driver/Src/stm32h7xx_hal_pcd.o
                0x0000000008006d18                HAL_PCD_EP_SetStall
 .text.HAL_PCD_EP_ClrStall
                0x0000000008006de0       0xac ./Drivers/STM32H7xx_HAL_Driver/Src/stm32h7xx_hal_pcd.o
                0x0000000008006de0                HAL_PCD_EP_ClrStall
 .text.HAL_PCD_EP_Abort
                0x0000000008006e8c       0x62 ./Drivers/STM32H7xx_HAL_Driver/Src/stm32h7xx_hal_pcd.o
                0x0000000008006e8c                HAL_PCD_EP_Abort
 .text.PCD_WriteEmptyTxFifo
                0x0000000008006eee      0x11a ./Drivers/STM32H7xx_HAL_Driver/Src/stm32h7xx_hal_pcd.o
 .text.PCD_EP_OutXfrComplete_int
                0x0000000008007008      0x1d0 ./Drivers/STM32H7xx_HAL_Driver/Src/stm32h7xx_hal_pcd.o
 .text.PCD_EP_OutSetupPacket_int
                0x00000000080071d8       0x8c ./Drivers/STM32H7xx_HAL_Driver/Src/stm32h7xx_hal_pcd.o
 .text.HAL_PCDEx_SetTxFiFo
                0x0000000008007264       0x8e ./Drivers/STM32H7xx_HAL_Driver/Src/stm32h7xx_hal_pcd_ex.o
                0x0000000008007264                HAL_PCDEx_SetTxFiFo
 .text.HAL_PCDEx_SetRxFiFo
                0x00000000080072f2       0x22 ./Drivers/STM32H7xx_HAL_Driver/Src/stm32h7xx_hal_pcd_ex.o
                0x00000000080072f2                HAL_PCDEx_SetRxFiFo
 .text.HAL_PCDEx_ActivateLPM
                0x0000000008007314       0x48 ./Drivers/STM32H7xx_HAL_Driver/Src/stm32h7xx_hal_pcd_ex.o
                0x0000000008007314                HAL_PCDEx_ActivateLPM
 .text.HAL_PCDEx_LPM_Callback
                0x000000000800735c       0x18 ./Drivers/STM32H7xx_HAL_Driver/Src/stm32h7xx_hal_pcd_ex.o
                0x000000000800735c                HAL_PCDEx_LPM_Callback
 .text.HAL_PWREx_ConfigSupply
                0x0000000008007374       0x74 ./Drivers/STM32H7xx_HAL_Driver/Src/stm32h7xx_hal_pwr_ex.o
                0x0000000008007374                HAL_PWREx_ConfigSupply
 .text.HAL_PWREx_EnableUSBVoltageDetector
                0x00000000080073e8       0x20 ./Drivers/STM32H7xx_HAL_Driver/Src/stm32h7xx_hal_pwr_ex.o
                0x00000000080073e8                HAL_PWREx_EnableUSBVoltageDetector
 .text.HAL_RCC_OscConfig
                0x0000000008007408      0x858 ./Drivers/STM32H7xx_HAL_Driver/Src/stm32h7xx_hal_rcc.o
                0x0000000008007408                HAL_RCC_OscConfig
 .text.HAL_RCC_ClockConfig
                0x0000000008007c60      0x36c ./Drivers/STM32H7xx_HAL_Driver/Src/stm32h7xx_hal_rcc.o
                0x0000000008007c60                HAL_RCC_ClockConfig
 .text.HAL_RCC_GetSysClockFreq
                0x0000000008007fcc      0x2f4 ./Drivers/STM32H7xx_HAL_Driver/Src/stm32h7xx_hal_rcc.o
                0x0000000008007fcc                HAL_RCC_GetSysClockFreq
 .text.HAL_RCC_GetHCLKFreq
                0x00000000080082c0       0x60 ./Drivers/STM32H7xx_HAL_Driver/Src/stm32h7xx_hal_rcc.o
                0x00000000080082c0                HAL_RCC_GetHCLKFreq
 .text.HAL_RCCEx_PeriphCLKConfig
                0x0000000008008320      0xe80 ./Drivers/STM32H7xx_HAL_Driver/Src/stm32h7xx_hal_rcc_ex.o
                0x0000000008008320                HAL_RCCEx_PeriphCLKConfig
 .text.HAL_RCCEx_GetPeriphCLKFreq
                0x00000000080091a0      0x9a4 ./Drivers/STM32H7xx_HAL_Driver/Src/stm32h7xx_hal_rcc_ex.o
                0x00000000080091a0                HAL_RCCEx_GetPeriphCLKFreq
 .text.HAL_RCCEx_GetD3PCLK1Freq
                0x0000000008009b44       0x2c ./Drivers/STM32H7xx_HAL_Driver/Src/stm32h7xx_hal_rcc_ex.o
                0x0000000008009b44                HAL_RCCEx_GetD3PCLK1Freq
 .text.HAL_RCCEx_GetPLL2ClockFreq
                0x0000000008009b70      0x2a8 ./Drivers/STM32H7xx_HAL_Driver/Src/stm32h7xx_hal_rcc_ex.o
                0x0000000008009b70                HAL_RCCEx_GetPLL2ClockFreq
 .text.HAL_RCCEx_GetPLL3ClockFreq
                0x0000000008009e18      0x2a8 ./Drivers/STM32H7xx_HAL_Driver/Src/stm32h7xx_hal_rcc_ex.o
                0x0000000008009e18                HAL_RCCEx_GetPLL3ClockFreq
 .text.HAL_RCCEx_GetPLL1ClockFreq
                0x000000000800a0c0      0x2a4 ./Drivers/STM32H7xx_HAL_Driver/Src/stm32h7xx_hal_rcc_ex.o
                0x000000000800a0c0                HAL_RCCEx_GetPLL1ClockFreq
 .text.RCCEx_PLL2_Config
                0x000000000800a364      0x164 ./Drivers/STM32H7xx_HAL_Driver/Src/stm32h7xx_hal_rcc_ex.o
 .text.RCCEx_PLL3_Config
                0x000000000800a4c8      0x164 ./Drivers/STM32H7xx_HAL_Driver/Src/stm32h7xx_hal_rcc_ex.o
 .text.HAL_SPI_Init
                0x000000000800a62c      0x20c ./Drivers/STM32H7xx_HAL_Driver/Src/stm32h7xx_hal_spi.o
                0x000000000800a62c                HAL_SPI_Init
 .text.HAL_SPI_Transmit
                0x000000000800a838      0x3e4 ./Drivers/STM32H7xx_HAL_Driver/Src/stm32h7xx_hal_spi.o
                0x000000000800a838                HAL_SPI_Transmit
 .text.HAL_SPI_Receive
                0x000000000800ac1c      0x338 ./Drivers/STM32H7xx_HAL_Driver/Src/stm32h7xx_hal_spi.o
                0x000000000800ac1c                HAL_SPI_Receive
 .text.HAL_SPI_TransmitReceive
                0x000000000800af54      0x450 ./Drivers/STM32H7xx_HAL_Driver/Src/stm32h7xx_hal_spi.o
                0x000000000800af54                HAL_SPI_TransmitReceive
 .text.SPI_CloseTransfer
                0x000000000800b3a4      0x140 ./Drivers/STM32H7xx_HAL_Driver/Src/stm32h7xx_hal_spi.o
 .text.SPI_WaitOnFlagUntilTimeout
                0x000000000800b4e4       0x5c ./Drivers/STM32H7xx_HAL_Driver/Src/stm32h7xx_hal_spi.o
 .text.SPI_GetPacketSize
                0x000000000800b540       0x36 ./Drivers/STM32H7xx_HAL_Driver/Src/stm32h7xx_hal_spi.o
 .text.HAL_TIM_Base_Init
                0x000000000800b576       0xae ./Drivers/STM32H7xx_HAL_Driver/Src/stm32h7xx_hal_tim.o
                0x000000000800b576                HAL_TIM_Base_Init
 .text.HAL_TIM_OC_Init
                0x000000000800b624       0xae ./Drivers/STM32H7xx_HAL_Driver/Src/stm32h7xx_hal_tim.o
                0x000000000800b624                HAL_TIM_OC_Init
 .text.HAL_TIM_OC_MspInit
                0x000000000800b6d2       0x14 ./Drivers/STM32H7xx_HAL_Driver/Src/stm32h7xx_hal_tim.o
                0x000000000800b6d2                HAL_TIM_OC_MspInit
 *fill*         0x000000000800b6e6        0x2 
 .text.HAL_TIM_OC_ConfigChannel
                0x000000000800b6e8       0xf4 ./Drivers/STM32H7xx_HAL_Driver/Src/stm32h7xx_hal_tim.o
                0x000000000800b6e8                HAL_TIM_OC_ConfigChannel
 .text.HAL_TIM_ConfigClockSource
                0x000000000800b7dc      0x1f0 ./Drivers/STM32H7xx_HAL_Driver/Src/stm32h7xx_hal_tim.o
                0x000000000800b7dc                HAL_TIM_ConfigClockSource
 .text.TIM_Base_SetConfig
                0x000000000800b9cc      0x134 ./Drivers/STM32H7xx_HAL_Driver/Src/stm32h7xx_hal_tim.o
                0x000000000800b9cc                TIM_Base_SetConfig
 .text.TIM_OC1_SetConfig
                0x000000000800bb00      0x120 ./Drivers/STM32H7xx_HAL_Driver/Src/stm32h7xx_hal_tim.o
 .text.TIM_OC2_SetConfig
                0x000000000800bc20      0x114 ./Drivers/STM32H7xx_HAL_Driver/Src/stm32h7xx_hal_tim.o
                0x000000000800bc20                TIM_OC2_SetConfig
 .text.TIM_OC3_SetConfig
                0x000000000800bd34      0x110 ./Drivers/STM32H7xx_HAL_Driver/Src/stm32h7xx_hal_tim.o
 .text.TIM_OC4_SetConfig
                0x000000000800be44       0xd4 ./Drivers/STM32H7xx_HAL_Driver/Src/stm32h7xx_hal_tim.o
 .text.TIM_OC5_SetConfig
                0x000000000800bf18       0xc8 ./Drivers/STM32H7xx_HAL_Driver/Src/stm32h7xx_hal_tim.o
 .text.TIM_OC6_SetConfig
                0x000000000800bfe0       0xcc ./Drivers/STM32H7xx_HAL_Driver/Src/stm32h7xx_hal_tim.o
 .text.TIM_TI1_ConfigInputStage
                0x000000000800c0ac       0x5e ./Drivers/STM32H7xx_HAL_Driver/Src/stm32h7xx_hal_tim.o
 .text.TIM_TI2_ConfigInputStage
                0x000000000800c10a       0x60 ./Drivers/STM32H7xx_HAL_Driver/Src/stm32h7xx_hal_tim.o
 *fill*         0x000000000800c16a        0x2 
 .text.TIM_ITRx_SetConfig
                0x000000000800c16c       0x3c ./Drivers/STM32H7xx_HAL_Driver/Src/stm32h7xx_hal_tim.o
 .text.TIM_ETR_SetConfig
                0x000000000800c1a8       0x40 ./Drivers/STM32H7xx_HAL_Driver/Src/stm32h7xx_hal_tim.o
                0x000000000800c1a8                TIM_ETR_SetConfig
 .text.HAL_TIMEx_MasterConfigSynchronization
                0x000000000800c1e8      0x11c ./Drivers/STM32H7xx_HAL_Driver/Src/stm32h7xx_hal_tim_ex.o
                0x000000000800c1e8                HAL_TIMEx_MasterConfigSynchronization
 .text.HAL_TIMEx_ConfigBreakDeadTime
                0x000000000800c304       0xfc ./Drivers/STM32H7xx_HAL_Driver/Src/stm32h7xx_hal_tim_ex.o
                0x000000000800c304                HAL_TIMEx_ConfigBreakDeadTime
 .text.USB_CoreInit
                0x000000000800c400       0xdc ./Drivers/STM32H7xx_HAL_Driver/Src/stm32h7xx_ll_usb.o
                0x000000000800c400                USB_CoreInit
 .text.USB_SetTurnaroundTime
                0x000000000800c4dc      0x144 ./Drivers/STM32H7xx_HAL_Driver/Src/stm32h7xx_ll_usb.o
                0x000000000800c4dc                USB_SetTurnaroundTime
 .text.USB_EnableGlobalInt
                0x000000000800c620       0x22 ./Drivers/STM32H7xx_HAL_Driver/Src/stm32h7xx_ll_usb.o
                0x000000000800c620                USB_EnableGlobalInt
 .text.USB_DisableGlobalInt
                0x000000000800c642       0x22 ./Drivers/STM32H7xx_HAL_Driver/Src/stm32h7xx_ll_usb.o
                0x000000000800c642                USB_DisableGlobalInt
 .text.USB_SetCurrentMode
                0x000000000800c664       0x98 ./Drivers/STM32H7xx_HAL_Driver/Src/stm32h7xx_ll_usb.o
                0x000000000800c664                USB_SetCurrentMode
 .text.USB_DevInit
                0x000000000800c6fc      0x2bc ./Drivers/STM32H7xx_HAL_Driver/Src/stm32h7xx_ll_usb.o
                0x000000000800c6fc                USB_DevInit
 .text.USB_FlushTxFifo
                0x000000000800c9b8       0x68 ./Drivers/STM32H7xx_HAL_Driver/Src/stm32h7xx_ll_usb.o
                0x000000000800c9b8                USB_FlushTxFifo
 .text.USB_FlushRxFifo
                0x000000000800ca20       0x60 ./Drivers/STM32H7xx_HAL_Driver/Src/stm32h7xx_ll_usb.o
                0x000000000800ca20                USB_FlushRxFifo
 .text.USB_SetDevSpeed
                0x000000000800ca80       0x32 ./Drivers/STM32H7xx_HAL_Driver/Src/stm32h7xx_ll_usb.o
                0x000000000800ca80                USB_SetDevSpeed
 .text.USB_GetDevSpeed
                0x000000000800cab2       0x4a ./Drivers/STM32H7xx_HAL_Driver/Src/stm32h7xx_ll_usb.o
                0x000000000800cab2                USB_GetDevSpeed
 .text.USB_ActivateEndpoint
                0x000000000800cafc      0x110 ./Drivers/STM32H7xx_HAL_Driver/Src/stm32h7xx_ll_usb.o
                0x000000000800cafc                USB_ActivateEndpoint
 .text.USB_DeactivateEndpoint
                0x000000000800cc0c      0x1b8 ./Drivers/STM32H7xx_HAL_Driver/Src/stm32h7xx_ll_usb.o
                0x000000000800cc0c                USB_DeactivateEndpoint
 .text.USB_EPStartXfer
                0x000000000800cdc4      0x4a0 ./Drivers/STM32H7xx_HAL_Driver/Src/stm32h7xx_ll_usb.o
                0x000000000800cdc4                USB_EPStartXfer
 .text.USB_EP0StartXfer
                0x000000000800d264      0x2b8 ./Drivers/STM32H7xx_HAL_Driver/Src/stm32h7xx_ll_usb.o
                0x000000000800d264                USB_EP0StartXfer
 .text.USB_EPStopXfer
                0x000000000800d51c      0x154 ./Drivers/STM32H7xx_HAL_Driver/Src/stm32h7xx_ll_usb.o
                0x000000000800d51c                USB_EPStopXfer
 .text.USB_WritePacket
                0x000000000800d670       0x7c ./Drivers/STM32H7xx_HAL_Driver/Src/stm32h7xx_ll_usb.o
                0x000000000800d670                USB_WritePacket
 .text.USB_ReadPacket
                0x000000000800d6ec       0xb0 ./Drivers/STM32H7xx_HAL_Driver/Src/stm32h7xx_ll_usb.o
                0x000000000800d6ec                USB_ReadPacket
 .text.USB_EPSetStall
                0x000000000800d79c       0xdc ./Drivers/STM32H7xx_HAL_Driver/Src/stm32h7xx_ll_usb.o
                0x000000000800d79c                USB_EPSetStall
 .text.USB_EPClearStall
                0x000000000800d878       0xcc ./Drivers/STM32H7xx_HAL_Driver/Src/stm32h7xx_ll_usb.o
                0x000000000800d878                USB_EPClearStall
 .text.USB_SetDevAddress
                0x000000000800d944       0x4c ./Drivers/STM32H7xx_HAL_Driver/Src/stm32h7xx_ll_usb.o
                0x000000000800d944                USB_SetDevAddress
 .text.USB_DevConnect
                0x000000000800d990       0x42 ./Drivers/STM32H7xx_HAL_Driver/Src/stm32h7xx_ll_usb.o
                0x000000000800d990                USB_DevConnect
 .text.USB_DevDisconnect
                0x000000000800d9d2       0x42 ./Drivers/STM32H7xx_HAL_Driver/Src/stm32h7xx_ll_usb.o
                0x000000000800d9d2                USB_DevDisconnect
 .text.USB_ReadInterrupts
                0x000000000800da14       0x26 ./Drivers/STM32H7xx_HAL_Driver/Src/stm32h7xx_ll_usb.o
                0x000000000800da14                USB_ReadInterrupts
 .text.USB_ReadDevAllOutEpInterrupt
                0x000000000800da3a       0x34 ./Drivers/STM32H7xx_HAL_Driver/Src/stm32h7xx_ll_usb.o
                0x000000000800da3a                USB_ReadDevAllOutEpInterrupt
 .text.USB_ReadDevAllInEpInterrupt
                0x000000000800da6e       0x34 ./Drivers/STM32H7xx_HAL_Driver/Src/stm32h7xx_ll_usb.o
                0x000000000800da6e                USB_ReadDevAllInEpInterrupt
 .text.USB_ReadDevOutEPInterrupt
                0x000000000800daa2       0x3c ./Drivers/STM32H7xx_HAL_Driver/Src/stm32h7xx_ll_usb.o
                0x000000000800daa2                USB_ReadDevOutEPInterrupt
 .text.USB_ReadDevInEPInterrupt
                0x000000000800dade       0x5c ./Drivers/STM32H7xx_HAL_Driver/Src/stm32h7xx_ll_usb.o
                0x000000000800dade                USB_ReadDevInEPInterrupt
 .text.USB_GetMode
                0x000000000800db3a       0x1c ./Drivers/STM32H7xx_HAL_Driver/Src/stm32h7xx_ll_usb.o
                0x000000000800db3a                USB_GetMode
 *fill*         0x000000000800db56        0x2 
 .text.USB_ActivateSetup
                0x000000000800db58       0x48 ./Drivers/STM32H7xx_HAL_Driver/Src/stm32h7xx_ll_usb.o
                0x000000000800db58                USB_ActivateSetup
 .text.USB_EP0_OutStart
                0x000000000800dba0       0xbc ./Drivers/STM32H7xx_HAL_Driver/Src/stm32h7xx_ll_usb.o
                0x000000000800dba0                USB_EP0_OutStart
 .text.USB_CoreReset
                0x000000000800dc5c       0x68 ./Drivers/STM32H7xx_HAL_Driver/Src/stm32h7xx_ll_usb.o
 .text.USBD_CDC_Init
                0x000000000800dcc4      0x1f0 ./Middlewares/ST/STM32_USB_Device_Library/Class/CDC/Src/usbd_cdc.o
 .text.USBD_CDC_DeInit
                0x000000000800deb4      0x104 ./Middlewares/ST/STM32_USB_Device_Library/Class/CDC/Src/usbd_cdc.o
 .text.USBD_CDC_Setup
                0x000000000800dfb8      0x1b8 ./Middlewares/ST/STM32_USB_Device_Library/Class/CDC/Src/usbd_cdc.o
 .text.USBD_CDC_DataIn
                0x000000000800e170       0xfe ./Middlewares/ST/STM32_USB_Device_Library/Class/CDC/Src/usbd_cdc.o
 .text.USBD_CDC_DataOut
                0x000000000800e26e       0x70 ./Middlewares/ST/STM32_USB_Device_Library/Class/CDC/Src/usbd_cdc.o
 .text.USBD_CDC_EP0_RxReady
                0x000000000800e2de       0x76 ./Middlewares/ST/STM32_USB_Device_Library/Class/CDC/Src/usbd_cdc.o
 .text.USBD_CDC_GetFSCfgDesc
                0x000000000800e354       0x70 ./Middlewares/ST/STM32_USB_Device_Library/Class/CDC/Src/usbd_cdc.o
 .text.USBD_CDC_GetHSCfgDesc
                0x000000000800e3c4       0x70 ./Middlewares/ST/STM32_USB_Device_Library/Class/CDC/Src/usbd_cdc.o
 .text.USBD_CDC_GetOtherSpeedCfgDesc
                0x000000000800e434       0x70 ./Middlewares/ST/STM32_USB_Device_Library/Class/CDC/Src/usbd_cdc.o
 .text.USBD_CDC_GetDeviceQualifierDescriptor
                0x000000000800e4a4       0x20 ./Middlewares/ST/STM32_USB_Device_Library/Class/CDC/Src/usbd_cdc.o
                0x000000000800e4a4                USBD_CDC_GetDeviceQualifierDescriptor
 .text.USBD_CDC_RegisterInterface
                0x000000000800e4c4       0x34 ./Middlewares/ST/STM32_USB_Device_Library/Class/CDC/Src/usbd_cdc.o
                0x000000000800e4c4                USBD_CDC_RegisterInterface
 .text.USBD_CDC_SetTxBuffer
                0x000000000800e4f8       0x44 ./Middlewares/ST/STM32_USB_Device_Library/Class/CDC/Src/usbd_cdc.o
                0x000000000800e4f8                USBD_CDC_SetTxBuffer
 .text.USBD_CDC_SetRxBuffer
                0x000000000800e53c       0x3a ./Middlewares/ST/STM32_USB_Device_Library/Class/CDC/Src/usbd_cdc.o
                0x000000000800e53c                USBD_CDC_SetRxBuffer
 *fill*         0x000000000800e576        0x2 
 .text.USBD_CDC_ReceivePacket
                0x000000000800e578       0x6c ./Middlewares/ST/STM32_USB_Device_Library/Class/CDC/Src/usbd_cdc.o
                0x000000000800e578                USBD_CDC_ReceivePacket
 .text.USBD_Init
                0x000000000800e5e4       0x60 ./Middlewares/ST/STM32_USB_Device_Library/Core/Src/usbd_core.o
                0x000000000800e5e4                USBD_Init
 .text.USBD_RegisterClass
                0x000000000800e644       0x6c ./Middlewares/ST/STM32_USB_Device_Library/Core/Src/usbd_core.o
                0x000000000800e644                USBD_RegisterClass
 .text.USBD_Start
                0x000000000800e6b0       0x18 ./Middlewares/ST/STM32_USB_Device_Library/Core/Src/usbd_core.o
                0x000000000800e6b0                USBD_Start
 .text.USBD_RunTestMode
                0x000000000800e6c8       0x16 ./Middlewares/ST/STM32_USB_Device_Library/Core/Src/usbd_core.o
                0x000000000800e6c8                USBD_RunTestMode
 .text.USBD_SetClassConfig
                0x000000000800e6de       0x38 ./Middlewares/ST/STM32_USB_Device_Library/Core/Src/usbd_core.o
                0x000000000800e6de                USBD_SetClassConfig
 .text.USBD_ClrClassConfig
                0x000000000800e716       0x34 ./Middlewares/ST/STM32_USB_Device_Library/Core/Src/usbd_core.o
                0x000000000800e716                USBD_ClrClassConfig
 .text.USBD_LL_SetupStage
                0x000000000800e74a       0xaa ./Middlewares/ST/STM32_USB_Device_Library/Core/Src/usbd_core.o
                0x000000000800e74a                USBD_LL_SetupStage
 .text.USBD_LL_DataOutStage
                0x000000000800e7f4      0x166 ./Middlewares/ST/STM32_USB_Device_Library/Core/Src/usbd_core.o
                0x000000000800e7f4                USBD_LL_DataOutStage
 .text.USBD_LL_DataInStage
                0x000000000800e95a      0x164 ./Middlewares/ST/STM32_USB_Device_Library/Core/Src/usbd_core.o
                0x000000000800e95a                USBD_LL_DataInStage
 .text.USBD_LL_Reset
                0x000000000800eabe       0xa4 ./Middlewares/ST/STM32_USB_Device_Library/Core/Src/usbd_core.o
                0x000000000800eabe                USBD_LL_Reset
 .text.USBD_LL_SetSpeed
                0x000000000800eb62       0x20 ./Middlewares/ST/STM32_USB_Device_Library/Core/Src/usbd_core.o
                0x000000000800eb62                USBD_LL_SetSpeed
 .text.USBD_LL_Suspend
                0x000000000800eb82       0x2c ./Middlewares/ST/STM32_USB_Device_Library/Core/Src/usbd_core.o
                0x000000000800eb82                USBD_LL_Suspend
 .text.USBD_LL_Resume
                0x000000000800ebae       0x30 ./Middlewares/ST/STM32_USB_Device_Library/Core/Src/usbd_core.o
                0x000000000800ebae                USBD_LL_Resume
 .text.USBD_LL_SOF
                0x000000000800ebde       0x40 ./Middlewares/ST/STM32_USB_Device_Library/Core/Src/usbd_core.o
                0x000000000800ebde                USBD_LL_SOF
 .text.USBD_LL_IsoINIncomplete
                0x000000000800ec1e       0x64 ./Middlewares/ST/STM32_USB_Device_Library/Core/Src/usbd_core.o
                0x000000000800ec1e                USBD_LL_IsoINIncomplete
 .text.USBD_LL_IsoOUTIncomplete
                0x000000000800ec82       0x64 ./Middlewares/ST/STM32_USB_Device_Library/Core/Src/usbd_core.o
                0x000000000800ec82                USBD_LL_IsoOUTIncomplete
 .text.USBD_LL_DevConnected
                0x000000000800ece6       0x16 ./Middlewares/ST/STM32_USB_Device_Library/Core/Src/usbd_core.o
                0x000000000800ece6                USBD_LL_DevConnected
 .text.USBD_LL_DevDisconnected
                0x000000000800ecfc       0x46 ./Middlewares/ST/STM32_USB_Device_Library/Core/Src/usbd_core.o
                0x000000000800ecfc                USBD_LL_DevDisconnected
 .text.USBD_CoreFindIF
                0x000000000800ed42       0x1a ./Middlewares/ST/STM32_USB_Device_Library/Core/Src/usbd_core.o
                0x000000000800ed42                USBD_CoreFindIF
 .text.USBD_CoreFindEP
                0x000000000800ed5c       0x1a ./Middlewares/ST/STM32_USB_Device_Library/Core/Src/usbd_core.o
                0x000000000800ed5c                USBD_CoreFindEP
 .text.USBD_GetEpDesc
                0x000000000800ed76       0x74 ./Middlewares/ST/STM32_USB_Device_Library/Core/Src/usbd_core.o
                0x000000000800ed76                USBD_GetEpDesc
 .text.USBD_GetNextDesc
                0x000000000800edea       0x3a ./Middlewares/ST/STM32_USB_Device_Library/Core/Src/usbd_core.o
                0x000000000800edea                USBD_GetNextDesc
 .text.SWAPBYTE
                0x000000000800ee24       0x3c ./Middlewares/ST/STM32_USB_Device_Library/Core/Src/usbd_ctlreq.o
 .text.USBD_StdDevReq
                0x000000000800ee60       0xe4 ./Middlewares/ST/STM32_USB_Device_Library/Core/Src/usbd_ctlreq.o
                0x000000000800ee60                USBD_StdDevReq
 .text.USBD_StdItfReq
                0x000000000800ef44       0xd8 ./Middlewares/ST/STM32_USB_Device_Library/Core/Src/usbd_ctlreq.o
                0x000000000800ef44                USBD_StdItfReq
 .text.USBD_StdEPReq
                0x000000000800f01c      0x33a ./Middlewares/ST/STM32_USB_Device_Library/Core/Src/usbd_ctlreq.o
                0x000000000800f01c                USBD_StdEPReq
 *fill*         0x000000000800f356        0x2 
 .text.USBD_GetDescriptor
                0x000000000800f358      0x2d4 ./Middlewares/ST/STM32_USB_Device_Library/Core/Src/usbd_ctlreq.o
 .text.USBD_SetAddress
                0x000000000800f62c       0x88 ./Middlewares/ST/STM32_USB_Device_Library/Core/Src/usbd_ctlreq.o
 .text.USBD_SetConfig
                0x000000000800f6b4      0x154 ./Middlewares/ST/STM32_USB_Device_Library/Core/Src/usbd_ctlreq.o
 .text.USBD_GetConfig
                0x000000000800f808       0x6c ./Middlewares/ST/STM32_USB_Device_Library/Core/Src/usbd_ctlreq.o
 .text.USBD_GetStatus
                0x000000000800f874       0x68 ./Middlewares/ST/STM32_USB_Device_Library/Core/Src/usbd_ctlreq.o
 .text.USBD_SetFeature
                0x000000000800f8dc       0x52 ./Middlewares/ST/STM32_USB_Device_Library/Core/Src/usbd_ctlreq.o
 .text.USBD_ClrFeature
                0x000000000800f92e       0x44 ./Middlewares/ST/STM32_USB_Device_Library/Core/Src/usbd_ctlreq.o
 .text.USBD_ParseSetupRequest
                0x000000000800f972       0x74 ./Middlewares/ST/STM32_USB_Device_Library/Core/Src/usbd_ctlreq.o
                0x000000000800f972                USBD_ParseSetupRequest
 .text.USBD_CtlError
                0x000000000800f9e6       0x22 ./Middlewares/ST/STM32_USB_Device_Library/Core/Src/usbd_ctlreq.o
                0x000000000800f9e6                USBD_CtlError
 .text.USBD_GetString
                0x000000000800fa08       0x8c ./Middlewares/ST/STM32_USB_Device_Library/Core/Src/usbd_ctlreq.o
                0x000000000800fa08                USBD_GetString
 .text.USBD_GetLen
                0x000000000800fa94       0x34 ./Middlewares/ST/STM32_USB_Device_Library/Core/Src/usbd_ctlreq.o
 .text.USBD_CtlSendData
                0x000000000800fac8       0x36 ./Middlewares/ST/STM32_USB_Device_Library/Core/Src/usbd_ioreq.o
                0x000000000800fac8                USBD_CtlSendData
 .text.USBD_CtlContinueSendData
                0x000000000800fafe       0x22 ./Middlewares/ST/STM32_USB_Device_Library/Core/Src/usbd_ioreq.o
                0x000000000800fafe                USBD_CtlContinueSendData
 .text.USBD_CtlPrepareRx
                0x000000000800fb20       0x3a ./Middlewares/ST/STM32_USB_Device_Library/Core/Src/usbd_ioreq.o
                0x000000000800fb20                USBD_CtlPrepareRx
 .text.USBD_CtlContinueRx
                0x000000000800fb5a       0x22 ./Middlewares/ST/STM32_USB_Device_Library/Core/Src/usbd_ioreq.o
                0x000000000800fb5a                USBD_CtlContinueRx
 .text.USBD_CtlSendStatus
                0x000000000800fb7c       0x26 ./Middlewares/ST/STM32_USB_Device_Library/Core/Src/usbd_ioreq.o
                0x000000000800fb7c                USBD_CtlSendStatus
 .text.USBD_CtlReceiveStatus
                0x000000000800fba2       0x26 ./Middlewares/ST/STM32_USB_Device_Library/Core/Src/usbd_ioreq.o
                0x000000000800fba2                USBD_CtlReceiveStatus
 .text.MX_USB_DEVICE_Init
                0x000000000800fbc8       0x64 ./USB_DEVICE/App/usb_device.o
                0x000000000800fbc8                MX_USB_DEVICE_Init
 .text.CDC_Init_FS
                0x000000000800fc2c       0x28 ./USB_DEVICE/App/usbd_cdc_if.o
 .text.CDC_DeInit_FS
                0x000000000800fc54       0x10 ./USB_DEVICE/App/usbd_cdc_if.o
 .text.CDC_Control_FS
                0x000000000800fc64       0xbc ./USB_DEVICE/App/usbd_cdc_if.o
 .text.CDC_Receive_FS
                0x000000000800fd20       0x28 ./USB_DEVICE/App/usbd_cdc_if.o
 .text.CDC_TransmitCplt_FS
                0x000000000800fd48       0x22 ./USB_DEVICE/App/usbd_cdc_if.o
 *fill*         0x000000000800fd6a        0x2 
 .text.USBD_FS_DeviceDescriptor
                0x000000000800fd6c       0x24 ./USB_DEVICE/App/usbd_desc.o
                0x000000000800fd6c                USBD_FS_DeviceDescriptor
 .text.USBD_FS_LangIDStrDescriptor
                0x000000000800fd90       0x24 ./USB_DEVICE/App/usbd_desc.o
                0x000000000800fd90                USBD_FS_LangIDStrDescriptor
 .text.USBD_FS_ProductStrDescriptor
                0x000000000800fdb4       0x3c ./USB_DEVICE/App/usbd_desc.o
                0x000000000800fdb4                USBD_FS_ProductStrDescriptor
 .text.USBD_FS_ManufacturerStrDescriptor
                0x000000000800fdf0       0x28 ./USB_DEVICE/App/usbd_desc.o
                0x000000000800fdf0                USBD_FS_ManufacturerStrDescriptor
 .text.USBD_FS_SerialStrDescriptor
                0x000000000800fe18       0x24 ./USB_DEVICE/App/usbd_desc.o
                0x000000000800fe18                USBD_FS_SerialStrDescriptor
 .text.USBD_FS_ConfigStrDescriptor
                0x000000000800fe3c       0x3c ./USB_DEVICE/App/usbd_desc.o
                0x000000000800fe3c                USBD_FS_ConfigStrDescriptor
 .text.USBD_FS_InterfaceStrDescriptor
                0x000000000800fe78       0x3c ./USB_DEVICE/App/usbd_desc.o
                0x000000000800fe78                USBD_FS_InterfaceStrDescriptor
 .text.Get_SerialNum
                0x000000000800feb4       0x58 ./USB_DEVICE/App/usbd_desc.o
 .text.IntToUnicode
                0x000000000800ff0c       0x7e ./USB_DEVICE/App/usbd_desc.o
 *fill*         0x000000000800ff8a        0x2 
 .text.HAL_PCD_MspInit
                0x000000000800ff8c      0x100 ./USB_DEVICE/Target/usbd_conf.o
                0x000000000800ff8c                HAL_PCD_MspInit
 .text.HAL_PCD_SetupStageCallback
                0x000000000801008c       0x24 ./USB_DEVICE/Target/usbd_conf.o
                0x000000000801008c                HAL_PCD_SetupStageCallback
 .text.HAL_PCD_DataOutStageCallback
                0x00000000080100b0       0x36 ./USB_DEVICE/Target/usbd_conf.o
                0x00000000080100b0                HAL_PCD_DataOutStageCallback
 .text.HAL_PCD_DataInStageCallback
                0x00000000080100e6       0x34 ./USB_DEVICE/Target/usbd_conf.o
                0x00000000080100e6                HAL_PCD_DataInStageCallback
 .text.HAL_PCD_SOFCallback
                0x000000000801011a       0x1c ./USB_DEVICE/Target/usbd_conf.o
                0x000000000801011a                HAL_PCD_SOFCallback
 .text.HAL_PCD_ResetCallback
                0x0000000008010136       0x50 ./USB_DEVICE/Target/usbd_conf.o
                0x0000000008010136                HAL_PCD_ResetCallback
 *fill*         0x0000000008010186        0x2 
 .text.HAL_PCD_SuspendCallback
                0x0000000008010188       0x4c ./USB_DEVICE/Target/usbd_conf.o
                0x0000000008010188                HAL_PCD_SuspendCallback
 .text.HAL_PCD_ResumeCallback
                0x00000000080101d4       0x1c ./USB_DEVICE/Target/usbd_conf.o
                0x00000000080101d4                HAL_PCD_ResumeCallback
 .text.HAL_PCD_ISOOUTIncompleteCallback
                0x00000000080101f0       0x24 ./USB_DEVICE/Target/usbd_conf.o
                0x00000000080101f0                HAL_PCD_ISOOUTIncompleteCallback
 .text.HAL_PCD_ISOINIncompleteCallback
                0x0000000008010214       0x24 ./USB_DEVICE/Target/usbd_conf.o
                0x0000000008010214                HAL_PCD_ISOINIncompleteCallback
 .text.HAL_PCD_ConnectCallback
                0x0000000008010238       0x1c ./USB_DEVICE/Target/usbd_conf.o
                0x0000000008010238                HAL_PCD_ConnectCallback
 .text.HAL_PCD_DisconnectCallback
                0x0000000008010254       0x1c ./USB_DEVICE/Target/usbd_conf.o
                0x0000000008010254                HAL_PCD_DisconnectCallback
 .text.USBD_LL_Init
                0x0000000008010270       0xa0 ./USB_DEVICE/Target/usbd_conf.o
                0x0000000008010270                USBD_LL_Init
 .text.USBD_LL_Start
                0x0000000008010310       0x36 ./USB_DEVICE/Target/usbd_conf.o
                0x0000000008010310                USBD_LL_Start
 .text.USBD_LL_OpenEP
                0x0000000008010346       0x4c ./USB_DEVICE/Target/usbd_conf.o
                0x0000000008010346                USBD_LL_OpenEP
 .text.USBD_LL_CloseEP
                0x0000000008010392       0x3e ./USB_DEVICE/Target/usbd_conf.o
                0x0000000008010392                USBD_LL_CloseEP
 .text.USBD_LL_StallEP
                0x00000000080103d0       0x3e ./USB_DEVICE/Target/usbd_conf.o
                0x00000000080103d0                USBD_LL_StallEP
 .text.USBD_LL_ClearStallEP
                0x000000000801040e       0x3e ./USB_DEVICE/Target/usbd_conf.o
                0x000000000801040e                USBD_LL_ClearStallEP
 .text.USBD_LL_IsStallEP
                0x000000000801044c       0x58 ./USB_DEVICE/Target/usbd_conf.o
                0x000000000801044c                USBD_LL_IsStallEP
 .text.USBD_LL_SetUSBAddress
                0x00000000080104a4       0x3e ./USB_DEVICE/Target/usbd_conf.o
                0x00000000080104a4                USBD_LL_SetUSBAddress
 .text.USBD_LL_Transmit
                0x00000000080104e2       0x42 ./USB_DEVICE/Target/usbd_conf.o
                0x00000000080104e2                USBD_LL_Transmit
 .text.USBD_LL_PrepareReceive
                0x0000000008010524       0x42 ./USB_DEVICE/Target/usbd_conf.o
                0x0000000008010524                USBD_LL_PrepareReceive
 .text.USBD_LL_GetRxDataSize
                0x0000000008010566       0x26 ./USB_DEVICE/Target/usbd_conf.o
                0x0000000008010566                USBD_LL_GetRxDataSize
 .text.USBD_static_malloc
                0x000000000801058c       0x1c ./USB_DEVICE/Target/usbd_conf.o
                0x000000000801058c                USBD_static_malloc
 .text.USBD_static_free
                0x00000000080105a8       0x14 ./USB_DEVICE/Target/usbd_conf.o
                0x00000000080105a8                USBD_static_free
 .text.USBD_Get_USB_Status
                0x00000000080105bc       0x58 ./USB_DEVICE/Target/usbd_conf.o
                0x00000000080105bc                USBD_Get_USB_Status
 .text.__errno  0x0000000008010614        0xc c:/st/stm32cubeide_1.7.0/stm32cubeide/plugins/com.st.stm32cube.ide.mcu.externaltools.gnu-tools-for-stm32.9-2020-q2-update.win32_2.0.0.202105311346/tools/bin/../lib/gcc/arm-none-eabi/9.3.1/../../../../arm-none-eabi/lib/thumb/v7e-m+dp/hard\libc_nano.a(lib_a-errno.o)
                0x0000000008010614                __errno
 .text.__libc_init_array
                0x0000000008010620       0x48 c:/st/stm32cubeide_1.7.0/stm32cubeide/plugins/com.st.stm32cube.ide.mcu.externaltools.gnu-tools-for-stm32.9-2020-q2-update.win32_2.0.0.202105311346/tools/bin/../lib/gcc/arm-none-eabi/9.3.1/../../../../arm-none-eabi/lib/thumb/v7e-m+dp/hard\libc_nano.a(lib_a-init.o)
                0x0000000008010620                __libc_init_array
 .text.memcpy   0x0000000008010668       0x1c c:/st/stm32cubeide_1.7.0/stm32cubeide/plugins/com.st.stm32cube.ide.mcu.externaltools.gnu-tools-for-stm32.9-2020-q2-update.win32_2.0.0.202105311346/tools/bin/../lib/gcc/arm-none-eabi/9.3.1/../../../../arm-none-eabi/lib/thumb/v7e-m+dp/hard\libc_nano.a(lib_a-memcpy-stub.o)
                0x0000000008010668                memcpy
 .text.memset   0x0000000008010684       0x10 c:/st/stm32cubeide_1.7.0/stm32cubeide/plugins/com.st.stm32cube.ide.mcu.externaltools.gnu-tools-for-stm32.9-2020-q2-update.win32_2.0.0.202105311346/tools/bin/../lib/gcc/arm-none-eabi/9.3.1/../../../../arm-none-eabi/lib/thumb/v7e-m+dp/hard\libc_nano.a(lib_a-memset.o)
                0x0000000008010684                memset
 .text.printf   0x0000000008010694       0x30 c:/st/stm32cubeide_1.7.0/stm32cubeide/plugins/com.st.stm32cube.ide.mcu.externaltools.gnu-tools-for-stm32.9-2020-q2-update.win32_2.0.0.202105311346/tools/bin/../lib/gcc/arm-none-eabi/9.3.1/../../../../arm-none-eabi/lib/thumb/v7e-m+dp/hard\libc_nano.a(lib_a-printf.o)
                0x0000000008010694                iprintf
                0x0000000008010694                printf
 .text.std      0x00000000080106c4       0x48 c:/st/stm32cubeide_1.7.0/stm32cubeide/plugins/com.st.stm32cube.ide.mcu.externaltools.gnu-tools-for-stm32.9-2020-q2-update.win32_2.0.0.202105311346/tools/bin/../lib/gcc/arm-none-eabi/9.3.1/../../../../arm-none-eabi/lib/thumb/v7e-m+dp/hard\libc_nano.a(lib_a-findfp.o)
 .text._cleanup_r
                0x000000000801070c        0xc c:/st/stm32cubeide_1.7.0/stm32cubeide/plugins/com.st.stm32cube.ide.mcu.externaltools.gnu-tools-for-stm32.9-2020-q2-update.win32_2.0.0.202105311346/tools/bin/../lib/gcc/arm-none-eabi/9.3.1/../../../../arm-none-eabi/lib/thumb/v7e-m+dp/hard\libc_nano.a(lib_a-findfp.o)
                0x000000000801070c                _cleanup_r
 .text.__sfmoreglue
                0x0000000008010718       0x2c c:/st/stm32cubeide_1.7.0/stm32cubeide/plugins/com.st.stm32cube.ide.mcu.externaltools.gnu-tools-for-stm32.9-2020-q2-update.win32_2.0.0.202105311346/tools/bin/../lib/gcc/arm-none-eabi/9.3.1/../../../../arm-none-eabi/lib/thumb/v7e-m+dp/hard\libc_nano.a(lib_a-findfp.o)
                0x0000000008010718                __sfmoreglue
 .text.__sfp_lock_acquire
                0x0000000008010744        0xc c:/st/stm32cubeide_1.7.0/stm32cubeide/plugins/com.st.stm32cube.ide.mcu.externaltools.gnu-tools-for-stm32.9-2020-q2-update.win32_2.0.0.202105311346/tools/bin/../lib/gcc/arm-none-eabi/9.3.1/../../../../arm-none-eabi/lib/thumb/v7e-m+dp/hard\libc_nano.a(lib_a-findfp.o)
                0x0000000008010744                __sfp_lock_acquire
 .text.__sfp_lock_release
                0x0000000008010750        0xc c:/st/stm32cubeide_1.7.0/stm32cubeide/plugins/com.st.stm32cube.ide.mcu.externaltools.gnu-tools-for-stm32.9-2020-q2-update.win32_2.0.0.202105311346/tools/bin/../lib/gcc/arm-none-eabi/9.3.1/../../../../arm-none-eabi/lib/thumb/v7e-m+dp/hard\libc_nano.a(lib_a-findfp.o)
                0x0000000008010750                __sfp_lock_release
 .text.__sinit_lock_acquire
                0x000000000801075c        0xc c:/st/stm32cubeide_1.7.0/stm32cubeide/plugins/com.st.stm32cube.ide.mcu.externaltools.gnu-tools-for-stm32.9-2020-q2-update.win32_2.0.0.202105311346/tools/bin/../lib/gcc/arm-none-eabi/9.3.1/../../../../arm-none-eabi/lib/thumb/v7e-m+dp/hard\libc_nano.a(lib_a-findfp.o)
                0x000000000801075c                __sinit_lock_acquire
 .text.__sinit_lock_release
                0x0000000008010768        0xc c:/st/stm32cubeide_1.7.0/stm32cubeide/plugins/com.st.stm32cube.ide.mcu.externaltools.gnu-tools-for-stm32.9-2020-q2-update.win32_2.0.0.202105311346/tools/bin/../lib/gcc/arm-none-eabi/9.3.1/../../../../arm-none-eabi/lib/thumb/v7e-m+dp/hard\libc_nano.a(lib_a-findfp.o)
                0x0000000008010768                __sinit_lock_release
 .text.__sinit  0x0000000008010774       0x70 c:/st/stm32cubeide_1.7.0/stm32cubeide/plugins/com.st.stm32cube.ide.mcu.externaltools.gnu-tools-for-stm32.9-2020-q2-update.win32_2.0.0.202105311346/tools/bin/../lib/gcc/arm-none-eabi/9.3.1/../../../../arm-none-eabi/lib/thumb/v7e-m+dp/hard\libc_nano.a(lib_a-findfp.o)
                0x0000000008010774                __sinit
 .text.__sfp    0x00000000080107e4       0x8c c:/st/stm32cubeide_1.7.0/stm32cubeide/plugins/com.st.stm32cube.ide.mcu.externaltools.gnu-tools-for-stm32.9-2020-q2-update.win32_2.0.0.202105311346/tools/bin/../lib/gcc/arm-none-eabi/9.3.1/../../../../arm-none-eabi/lib/thumb/v7e-m+dp/hard\libc_nano.a(lib_a-findfp.o)
                0x00000000080107e4                __sfp
 .text._fwalk_reent
                0x0000000008010870       0x3e c:/st/stm32cubeide_1.7.0/stm32cubeide/plugins/com.st.stm32cube.ide.mcu.externaltools.gnu-tools-for-stm32.9-2020-q2-update.win32_2.0.0.202105311346/tools/bin/../lib/gcc/arm-none-eabi/9.3.1/../../../../arm-none-eabi/lib/thumb/v7e-m+dp/hard\libc_nano.a(lib_a-fwalk.o)
                0x0000000008010870                _fwalk_reent
 .text.__retarget_lock_init_recursive
                0x00000000080108ae        0x2 c:/st/stm32cubeide_1.7.0/stm32cubeide/plugins/com.st.stm32cube.ide.mcu.externaltools.gnu-tools-for-stm32.9-2020-q2-update.win32_2.0.0.202105311346/tools/bin/../lib/gcc/arm-none-eabi/9.3.1/../../../../arm-none-eabi/lib/thumb/v7e-m+dp/hard\libc_nano.a(lib_a-lock.o)
                0x00000000080108ae                __retarget_lock_init_recursive
 .text.__retarget_lock_acquire_recursive
                0x00000000080108b0        0x2 c:/st/stm32cubeide_1.7.0/stm32cubeide/plugins/com.st.stm32cube.ide.mcu.externaltools.gnu-tools-for-stm32.9-2020-q2-update.win32_2.0.0.202105311346/tools/bin/../lib/gcc/arm-none-eabi/9.3.1/../../../../arm-none-eabi/lib/thumb/v7e-m+dp/hard\libc_nano.a(lib_a-lock.o)
                0x00000000080108b0                __retarget_lock_acquire_recursive
 .text.__retarget_lock_release_recursive
                0x00000000080108b2        0x2 c:/st/stm32cubeide_1.7.0/stm32cubeide/plugins/com.st.stm32cube.ide.mcu.externaltools.gnu-tools-for-stm32.9-2020-q2-update.win32_2.0.0.202105311346/tools/bin/../lib/gcc/arm-none-eabi/9.3.1/../../../../arm-none-eabi/lib/thumb/v7e-m+dp/hard\libc_nano.a(lib_a-lock.o)
                0x00000000080108b2                __retarget_lock_release_recursive
 .text._malloc_r
                0x00000000080108b4       0xb4 c:/st/stm32cubeide_1.7.0/stm32cubeide/plugins/com.st.stm32cube.ide.mcu.externaltools.gnu-tools-for-stm32.9-2020-q2-update.win32_2.0.0.202105311346/tools/bin/../lib/gcc/arm-none-eabi/9.3.1/../../../../arm-none-eabi/lib/thumb/v7e-m+dp/hard\libc_nano.a(lib_a-nano-mallocr.o)
                0x00000000080108b4                _malloc_r
 .text.__sfputc_r
                0x0000000008010968       0x2e c:/st/stm32cubeide_1.7.0/stm32cubeide/plugins/com.st.stm32cube.ide.mcu.externaltools.gnu-tools-for-stm32.9-2020-q2-update.win32_2.0.0.202105311346/tools/bin/../lib/gcc/arm-none-eabi/9.3.1/../../../../arm-none-eabi/lib/thumb/v7e-m+dp/hard\libc_nano.a(lib_a-nano-vfprintf.o)
 .text.__sfputs_r
                0x0000000008010996       0x24 c:/st/stm32cubeide_1.7.0/stm32cubeide/plugins/com.st.stm32cube.ide.mcu.externaltools.gnu-tools-for-stm32.9-2020-q2-update.win32_2.0.0.202105311346/tools/bin/../lib/gcc/arm-none-eabi/9.3.1/../../../../arm-none-eabi/lib/thumb/v7e-m+dp/hard\libc_nano.a(lib_a-nano-vfprintf.o)
                0x0000000008010996                __sfputs_r
 *fill*         0x00000000080109ba        0x2 
 .text._vfprintf_r
                0x00000000080109bc      0x260 c:/st/stm32cubeide_1.7.0/stm32cubeide/plugins/com.st.stm32cube.ide.mcu.externaltools.gnu-tools-for-stm32.9-2020-q2-update.win32_2.0.0.202105311346/tools/bin/../lib/gcc/arm-none-eabi/9.3.1/../../../../arm-none-eabi/lib/thumb/v7e-m+dp/hard\libc_nano.a(lib_a-nano-vfprintf.o)
                0x00000000080109bc                _vfprintf_r
                0x00000000080109bc                _vfiprintf_r
 .text._printf_common
                0x0000000008010c1c       0xda c:/st/stm32cubeide_1.7.0/stm32cubeide/plugins/com.st.stm32cube.ide.mcu.externaltools.gnu-tools-for-stm32.9-2020-q2-update.win32_2.0.0.202105311346/tools/bin/../lib/gcc/arm-none-eabi/9.3.1/../../../../arm-none-eabi/lib/thumb/v7e-m+dp/hard\libc_nano.a(lib_a-nano-vfprintf_i.o)
                0x0000000008010c1c                _printf_common
 *fill*         0x0000000008010cf6        0x2 
 .text._printf_i
                0x0000000008010cf8      0x24c c:/st/stm32cubeide_1.7.0/stm32cubeide/plugins/com.st.stm32cube.ide.mcu.externaltools.gnu-tools-for-stm32.9-2020-q2-update.win32_2.0.0.202105311346/tools/bin/../lib/gcc/arm-none-eabi/9.3.1/../../../../arm-none-eabi/lib/thumb/v7e-m+dp/hard\libc_nano.a(lib_a-nano-vfprintf_i.o)
                0x0000000008010cf8                _printf_i
 .text._sbrk_r  0x0000000008010f44       0x20 c:/st/stm32cubeide_1.7.0/stm32cubeide/plugins/com.st.stm32cube.ide.mcu.externaltools.gnu-tools-for-stm32.9-2020-q2-update.win32_2.0.0.202105311346/tools/bin/../lib/gcc/arm-none-eabi/9.3.1/../../../../arm-none-eabi/lib/thumb/v7e-m+dp/hard\libc_nano.a(lib_a-sbrkr.o)
                0x0000000008010f44                _sbrk_r
 .text.__sread  0x0000000008010f64       0x22 c:/st/stm32cubeide_1.7.0/stm32cubeide/plugins/com.st.stm32cube.ide.mcu.externaltools.gnu-tools-for-stm32.9-2020-q2-update.win32_2.0.0.202105311346/tools/bin/../lib/gcc/arm-none-eabi/9.3.1/../../../../arm-none-eabi/lib/thumb/v7e-m+dp/hard\libc_nano.a(lib_a-stdio.o)
                0x0000000008010f64                __sread
 .text.__swrite
                0x0000000008010f86       0x38 c:/st/stm32cubeide_1.7.0/stm32cubeide/plugins/com.st.stm32cube.ide.mcu.externaltools.gnu-tools-for-stm32.9-2020-q2-update.win32_2.0.0.202105311346/tools/bin/../lib/gcc/arm-none-eabi/9.3.1/../../../../arm-none-eabi/lib/thumb/v7e-m+dp/hard\libc_nano.a(lib_a-stdio.o)
                0x0000000008010f86                __swrite
 .text.__sseek  0x0000000008010fbe       0x24 c:/st/stm32cubeide_1.7.0/stm32cubeide/plugins/com.st.stm32cube.ide.mcu.externaltools.gnu-tools-for-stm32.9-2020-q2-update.win32_2.0.0.202105311346/tools/bin/../lib/gcc/arm-none-eabi/9.3.1/../../../../arm-none-eabi/lib/thumb/v7e-m+dp/hard\libc_nano.a(lib_a-stdio.o)
                0x0000000008010fbe                __sseek
 .text.__sclose
                0x0000000008010fe2        0x8 c:/st/stm32cubeide_1.7.0/stm32cubeide/plugins/com.st.stm32cube.ide.mcu.externaltools.gnu-tools-for-stm32.9-2020-q2-update.win32_2.0.0.202105311346/tools/bin/../lib/gcc/arm-none-eabi/9.3.1/../../../../arm-none-eabi/lib/thumb/v7e-m+dp/hard\libc_nano.a(lib_a-stdio.o)
                0x0000000008010fe2                __sclose
 *fill*         0x0000000008010fea        0x2 
 .text.__swbuf_r
                0x0000000008010fec       0xa4 c:/st/stm32cubeide_1.7.0/stm32cubeide/plugins/com.st.stm32cube.ide.mcu.externaltools.gnu-tools-for-stm32.9-2020-q2-update.win32_2.0.0.202105311346/tools/bin/../lib/gcc/arm-none-eabi/9.3.1/../../../../arm-none-eabi/lib/thumb/v7e-m+dp/hard\libc_nano.a(lib_a-wbuf.o)
                0x0000000008010fec                __swbuf_r
 .text._write_r
                0x0000000008011090       0x24 c:/st/stm32cubeide_1.7.0/stm32cubeide/plugins/com.st.stm32cube.ide.mcu.externaltools.gnu-tools-for-stm32.9-2020-q2-update.win32_2.0.0.202105311346/tools/bin/../lib/gcc/arm-none-eabi/9.3.1/../../../../arm-none-eabi/lib/thumb/v7e-m+dp/hard\libc_nano.a(lib_a-writer.o)
                0x0000000008011090                _write_r
 .text.__swsetup_r
                0x00000000080110b4       0xdc c:/st/stm32cubeide_1.7.0/stm32cubeide/plugins/com.st.stm32cube.ide.mcu.externaltools.gnu-tools-for-stm32.9-2020-q2-update.win32_2.0.0.202105311346/tools/bin/../lib/gcc/arm-none-eabi/9.3.1/../../../../arm-none-eabi/lib/thumb/v7e-m+dp/hard\libc_nano.a(lib_a-wsetup.o)
                0x00000000080110b4                __swsetup_r
 .text._close_r
                0x0000000008011190       0x20 c:/st/stm32cubeide_1.7.0/stm32cubeide/plugins/com.st.stm32cube.ide.mcu.externaltools.gnu-tools-for-stm32.9-2020-q2-update.win32_2.0.0.202105311346/tools/bin/../lib/gcc/arm-none-eabi/9.3.1/../../../../arm-none-eabi/lib/thumb/v7e-m+dp/hard\libc_nano.a(lib_a-closer.o)
                0x0000000008011190                _close_r
 .text.__sflush_r
                0x00000000080111b0      0x10c c:/st/stm32cubeide_1.7.0/stm32cubeide/plugins/com.st.stm32cube.ide.mcu.externaltools.gnu-tools-for-stm32.9-2020-q2-update.win32_2.0.0.202105311346/tools/bin/../lib/gcc/arm-none-eabi/9.3.1/../../../../arm-none-eabi/lib/thumb/v7e-m+dp/hard\libc_nano.a(lib_a-fflush.o)
                0x00000000080111b0                __sflush_r
 .text._fflush_r
                0x00000000080112bc       0x78 c:/st/stm32cubeide_1.7.0/stm32cubeide/plugins/com.st.stm32cube.ide.mcu.externaltools.gnu-tools-for-stm32.9-2020-q2-update.win32_2.0.0.202105311346/tools/bin/../lib/gcc/arm-none-eabi/9.3.1/../../../../arm-none-eabi/lib/thumb/v7e-m+dp/hard\libc_nano.a(lib_a-fflush.o)
                0x00000000080112bc                _fflush_r
 .text._lseek_r
                0x0000000008011334       0x24 c:/st/stm32cubeide_1.7.0/stm32cubeide/plugins/com.st.stm32cube.ide.mcu.externaltools.gnu-tools-for-stm32.9-2020-q2-update.win32_2.0.0.202105311346/tools/bin/../lib/gcc/arm-none-eabi/9.3.1/../../../../arm-none-eabi/lib/thumb/v7e-m+dp/hard\libc_nano.a(lib_a-lseekr.o)
                0x0000000008011334                _lseek_r
 .text.__swhatbuf_r
                0x0000000008011358       0x48 c:/st/stm32cubeide_1.7.0/stm32cubeide/plugins/com.st.stm32cube.ide.mcu.externaltools.gnu-tools-for-stm32.9-2020-q2-update.win32_2.0.0.202105311346/tools/bin/../lib/gcc/arm-none-eabi/9.3.1/../../../../arm-none-eabi/lib/thumb/v7e-m+dp/hard\libc_nano.a(lib_a-makebuf.o)
                0x0000000008011358                __swhatbuf_r
 .text.__smakebuf_r
                0x00000000080113a0       0x80 c:/st/stm32cubeide_1.7.0/stm32cubeide/plugins/com.st.stm32cube.ide.mcu.externaltools.gnu-tools-for-stm32.9-2020-q2-update.win32_2.0.0.202105311346/tools/bin/../lib/gcc/arm-none-eabi/9.3.1/../../../../arm-none-eabi/lib/thumb/v7e-m+dp/hard\libc_nano.a(lib_a-makebuf.o)
                0x00000000080113a0                __smakebuf_r
 .text.__malloc_lock
                0x0000000008011420        0xc c:/st/stm32cubeide_1.7.0/stm32cubeide/plugins/com.st.stm32cube.ide.mcu.externaltools.gnu-tools-for-stm32.9-2020-q2-update.win32_2.0.0.202105311346/tools/bin/../lib/gcc/arm-none-eabi/9.3.1/../../../../arm-none-eabi/lib/thumb/v7e-m+dp/hard\libc_nano.a(lib_a-mlock.o)
                0x0000000008011420                __malloc_lock
 .text.__malloc_unlock
                0x000000000801142c        0xc c:/st/stm32cubeide_1.7.0/stm32cubeide/plugins/com.st.stm32cube.ide.mcu.externaltools.gnu-tools-for-stm32.9-2020-q2-update.win32_2.0.0.202105311346/tools/bin/../lib/gcc/arm-none-eabi/9.3.1/../../../../arm-none-eabi/lib/thumb/v7e-m+dp/hard\libc_nano.a(lib_a-mlock.o)
                0x000000000801142c                __malloc_unlock
 .text._free_r  0x0000000008011438       0xa0 c:/st/stm32cubeide_1.7.0/stm32cubeide/plugins/com.st.stm32cube.ide.mcu.externaltools.gnu-tools-for-stm32.9-2020-q2-update.win32_2.0.0.202105311346/tools/bin/../lib/gcc/arm-none-eabi/9.3.1/../../../../arm-none-eabi/lib/thumb/v7e-m+dp/hard\libc_nano.a(lib_a-nano-freer.o)
                0x0000000008011438                _free_r
 .text._read_r  0x00000000080114d8       0x24 c:/st/stm32cubeide_1.7.0/stm32cubeide/plugins/com.st.stm32cube.ide.mcu.externaltools.gnu-tools-for-stm32.9-2020-q2-update.win32_2.0.0.202105311346/tools/bin/../lib/gcc/arm-none-eabi/9.3.1/../../../../arm-none-eabi/lib/thumb/v7e-m+dp/hard\libc_nano.a(lib_a-readr.o)
                0x00000000080114d8                _read_r
 .text._fstat_r
                0x00000000080114fc       0x24 c:/st/stm32cubeide_1.7.0/stm32cubeide/plugins/com.st.stm32cube.ide.mcu.externaltools.gnu-tools-for-stm32.9-2020-q2-update.win32_2.0.0.202105311346/tools/bin/../lib/gcc/arm-none-eabi/9.3.1/../../../../arm-none-eabi/lib/thumb/v7e-m+dp/hard\libc_nano.a(lib_a-fstatr.o)
                0x00000000080114fc                _fstat_r
 .text._isatty_r
                0x0000000008011520       0x20 c:/st/stm32cubeide_1.7.0/stm32cubeide/plugins/com.st.stm32cube.ide.mcu.externaltools.gnu-tools-for-stm32.9-2020-q2-update.win32_2.0.0.202105311346/tools/bin/../lib/gcc/arm-none-eabi/9.3.1/../../../../arm-none-eabi/lib/thumb/v7e-m+dp/hard\libc_nano.a(lib_a-isattyr.o)
                0x0000000008011520                _isatty_r
 *(.glue_7)
 .glue_7        0x0000000008011540        0x0 linker stubs
 *(.glue_7t)
 .glue_7t       0x0000000008011540        0x0 linker stubs
 *(.eh_frame)
 .eh_frame      0x0000000008011540        0x0 c:/st/stm32cubeide_1.7.0/stm32cubeide/plugins/com.st.stm32cube.ide.mcu.externaltools.gnu-tools-for-stm32.9-2020-q2-update.win32_2.0.0.202105311346/tools/bin/../lib/gcc/arm-none-eabi/9.3.1/thumb/v7e-m+dp/hard/crtbegin.o
 *(.init)
 .init          0x0000000008011540        0x4 c:/st/stm32cubeide_1.7.0/stm32cubeide/plugins/com.st.stm32cube.ide.mcu.externaltools.gnu-tools-for-stm32.9-2020-q2-update.win32_2.0.0.202105311346/tools/bin/../lib/gcc/arm-none-eabi/9.3.1/thumb/v7e-m+dp/hard/crti.o
                0x0000000008011540                _init
 .init          0x0000000008011544        0x8 c:/st/stm32cubeide_1.7.0/stm32cubeide/plugins/com.st.stm32cube.ide.mcu.externaltools.gnu-tools-for-stm32.9-2020-q2-update.win32_2.0.0.202105311346/tools/bin/../lib/gcc/arm-none-eabi/9.3.1/thumb/v7e-m+dp/hard/crtn.o
 *(.fini)
 .fini          0x000000000801154c        0x4 c:/st/stm32cubeide_1.7.0/stm32cubeide/plugins/com.st.stm32cube.ide.mcu.externaltools.gnu-tools-for-stm32.9-2020-q2-update.win32_2.0.0.202105311346/tools/bin/../lib/gcc/arm-none-eabi/9.3.1/thumb/v7e-m+dp/hard/crti.o
                0x000000000801154c                _fini
 .fini          0x0000000008011550        0x8 c:/st/stm32cubeide_1.7.0/stm32cubeide/plugins/com.st.stm32cube.ide.mcu.externaltools.gnu-tools-for-stm32.9-2020-q2-update.win32_2.0.0.202105311346/tools/bin/../lib/gcc/arm-none-eabi/9.3.1/thumb/v7e-m+dp/hard/crtn.o
                0x0000000008011558                . = ALIGN (0x4)
                0x0000000008011558                _etext = .

.vfp11_veneer   0x0000000008011558        0x0
 .vfp11_veneer  0x0000000008011558        0x0 linker stubs

.v4_bx          0x0000000008011558        0x0
 .v4_bx         0x0000000008011558        0x0 linker stubs

.iplt           0x0000000008011558        0x0
 .iplt          0x0000000008011558        0x0 c:/st/stm32cubeide_1.7.0/stm32cubeide/plugins/com.st.stm32cube.ide.mcu.externaltools.gnu-tools-for-stm32.9-2020-q2-update.win32_2.0.0.202105311346/tools/bin/../lib/gcc/arm-none-eabi/9.3.1/thumb/v7e-m+dp/hard/crtbegin.o

.rodata         0x0000000008011558      0x23c
                0x0000000008011558                . = ALIGN (0x4)
 *(.rodata)
 .rodata        0x0000000008011558       0xf7 ./Core/Src/main.o
 *fill*         0x000000000801164f        0x1 
 .rodata        0x0000000008011650       0x4c ./Drivers/STM32H7xx_HAL_Driver/Src/stm32h7xx_hal_fdcan.o
 .rodata        0x000000000801169c       0x46 ./USB_DEVICE/App/usbd_desc.o
 *(.rodata*)
 *fill*         0x00000000080116e2        0x2 
 .rodata.D1CorePrescTable
                0x00000000080116e4       0x10 ./Core/Src/system_stm32h7xx.o
                0x00000000080116e4                D1CorePrescTable
 .rodata.flagBitshiftOffset.12651
                0x00000000080116f4        0x8 ./Drivers/STM32H7xx_HAL_Driver/Src/stm32h7xx_hal_dma.o
 .rodata._global_impure_ptr
                0x00000000080116fc        0x4 c:/st/stm32cubeide_1.7.0/stm32cubeide/plugins/com.st.stm32cube.ide.mcu.externaltools.gnu-tools-for-stm32.9-2020-q2-update.win32_2.0.0.202105311346/tools/bin/../lib/gcc/arm-none-eabi/9.3.1/../../../../arm-none-eabi/lib/thumb/v7e-m+dp/hard\libc_nano.a(lib_a-impure.o)
                0x00000000080116fc                _global_impure_ptr
 .rodata.__sf_fake_stderr
                0x0000000008011700       0x20 c:/st/stm32cubeide_1.7.0/stm32cubeide/plugins/com.st.stm32cube.ide.mcu.externaltools.gnu-tools-for-stm32.9-2020-q2-update.win32_2.0.0.202105311346/tools/bin/../lib/gcc/arm-none-eabi/9.3.1/../../../../arm-none-eabi/lib/thumb/v7e-m+dp/hard\libc_nano.a(lib_a-findfp.o)
                0x0000000008011700                __sf_fake_stderr
 .rodata.__sf_fake_stdin
                0x0000000008011720       0x20 c:/st/stm32cubeide_1.7.0/stm32cubeide/plugins/com.st.stm32cube.ide.mcu.externaltools.gnu-tools-for-stm32.9-2020-q2-update.win32_2.0.0.202105311346/tools/bin/../lib/gcc/arm-none-eabi/9.3.1/../../../../arm-none-eabi/lib/thumb/v7e-m+dp/hard\libc_nano.a(lib_a-findfp.o)
                0x0000000008011720                __sf_fake_stdin
 .rodata.__sf_fake_stdout
                0x0000000008011740       0x20 c:/st/stm32cubeide_1.7.0/stm32cubeide/plugins/com.st.stm32cube.ide.mcu.externaltools.gnu-tools-for-stm32.9-2020-q2-update.win32_2.0.0.202105311346/tools/bin/../lib/gcc/arm-none-eabi/9.3.1/../../../../arm-none-eabi/lib/thumb/v7e-m+dp/hard\libc_nano.a(lib_a-findfp.o)
                0x0000000008011740                __sf_fake_stdout
 .rodata._vfprintf_r.str1.1
                0x0000000008011760       0x11 c:/st/stm32cubeide_1.7.0/stm32cubeide/plugins/com.st.stm32cube.ide.mcu.externaltools.gnu-tools-for-stm32.9-2020-q2-update.win32_2.0.0.202105311346/tools/bin/../lib/gcc/arm-none-eabi/9.3.1/../../../../arm-none-eabi/lib/thumb/v7e-m+dp/hard\libc_nano.a(lib_a-nano-vfprintf.o)
 .rodata._printf_i.str1.1
                0x0000000008011771       0x22 c:/st/stm32cubeide_1.7.0/stm32cubeide/plugins/com.st.stm32cube.ide.mcu.externaltools.gnu-tools-for-stm32.9-2020-q2-update.win32_2.0.0.202105311346/tools/bin/../lib/gcc/arm-none-eabi/9.3.1/../../../../arm-none-eabi/lib/thumb/v7e-m+dp/hard\libc_nano.a(lib_a-nano-vfprintf_i.o)
                0x0000000008011794                . = ALIGN (0x4)
 *fill*         0x0000000008011793        0x1 

.rel.dyn        0x0000000008011794        0x0
 .rel.iplt      0x0000000008011794        0x0 c:/st/stm32cubeide_1.7.0/stm32cubeide/plugins/com.st.stm32cube.ide.mcu.externaltools.gnu-tools-for-stm32.9-2020-q2-update.win32_2.0.0.202105311346/tools/bin/../lib/gcc/arm-none-eabi/9.3.1/thumb/v7e-m+dp/hard/crtbegin.o

.ARM.extab
 *(.ARM.extab* .gnu.linkonce.armextab.*)

.ARM            0x0000000008011794        0x0
                0x0000000008011794                __exidx_start = .
 *(.ARM.exidx*)
                0x0000000008011794                __exidx_end = .

.preinit_array  0x0000000008011794        0x0
                0x0000000008011794                PROVIDE (__preinit_array_start = .)
 *(.preinit_array*)
                0x0000000008011794                PROVIDE (__preinit_array_end = .)

.init_array     0x0000000008011794        0x4
                0x0000000008011794                PROVIDE (__init_array_start = .)
 *(SORT_BY_NAME(.init_array.*))
 *(.init_array*)
 .init_array    0x0000000008011794        0x4 c:/st/stm32cubeide_1.7.0/stm32cubeide/plugins/com.st.stm32cube.ide.mcu.externaltools.gnu-tools-for-stm32.9-2020-q2-update.win32_2.0.0.202105311346/tools/bin/../lib/gcc/arm-none-eabi/9.3.1/thumb/v7e-m+dp/hard/crtbegin.o
                0x0000000008011798                PROVIDE (__init_array_end = .)

.fini_array     0x0000000008011798        0x4
                [!provide]                        PROVIDE (__fini_array_start = .)
 *(SORT_BY_NAME(.fini_array.*))
 *(.fini_array*)
 .fini_array    0x0000000008011798        0x4 c:/st/stm32cubeide_1.7.0/stm32cubeide/plugins/com.st.stm32cube.ide.mcu.externaltools.gnu-tools-for-stm32.9-2020-q2-update.win32_2.0.0.202105311346/tools/bin/../lib/gcc/arm-none-eabi/9.3.1/thumb/v7e-m+dp/hard/crtbegin.o
                [!provide]                        PROVIDE (__fini_array_end = .)
                0x000000000801179c                _sidata = LOADADDR (.data)

.data           0x0000000024000000      0x168 load address 0x000000000801179c
                0x0000000024000000                . = ALIGN (0x4)
                0x0000000024000000                _sdata = .
 *(.data)
 *(.data*)
 .data.LO_FREQ  0x0000000024000000        0x4 ./Core/Src/main.o
                0x0000000024000000                LO_FREQ
 .data.SystemCoreClock
                0x0000000024000004        0x4 ./Core/Src/system_stm32h7xx.o
                0x0000000024000004                SystemCoreClock
 .data.SystemD2Clock
                0x0000000024000008        0x4 ./Core/Src/system_stm32h7xx.o
                0x0000000024000008                SystemD2Clock
 .data.uwTickPrio