main.c:79:6:write_register	16	static
main.c:90:6:write_register_2	24	static
main.c:103:9:read_register	64	static
main.c:116:6:demod_set_vco	32	static
main.c:145:9:demod_is_locked_2	8	static
main.c:149:6:configureRadio	24	static
main.c:324:5:main	16	static
main.c:402:6:SystemClock_Config	120	static
main.c:465:13:MX_ADC1_Init	48	static
main.c:534:13:MX_ADC2_Init	40	static
main.c:590:13:MX_ADC3_Init	40	static
main.c:649:13:MX_FDCAN1_Init	8	static
main.c:702:13:MX_FDCAN2_Init	8	static
main.c:755:13:MX_I2C1_Init	8	static
main.c:803:13:MX_I2C4_Init	8	static
main.c:851:13:MX_SPI2_Init	8	static
main.c:899:13:MX_TIM1_Init	112	static
main.c:977:13:MX_DMA_Init	16	static
main.c:995:13:MX_GPIO_Init	64	static
main.c:1173:6:Error_Handler	4	static,ignoring_inline_asm
