main.c:93:5:main	16	static
main.c:168:6:SystemClock_Config	120	static
main.c:231:13:MX_ADC1_Init	48	static
main.c:300:13:MX_ADC2_Init	40	static
main.c:356:13:MX_ADC3_Init	40	static
main.c:415:13:MX_FDCAN1_Init	8	static
main.c:468:13:MX_FDCAN2_Init	8	static
main.c:521:13:MX_I2C1_Init	8	static
main.c:569:13:MX_I2C4_Init	8	static
main.c:617:13:MX_SPI2_Init	8	static
main.c:665:13:MX_TIM1_Init	112	static
main.c:743:13:MX_DMA_Init	16	static
main.c:761:13:MX_GPIO_Init	64	static
main.c:939:6:Error_Handler	4	static,ignoring_inline_asm
